I0116 18:58:59.918665  2072 master_component.cc:1471] NormalizeModelArgs: pwt_target_name=pwt, nwt_source_name=nwt, rwt_source_name=rwt
I0116 18:58:59.918665  2072 master_component.cc:1013] MasterComponent: start normalizing model nwt
I0116 18:59:00.020638  2072 master_component.cc:1043] MasterComponent: complete normalizing model nwt
I0116 18:59:00.136524  2072 master_component.cc:1495] DisposeModel rwt
I0116 18:59:00.145516  2072 master_component.cc:1071] FitOffline: ItemsProcessed, num_items=1728, num_batches=2, token_weight=808522, token_weight_in_effect=808522
I0116 18:59:00.145516  2072 c_interface.cc:389] Pass FitOfflineMasterModelArgs, batch_filename_size=2, batch_weight_size=2, num_collection_passes=1, reset_nwt=yes to void (__cdecl artm::core::MasterComponent::*)(class artm::FitOfflineMasterModelArgs const & __ptr64) __ptr64
I0116 18:59:00.145516  2072 master_component.cc:1420] ProcessBatchesArgs: nwt_target_name=nwt, batch_filename_size=2, batch_size=0, batch_weight_size=2, pwt_source_name=pwt, num_document_passes=10, regularizer=(name:SparsePhi_bcg, tau:100000), reuse_theta=no, opt_for_avx=yes, predict_class_id=, reset_nwt=yes
I0116 18:59:00.168655  9120 processor.cc:81] Processing queue has data, processing started
I0116 18:59:00.168655 12172 processor.cc:81] Processing queue has data, processing started
I0116 18:59:00.194643  9120 processor.cc:158] Processor: start processing batch 0dc09134-4302-4adf-a690-a0e4c158a005 into model nwt
I0116 18:59:00.216519 12172 processor.cc:158] Processor: start processing batch 3ce3cf84-7e82-4f51-b038-34f48fcaac0d into model nwt
I0116 18:59:00.624050  9120 processor.cc:293] Processor: complete processing batch 0dc09134-4302-4adf-a690-a0e4c158a005 into model nwt
I0116 18:59:00.628065  9120 cuckoo_watch.h:45] 459ms in ProcessBatch(batches\aaaaaa.batch) [including 26ms in LoadMessage; 0ms in InitializeTheta; 0ms in CreateRegularizerAgents; 17ms in InitializeSparseNdw; 271ms in InferThetaAndUpdateNwtSparse; 1ms in UpdateCacheEntry; 138ms in CalculateScore(^^^ItemsProcessedScore^^^); ]
I0116 18:59:00.679037  9120 processor.cc:74] No data in processing queue, waiting...
I0116 18:59:01.061803 12172 processor.cc:293] Processor: complete processing batch 3ce3cf84-7e82-4f51-b038-34f48fcaac0d into model nwt
I0116 18:59:01.067795 12172 cuckoo_watch.h:45] 899ms in ProcessBatch(batches\aaaaab.batch) [including 48ms in LoadMessage; 0ms in InitializeTheta; 0ms in CreateRegularizerAgents; 46ms in InitializeSparseNdw; 556ms in InferThetaAndUpdateNwtSparse; 0ms in UpdateCacheEntry; 240ms in CalculateScore(^^^ItemsProcessedScore^^^); ]
I0116 18:59:01.068866  2072 master_component.cc:1458] RegularizeModelArgs: rwt_target_name=rwt, pwt_source_name=pwt, nwt_source_name=nwt
I0116 18:59:01.068866  2072 master_component.cc:981] MasterComponent: start regularizing model pwt
I0116 18:59:01.113768 12172 processor.cc:74] No data in processing queue, waiting...
I0116 18:59:01.145750  2072 master_component.cc:1009] MasterComponent: complete regularizing model pwt
I0116 18:59:01.145750  2072 master_component.cc:1495] DisposeModel pwt
I0116 18:59:01.156744  2072 master_component.cc:1471] NormalizeModelArgs: pwt_target_name=pwt, nwt_source_name=nwt, rwt_source_name=rwt
I0116 18:59:01.156744  2072 master_component.cc:1013] MasterComponent: start normalizing model nwt
I0116 18:59:01.252689  2072 master_component.cc:1043] MasterComponent: complete normalizing model nwt
I0116 18:59:01.367624  2072 master_component.cc:1495] DisposeModel rwt
I0116 18:59:01.376616  2072 master_component.cc:1071] FitOffline: ItemsProcessed, num_items=1728, num_batches=2, token_weight=808522, token_weight_in_effect=808522
I0116 18:59:01.377616  2072 c_interface.cc:389] Pass FitOfflineMasterModelArgs, batch_filename_size=2, batch_weight_size=2, num_collection_passes=1, reset_nwt=yes to void (__cdecl artm::core::MasterComponent::*)(class artm::FitOfflineMasterModelArgs const & __ptr64) __ptr64
I0116 18:59:01.377616  2072 master_component.cc:1420] ProcessBatchesArgs: nwt_target_name=nwt, batch_filename_size=2, batch_size=0, batch_weight_size=2, pwt_source_name=pwt, num_document_passes=10, regularizer=(name:SparsePhi_bcg, tau:100000), reuse_theta=no, opt_for_avx=yes, predict_class_id=, reset_nwt=yes
I0116 18:59:01.398624  9120 processor.cc:81] Processing queue has data, processing started
I0116 18:59:01.400622 10196 processor.cc:81] Processing queue has data, processing started
I0116 18:59:01.428508  9120 processor.cc:158] Processor: start processing batch 0dc09134-4302-4adf-a690-a0e4c158a005 into model nwt
I0116 18:59:01.458510 10196 processor.cc:158] Processor: start processing batch 3ce3cf84-7e82-4f51-b038-34f48fcaac0d into model nwt
I0116 18:59:01.916133  9120 processor.cc:293] Processor: complete processing batch 0dc09134-4302-4adf-a690-a0e4c158a005 into model nwt
I0116 18:59:01.919129  9120 cuckoo_watch.h:45] 520ms in ProcessBatch(batches\aaaaaa.batch) [including 30ms in LoadMessage; 0ms in InitializeTheta; 0ms in CreateRegularizerAgents; 24ms in InitializeSparseNdw; 310ms in InferThetaAndUpdateNwtSparse; 0ms in UpdateCacheEntry; 150ms in CalculateScore(^^^ItemsProcessedScore^^^); ]
I0116 18:59:01.959131  9120 processor.cc:74] No data in processing queue, waiting...
I0116 18:59:02.328037 10196 processor.cc:293] Processor: complete processing batch 3ce3cf84-7e82-4f51-b038-34f48fcaac0d into model nwt
I0116 18:59:02.335052 10196 cuckoo_watch.h:45] 934ms in ProcessBatch(batches\aaaaab.batch) [including 58ms in LoadMessage; 0ms in InitializeTheta; 0ms in CreateRegularizerAgents; 57ms in InitializeSparseNdw; 572ms in InferThetaAndUpdateNwtSparse; 0ms in UpdateCacheEntry; 238ms in CalculateScore(^^^ItemsProcessedScore^^^); ]
I0116 18:59:02.337139  2072 master_component.cc:1458] RegularizeModelArgs: rwt_target_name=rwt, pwt_source_name=pwt, nwt_source_name=nwt
I0116 18:59:02.337139  2072 master_component.cc:981] MasterComponent: start regularizing model pwt
I0116 18:59:02.386114 10196 processor.cc:74] No data in processing queue, waiting...
I0116 18:59:02.413185  2072 master_component.cc:1009] MasterComponent: complete regularizing model pwt
I0116 18:59:02.413185  2072 master_component.cc:1495] DisposeModel pwt
I0116 18:59:02.423182  2072 master_component.cc:1471] NormalizeModelArgs: pwt_target_name=pwt, nwt_source_name=nwt, rwt_source_name=rwt
I0116 18:59:02.423182  2072 master_component.cc:1013] MasterComponent: start normalizing model nwt
I0116 18:59:02.523142  2072 master_component.cc:1043] MasterComponent: complete normalizing model nwt
I0116 18:59:02.637171  2072 master_component.cc:1495] DisposeModel rwt
I0116 18:59:02.645169  2072 master_component.cc:1071] FitOffline: ItemsProcessed, num_items=1728, num_batches=2, token_weight=808522, token_weight_in_effect=808522
I0116 18:59:02.646169  2072 c_interface.cc:389] Pass FitOfflineMasterModelArgs, batch_filename_size=2, batch_weight_size=2, num_collection_passes=1, reset_nwt=yes to void (__cdecl artm::core::MasterComponent::*)(class artm::FitOfflineMasterModelArgs const & __ptr64) __ptr64
I0116 18:59:02.646169  2072 master_component.cc:1420] ProcessBatchesArgs: nwt_target_name=nwt, batch_filename_size=2, batch_size=0, batch_weight_size=2, pwt_source_name=pwt, num_document_passes=10, regularizer=(name:SparsePhi_bcg, tau:100000), reuse_theta=no, opt_for_avx=yes, predict_class_id=, reset_nwt=yes
I0116 18:59:02.668190  9120 processor.cc:81] Processing queue has data, processing started
I0116 18:59:02.668190 10196 processor.cc:81] Processing queue has data, processing started
I0116 18:59:02.690142  9120 processor.cc:158] Processor: start processing batch 0dc09134-4302-4adf-a690-a0e4c158a005 into model nwt
I0116 18:59:02.715126 10196 processor.cc:158] Processor: start processing batch 3ce3cf84-7e82-4f51-b038-34f48fcaac0d into model nwt
I0116 18:59:03.124120  9120 processor.cc:293] Processor: complete processing batch 0dc09134-4302-4adf-a690-a0e4c158a005 into model nwt
I0116 18:59:03.127120  9120 cuckoo_watch.h:45] 459ms in ProcessBatch(batches\aaaaaa.batch) [including 22ms in LoadMessage; 0ms in InitializeTheta; 0ms in CreateRegularizerAgents; 21ms in InitializeSparseNdw; 268ms in InferThetaAndUpdateNwtSparse; 1ms in UpdateCacheEntry; 141ms in CalculateScore(^^^ItemsProcessedScore^^^); ]
I0116 18:59:03.178112  9120 processor.cc:74] No data in processing queue, waiting...
I0116 18:59:03.554122 10196 processor.cc:293] Processor: complete processing batch 3ce3cf84-7e82-4f51-b038-34f48fcaac0d into model nwt
I0116 18:59:03.560120 10196 cuckoo_watch.h:45] 892ms in ProcessBatch(batches\aaaaab.batch) [including 46ms in LoadMessage; 0ms in InitializeTheta; 0ms in CreateRegularizerAgents; 40ms in InitializeSparseNdw; 557ms in InferThetaAndUpdateNwtSparse; 0ms in UpdateCacheEntry; 240ms in CalculateScore(^^^ItemsProcessedScore^^^); ]
I0116 18:59:03.561130  2072 master_component.cc:1458] RegularizeModelArgs: rwt_target_name=rwt, pwt_source_name=pwt, nwt_source_name=nwt
I0116 18:59:03.561130  2072 master_component.cc:981] MasterComponent: start regularizing model pwt
I0116 18:59:03.608150 10196 processor.cc:74] No data in processing queue, waiting...
I0116 18:59:03.638136  2072 master_component.cc:1009] MasterComponent: complete regularizing model pwt
I0116 18:59:03.638136  2072 master_component.cc:1495] DisposeModel pwt
I0116 18:59:03.647131  2072 master_component.cc:1471] NormalizeModelArgs: pwt_target_name=pwt, nwt_source_name=nwt, rwt_source_name=rwt
I0116 18:59:03.647131  2072 master_component.cc:1013] MasterComponent: start normalizing model nwt
I0116 18:59:03.742095  2072 master_component.cc:1043] MasterComponent: complete normalizing model nwt
I0116 18:59:03.857012  2072 master_component.cc:1495] DisposeModel rwt
I0116 18:59:03.866011  2072 master_component.cc:1071] FitOffline: ItemsProcessed, num_items=1728, num_batches=2, token_weight=808522, token_weight_in_effect=808522
I0116 18:59:03.866011  2072 c_interface.cc:389] Pass FitOfflineMasterModelArgs, batch_filename_size=2, batch_weight_size=2, num_collection_passes=1, reset_nwt=yes to void (__cdecl artm::core::MasterComponent::*)(class artm::FitOfflineMasterModelArgs const & __ptr64) __ptr64
I0116 18:59:03.867007  2072 master_component.cc:1420] ProcessBatchesArgs: nwt_target_name=nwt, batch_filename_size=2, batch_size=0, batch_weight_size=2, pwt_source_name=pwt, num_document_passes=10, regularizer=(name:SparsePhi_bcg, tau:100000), reuse_theta=no, opt_for_avx=yes, predict_class_id=, reset_nwt=yes
I0116 18:59:03.889231 12172 processor.cc:81] Processing queue has data, processing started
I0116 18:59:03.889231 10196 processor.cc:81] Processing queue has data, processing started
I0116 18:59:03.915144 10196 processor.cc:158] Processor: start processing batch 0dc09134-4302-4adf-a690-a0e4c158a005 into model nwt
I0116 18:59:03.938135 12172 processor.cc:158] Processor: start processing batch 3ce3cf84-7e82-4f51-b038-34f48fcaac0d into model nwt
I0116 18:59:04.335050 10196 processor.cc:293] Processor: complete processing batch 0dc09134-4302-4adf-a690-a0e4c158a005 into model nwt
I0116 18:59:04.338048 10196 cuckoo_watch.h:45] 449ms in ProcessBatch(batches\aaaaaa.batch) [including 26ms in LoadMessage; 0ms in InitializeTheta; 0ms in CreateRegularizerAgents; 20ms in InitializeSparseNdw; 269ms in InferThetaAndUpdateNwtSparse; 0ms in UpdateCacheEntry; 129ms in CalculateScore(^^^ItemsProcessedScore^^^); ]
I0116 18:59:04.385984 10196 processor.cc:74] No data in processing queue, waiting...
I0116 18:59:04.770007 12172 processor.cc:293] Processor: complete processing batch 3ce3cf84-7e82-4f51-b038-34f48fcaac0d into model nwt
I0116 18:59:04.776005 12172 cuckoo_watch.h:45] 887ms in ProcessBatch(batches\aaaaab.batch) [including 49ms in LoadMessage; 0ms in InitializeTheta; 0ms in CreateRegularizerAgents; 47ms in InitializeSparseNdw; 542ms in InferThetaAndUpdateNwtSparse; 0ms in UpdateCacheEntry; 239ms in CalculateScore(^^^ItemsProcessedScore^^^); ]
I0116 18:59:04.777098  2072 master_component.cc:1458] RegularizeModelArgs: rwt_target_name=rwt, pwt_source_name=pwt, nwt_source_name=nwt
I0116 18:59:04.777098  2072 master_component.cc:981] MasterComponent: start regularizing model pwt
I0116 18:59:04.820058 12172 processor.cc:74] No data in processing queue, waiting...
I0116 18:59:04.854058  2072 master_component.cc:1009] MasterComponent: complete regularizing model pwt
I0116 18:59:04.854058  2072 master_component.cc:1495] DisposeModel pwt
I0116 18:59:04.863034  2072 master_component.cc:1471] NormalizeModelArgs: pwt_target_name=pwt, nwt_source_name=nwt, rwt_source_name=rwt
I0116 18:59:04.863034  2072 master_component.cc:1013] MasterComponent: start normalizing model nwt
I0116 18:59:04.956058  2072 master_component.cc:1043] MasterComponent: complete normalizing model nwt
I0116 18:59:05.068069  2072 master_component.cc:1495] DisposeModel rwt
I0116 18:59:05.077150  2072 master_component.cc:1071] FitOffline: ItemsProcessed, num_items=1728, num_batches=2, token_weight=808522, token_weight_in_effect=808522
I0116 18:59:05.077150  2072 c_interface.cc:389] Pass FitOfflineMasterModelArgs, batch_filename_size=2, batch_weight_size=2, num_collection_passes=1, reset_nwt=yes to void (__cdecl artm::core::MasterComponent::*)(class artm::FitOfflineMasterModelArgs const & __ptr64) __ptr64
I0116 18:59:05.077150  2072 master_component.cc:1420] ProcessBatchesArgs: nwt_target_name=nwt, batch_filename_size=2, batch_size=0, batch_weight_size=2, pwt_source_name=pwt, num_document_passes=10, regularizer=(name:SparsePhi_bcg, tau:100000), reuse_theta=no, opt_for_avx=yes, predict_class_id=, reset_nwt=yes
I0116 18:59:05.101130 12172 processor.cc:81] Processing queue has data, processing started
I0116 18:59:05.101130  6600 processor.cc:81] Processing queue has data, processing started
I0116 18:59:05.124121  6600 processor.cc:158] Processor: start processing batch 0dc09134-4302-4adf-a690-a0e4c158a005 into model nwt
I0116 18:59:05.143112 12172 processor.cc:158] Processor: start processing batch 3ce3cf84-7e82-4f51-b038-34f48fcaac0d into model nwt
I0116 18:59:05.565176  6600 processor.cc:293] Processor: complete processing batch 0dc09134-4302-4adf-a690-a0e4c158a005 into model nwt
I0116 18:59:05.568153  6600 cuckoo_watch.h:45] 467ms in ProcessBatch(batches\aaaaaa.batch) [including 23ms in LoadMessage; 0ms in InitializeTheta; 0ms in CreateRegularizerAgents; 16ms in InitializeSparseNdw; 278ms in InferThetaAndUpdateNwtSparse; 0ms in UpdateCacheEntry; 145ms in CalculateScore(^^^ItemsProcessedScore^^^); ]
I0116 18:59:05.612131  6600 processor.cc:74] No data in processing queue, waiting...
I0116 18:59:06.000193 12172 processor.cc:293] Processor: complete processing batch 3ce3cf84-7e82-4f51-b038-34f48fcaac0d into model nwt
I0116 18:59:06.005208 12172 cuckoo_watch.h:45] 904ms in ProcessBatch(batches\aaaaab.batch) [including 42ms in LoadMessage; 0ms in InitializeTheta; 0ms in CreateRegularizerAgents; 47ms in InitializeSparseNdw; 564ms in InferThetaAndUpdateNwtSparse; 0ms in UpdateCacheEntry; 242ms in CalculateScore(^^^ItemsProcessedScore^^^); ]
I0116 18:59:06.007223  2072 master_component.cc:1458] RegularizeModelArgs: rwt_target_name=rwt, pwt_source_name=pwt, nwt_source_name=nwt
I0116 18:59:06.007223  2072 master_component.cc:981] MasterComponent: start regularizing model pwt
I0116 18:59:06.052181 12172 processor.cc:74] No data in processing queue, waiting...
I0116 18:59:06.082163  2072 master_component.cc:1009] MasterComponent: complete regularizing model pwt
I0116 18:59:06.082163  2072 master_component.cc:1495] DisposeModel pwt
I0116 18:59:06.091158  2072 master_component.cc:1471] NormalizeModelArgs: pwt_target_name=pwt, nwt_source_name=nwt, rwt_source_name=rwt
I0116 18:59:06.091158  2072 master_component.cc:1013] MasterComponent: start normalizing model nwt
I0116 18:59:06.186108  2072 master_component.cc:1043] MasterComponent: complete normalizing model nwt
I0116 18:59:06.295069  2072 master_component.cc:1495] DisposeModel rwt
I0116 18:59:06.304041  2072 master_component.cc:1071] FitOffline: ItemsProcessed, num_items=1728, num_batches=2, token_weight=808522, token_weight_in_effect=808522
I0116 18:59:06.304041  2072 c_interface.cc:389] Pass FitOfflineMasterModelArgs, batch_filename_size=2, batch_weight_size=2, num_collection_passes=1, reset_nwt=yes to void (__cdecl artm::core::MasterComponent::*)(class artm::FitOfflineMasterModelArgs const & __ptr64) __ptr64
I0116 18:59:06.304041  2072 master_component.cc:1420] ProcessBatchesArgs: nwt_target_name=nwt, batch_filename_size=2, batch_size=0, batch_weight_size=2, pwt_source_name=pwt, num_document_passes=10, regularizer=(name:SparsePhi_bcg, tau:100000), reuse_theta=no, opt_for_avx=yes, predict_class_id=, reset_nwt=yes
I0116 18:59:06.327064  6600 processor.cc:81] Processing queue has data, processing started
I0116 18:59:06.327064 12172 processor.cc:81] Processing queue has data, processing started
I0116 18:59:06.351014 12172 processor.cc:158] Processor: start processing batch 0dc09134-4302-4adf-a690-a0e4c158a005 into model nwt
I0116 18:59:06.374006  6600 processor.cc:158] Processor: start processing batch 3ce3cf84-7e82-4f51-b038-34f48fcaac0d into model nwt
I0116 18:59:06.751112 12172 processor.cc:293] Processor: complete processing batch 0dc09134-4302-4adf-a690-a0e4c158a005 into model nwt
I0116 18:59:06.754113 12172 cuckoo_watch.h:45] 427ms in ProcessBatch(batches\aaaaaa.batch) [including 24ms in LoadMessage; 0ms in InitializeTheta; 0ms in CreateRegularizerAgents; 19ms in InitializeSparseNdw; 251ms in InferThetaAndUpdateNwtSparse; 0ms in UpdateCacheEntry; 127ms in CalculateScore(^^^ItemsProcessedScore^^^); ]
I0116 18:59:06.791157 12172 processor.cc:74] No data in processing queue, waiting...
I0116 18:59:07.179934  6600 processor.cc:293] Processor: complete processing batch 3ce3cf84-7e82-4f51-b038-34f48fcaac0d into model nwt
I0116 18:59:07.185930  6600 cuckoo_watch.h:45] 858ms in ProcessBatch(batches\aaaaab.batch) [including 47ms in LoadMessage; 0ms in InitializeTheta; 0ms in CreateRegularizerAgents; 40ms in InitializeSparseNdw; 529ms in InferThetaAndUpdateNwtSparse; 0ms in UpdateCacheEntry; 234ms in CalculateScore(^^^ItemsProcessedScore^^^); ]
I0116 18:59:07.186983  2072 master_component.cc:1458] RegularizeModelArgs: rwt_target_name=rwt, pwt_source_name=pwt, nwt_source_name=nwt
I0116 18:59:07.186983  2072 master_component.cc:981] MasterComponent: start regularizing model pwt
I0116 18:59:07.225908  6600 processor.cc:74] No data in processing queue, waiting...
I0116 18:59:07.263886  2072 master_component.cc:1009] MasterComponent: complete regularizing model pwt
I0116 18:59:07.263886  2072 master_component.cc:1495] DisposeModel pwt
I0116 18:59:07.272902  2072 master_component.cc:1471] NormalizeModelArgs: pwt_target_name=pwt, nwt_source_name=nwt, rwt_source_name=rwt
I0116 18:59:07.272902  2072 master_component.cc:1013] MasterComponent: start normalizing model nwt
I0116 18:59:07.381821  2072 master_component.cc:1043] MasterComponent: complete normalizing model nwt
I0116 18:59:07.494755  2072 master_component.cc:1495] DisposeModel rwt
I0116 18:59:07.507750  2072 master_component.cc:1071] FitOffline: ItemsProcessed, num_items=1728, num_batches=2, token_weight=808522, token_weight_in_effect=808522
I0116 18:59:07.508749  2072 c_interface.cc:389] Pass FitOfflineMasterModelArgs, batch_filename_size=2, batch_weight_size=2, num_collection_passes=1, reset_nwt=yes to void (__cdecl artm::core::MasterComponent::*)(class artm::FitOfflineMasterModelArgs const & __ptr64) __ptr64
I0116 18:59:07.509748  2072 master_component.cc:1420] ProcessBatchesArgs: nwt_target_name=nwt, batch_filename_size=2, batch_size=0, batch_weight_size=2, pwt_source_name=pwt, num_document_passes=10, regularizer=(name:SparsePhi_bcg, tau:100000), reuse_theta=no, opt_for_avx=yes, predict_class_id=, reset_nwt=yes
I0116 18:59:07.545728  9120 processor.cc:81] Processing queue has data, processing started
I0116 18:59:07.549727  6600 processor.cc:81] Processing queue has data, processing started
I0116 18:59:07.597697  9120 processor.cc:158] Processor: start processing batch 0dc09134-4302-4adf-a690-a0e4c158a005 into model nwt
I0116 18:59:07.620683  6600 processor.cc:158] Processor: start processing batch 3ce3cf84-7e82-4f51-b038-34f48fcaac0d into model nwt
I0116 18:59:08.233332  9120 processor.cc:293] Processor: complete processing batch 0dc09134-4302-4adf-a690-a0e4c158a005 into model nwt
I0116 18:59:08.238329  9120 cuckoo_watch.h:45] 693ms in ProcessBatch(batches\aaaaaa.batch) [including 52ms in LoadMessage; 0ms in InitializeTheta; 0ms in CreateRegularizerAgents; 25ms in InitializeSparseNdw; 395ms in InferThetaAndUpdateNwtSparse; 1ms in UpdateCacheEntry; 213ms in CalculateScore(^^^ItemsProcessedScore^^^); ]
I0116 18:59:08.276309  9120 processor.cc:74] No data in processing queue, waiting...
I0116 18:59:08.722179  6600 processor.cc:293] Processor: complete processing batch 3ce3cf84-7e82-4f51-b038-34f48fcaac0d into model nwt
I0116 18:59:08.729176  6600 cuckoo_watch.h:45] 1179ms in ProcessBatch(batches\aaaaab.batch) [including 71ms in LoadMessage; 0ms in InitializeTheta; 0ms in CreateRegularizerAgents; 62ms in InitializeSparseNdw; 749ms in InferThetaAndUpdateNwtSparse; 0ms in UpdateCacheEntry; 288ms in CalculateScore(^^^ItemsProcessedScore^^^); ]
I0116 18:59:08.730190  2072 master_component.cc:1458] RegularizeModelArgs: rwt_target_name=rwt, pwt_source_name=pwt, nwt_source_name=nwt
I0116 18:59:08.730190  2072 master_component.cc:981] MasterComponent: start regularizing model pwt
I0116 18:59:08.765136  6600 processor.cc:74] No data in processing queue, waiting...
I0116 18:59:08.811107  2072 master_component.cc:1009] MasterComponent: complete regularizing model pwt
I0116 18:59:08.811107  2072 master_component.cc:1495] DisposeModel pwt
I0116 18:59:08.820106  2072 master_component.cc:1471] NormalizeModelArgs: pwt_target_name=pwt, nwt_source_name=nwt, rwt_source_name=rwt
I0116 18:59:08.820106  2072 master_component.cc:1013] MasterComponent: start normalizing model nwt
I0116 18:59:08.914057  2072 master_component.cc:1043] MasterComponent: complete normalizing model nwt
I0116 18:59:09.030988  2072 master_component.cc:1495] DisposeModel rwt
I0116 18:59:09.039983  2072 master_component.cc:1071] FitOffline: ItemsProcessed, num_items=1728, num_batches=2, token_weight=808522, token_weight_in_effect=808522
I0116 18:59:09.040983  2072 c_interface.cc:389] Pass FitOfflineMasterModelArgs, batch_filename_size=2, batch_weight_size=2, num_collection_passes=1, reset_nwt=yes to void (__cdecl artm::core::MasterComponent::*)(class artm::FitOfflineMasterModelArgs const & __ptr64) __ptr64
I0116 18:59:09.040983  2072 master_component.cc:1420] ProcessBatchesArgs: nwt_target_name=nwt, batch_filename_size=2, batch_size=0, batch_weight_size=2, pwt_source_name=pwt, num_document_passes=10, regularizer=(name:SparsePhi_bcg, tau:100000), reuse_theta=no, opt_for_avx=yes, predict_class_id=, reset_nwt=yes
I0116 18:59:09.064971 10196 processor.cc:81] Processing queue has data, processing started
I0116 18:59:09.064971 12172 processor.cc:81] Processing queue has data, processing started
I0116 18:59:09.089953 12172 processor.cc:158] Processor: start processing batch 0dc09134-4302-4adf-a690-a0e4c158a005 into model nwt
I0116 18:59:09.113947 10196 processor.cc:158] Processor: start processing batch 3ce3cf84-7e82-4f51-b038-34f48fcaac0d into model nwt
I0116 18:59:09.575265 12172 processor.cc:293] Processor: complete processing batch 0dc09134-4302-4adf-a690-a0e4c158a005 into model nwt
I0116 18:59:09.580262 12172 cuckoo_watch.h:45] 516ms in ProcessBatch(batches\aaaaaa.batch) [including 25ms in LoadMessage; 0ms in InitializeTheta; 0ms in CreateRegularizerAgents; 19ms in InitializeSparseNdw; 295ms in InferThetaAndUpdateNwtSparse; 1ms in UpdateCacheEntry; 169ms in CalculateScore(^^^ItemsProcessedScore^^^); ]
I0116 18:59:09.614243 12172 processor.cc:74] No data in processing queue, waiting...
I0116 18:59:10.051002 10196 processor.cc:293] Processor: complete processing batch 3ce3cf84-7e82-4f51-b038-34f48fcaac0d into model nwt
I0116 18:59:10.057996 10196 cuckoo_watch.h:45] 993ms in ProcessBatch(batches\aaaaab.batch) [including 49ms in LoadMessage; 0ms in InitializeTheta; 0ms in CreateRegularizerAgents; 45ms in InitializeSparseNdw; 620ms in InferThetaAndUpdateNwtSparse; 0ms in UpdateCacheEntry; 269ms in CalculateScore(^^^ItemsProcessedScore^^^); ]
I0116 18:59:10.059028  2072 master_component.cc:1458] RegularizeModelArgs: rwt_target_name=rwt, pwt_source_name=pwt, nwt_source_name=nwt
I0116 18:59:10.059028  2072 master_component.cc:981] MasterComponent: start regularizing model pwt
I0116 18:59:10.095973 10196 processor.cc:74] No data in processing queue, waiting...
I0116 18:59:10.135949  2072 master_component.cc:1009] MasterComponent: complete regularizing model pwt
I0116 18:59:10.135949  2072 master_component.cc:1495] DisposeModel pwt
I0116 18:59:10.144944  2072 master_component.cc:1471] NormalizeModelArgs: pwt_target_name=pwt, nwt_source_name=nwt, rwt_source_name=rwt
I0116 18:59:10.144944  2072 master_component.cc:1013] MasterComponent: start normalizing model nwt
I0116 18:59:10.237898  2072 master_component.cc:1043] MasterComponent: complete normalizing model nwt
I0116 18:59:10.348835  2072 master_component.cc:1495] DisposeModel rwt
I0116 18:59:10.357830  2072 master_component.cc:1071] FitOffline: ItemsProcessed, num_items=1728, num_batches=2, token_weight=808522, token_weight_in_effect=808522
I0116 18:59:10.357830  2072 c_interface.cc:389] Pass FitOfflineMasterModelArgs, batch_filename_size=2, batch_weight_size=2, num_collection_passes=1, reset_nwt=yes to void (__cdecl artm::core::MasterComponent::*)(class artm::FitOfflineMasterModelArgs const & __ptr64) __ptr64
I0116 18:59:10.357830  2072 master_component.cc:1420] ProcessBatchesArgs: nwt_target_name=nwt, batch_filename_size=2, batch_size=0, batch_weight_size=2, pwt_source_name=pwt, num_document_passes=10, regularizer=(name:SparsePhi_bcg, tau:100000), reuse_theta=no, opt_for_avx=yes, predict_class_id=, reset_nwt=yes
I0116 18:59:10.388864 10196 processor.cc:81] Processing queue has data, processing started
I0116 18:59:10.388864 12172 processor.cc:81] Processing queue has data, processing started
I0116 18:59:10.410332 12172 processor.cc:158] Processor: start processing batch 0dc09134-4302-4adf-a690-a0e4c158a005 into model nwt
I0116 18:59:10.431322 10196 processor.cc:158] Processor: start processing batch 3ce3cf84-7e82-4f51-b038-34f48fcaac0d into model nwt
I0116 18:59:10.854077 12172 processor.cc:293] Processor: complete processing batch 0dc09134-4302-4adf-a690-a0e4c158a005 into model nwt
I0116 18:59:10.858093 12172 cuckoo_watch.h:45] 470ms in ProcessBatch(batches\aaaaaa.batch) [including 22ms in LoadMessage; 0ms in InitializeTheta; 0ms in CreateRegularizerAgents; 17ms in InitializeSparseNdw; 283ms in InferThetaAndUpdateNwtSparse; 1ms in UpdateCacheEntry; 141ms in CalculateScore(^^^ItemsProcessedScore^^^); ]
I0116 18:59:10.906450 12172 processor.cc:74] No data in processing queue, waiting...
I0116 18:59:11.275409 10196 processor.cc:293] Processor: complete processing batch 3ce3cf84-7e82-4f51-b038-34f48fcaac0d into model nwt
I0116 18:59:11.282425 10196 cuckoo_watch.h:45] 893ms in ProcessBatch(batches\aaaaab.batch) [including 42ms in LoadMessage; 0ms in InitializeTheta; 0ms in CreateRegularizerAgents; 39ms in InitializeSparseNdw; 567ms in InferThetaAndUpdateNwtSparse; 0ms in UpdateCacheEntry; 235ms in CalculateScore(^^^ItemsProcessedScore^^^); ]
I0116 18:59:11.282425  2072 master_component.cc:1458] RegularizeModelArgs: rwt_target_name=rwt, pwt_source_name=pwt, nwt_source_name=nwt
I0116 18:59:11.282425  2072 master_component.cc:981] MasterComponent: start regularizing model pwt
I0116 18:59:11.325402 10196 processor.cc:74] No data in processing queue, waiting...
I0116 18:59:11.358383  2072 master_component.cc:1009] MasterComponent: complete regularizing model pwt
I0116 18:59:11.358383  2072 master_component.cc:1495] DisposeModel pwt
I0116 18:59:11.367377  2072 master_component.cc:1471] NormalizeModelArgs: pwt_target_name=pwt, nwt_source_name=nwt, rwt_source_name=rwt
I0116 18:59:11.367377  2072 master_component.cc:1013] MasterComponent: start normalizing model nwt
I0116 18:59:11.458325  2072 master_component.cc:1043] MasterComponent: complete normalizing model nwt
I0116 18:59:11.564265  2072 master_component.cc:1495] DisposeModel rwt
I0116 18:59:11.573240  2072 master_component.cc:1071] FitOffline: ItemsProcessed, num_items=1728, num_batches=2, token_weight=808522, token_weight_in_effect=808522
I0116 18:59:11.573240  2072 c_interface.cc:389] Pass FitOfflineMasterModelArgs, batch_filename_size=2, batch_weight_size=2, num_collection_passes=1, reset_nwt=yes to void (__cdecl artm::core::MasterComponent::*)(class artm::FitOfflineMasterModelArgs const & __ptr64) __ptr64
I0116 18:59:11.573240  2072 master_component.cc:1420] ProcessBatchesArgs: nwt_target_name=nwt, batch_filename_size=2, batch_size=0, batch_weight_size=2, pwt_source_name=pwt, num_document_passes=10, regularizer=(name:SparsePhi_bcg, tau:100000), reuse_theta=no, opt_for_avx=yes, predict_class_id=, reset_nwt=yes
I0116 18:59:11.596276  6600 processor.cc:81] Processing queue has data, processing started
I0116 18:59:11.596276 12172 processor.cc:81] Processing queue has data, processing started
I0116 18:59:11.625211  6600 processor.cc:158] Processor: start processing batch 0dc09134-4302-4adf-a690-a0e4c158a005 into model nwt
I0116 18:59:11.647199 12172 processor.cc:158] Processor: start processing batch 3ce3cf84-7e82-4f51-b038-34f48fcaac0d into model nwt
I0116 18:59:12.033417  6600 processor.cc:293] Processor: complete processing batch 0dc09134-4302-4adf-a690-a0e4c158a005 into model nwt
I0116 18:59:12.037395  6600 cuckoo_watch.h:45] 441ms in ProcessBatch(batches\aaaaaa.batch) [including 29ms in LoadMessage; 0ms in InitializeTheta; 0ms in CreateRegularizerAgents; 23ms in InitializeSparseNdw; 254ms in InferThetaAndUpdateNwtSparse; 0ms in UpdateCacheEntry; 129ms in CalculateScore(^^^ItemsProcessedScore^^^); ]
I0116 18:59:12.088369  6600 processor.cc:74] No data in processing queue, waiting...
I0116 18:59:12.464171 12172 processor.cc:293] Processor: complete processing batch 3ce3cf84-7e82-4f51-b038-34f48fcaac0d into model nwt
I0116 18:59:12.470147 12172 cuckoo_watch.h:45] 874ms in ProcessBatch(batches\aaaaab.batch) [including 51ms in LoadMessage; 0ms in InitializeTheta; 0ms in CreateRegularizerAgents; 43ms in InitializeSparseNdw; 533ms in InferThetaAndUpdateNwtSparse; 0ms in UpdateCacheEntry; 238ms in CalculateScore(^^^ItemsProcessedScore^^^); ]
I0116 18:59:12.472180  2072 master_component.cc:1458] RegularizeModelArgs: rwt_target_name=rwt, pwt_source_name=pwt, nwt_source_name=nwt
I0116 18:59:12.472180  2072 master_component.cc:981] MasterComponent: start regularizing model pwt
I0116 18:59:12.519138 12172 processor.cc:74] No data in processing queue, waiting...
I0116 18:59:12.548122  2072 master_component.cc:1009] MasterComponent: complete regularizing model pwt
I0116 18:59:12.548122  2072 master_component.cc:1495] DisposeModel pwt
I0116 18:59:12.558099  2072 master_component.cc:1471] NormalizeModelArgs: pwt_target_name=pwt, nwt_source_name=nwt, rwt_source_name=rwt
I0116 18:59:12.558099  2072 master_component.cc:1013] MasterComponent: start normalizing model nwt
I0116 18:59:12.653041  2072 master_component.cc:1043] MasterComponent: complete normalizing model nwt
I0116 18:59:12.760010  2072 master_component.cc:1495] DisposeModel rwt
I0116 18:59:12.769001  2072 master_component.cc:1071] FitOffline: ItemsProcessed, num_items=1728, num_batches=2, token_weight=808522, token_weight_in_effect=808522
I0116 18:59:12.769001  2072 c_interface.cc:389] Pass FitOfflineMasterModelArgs, batch_filename_size=2, batch_weight_size=2, num_collection_passes=1, reset_nwt=yes to void (__cdecl artm::core::MasterComponent::*)(class artm::FitOfflineMasterModelArgs const & __ptr64) __ptr64
I0116 18:59:12.769001  2072 master_component.cc:1420] ProcessBatchesArgs: nwt_target_name=nwt, batch_filename_size=2, batch_size=0, batch_weight_size=2, pwt_source_name=pwt, num_document_passes=10, regularizer=(name:SparsePhi_bcg, tau:100000), reuse_theta=no, opt_for_avx=yes, predict_class_id=, reset_nwt=yes
I0116 18:59:12.791986  6600 processor.cc:81] Processing queue has data, processing started
I0116 18:59:12.793988 10196 processor.cc:81] Processing queue has data, processing started
I0116 18:59:12.813977  6600 processor.cc:158] Processor: start processing batch 0dc09134-4302-4adf-a690-a0e4c158a005 into model nwt
I0116 18:59:12.847003 10196 processor.cc:158] Processor: start processing batch 3ce3cf84-7e82-4f51-b038-34f48fcaac0d into model nwt
I0116 18:59:13.263840  6600 processor.cc:293] Processor: complete processing batch 0dc09134-4302-4adf-a690-a0e4c158a005 into model nwt
I0116 18:59:13.266839  6600 cuckoo_watch.h:45] 475ms in ProcessBatch(batches\aaaaaa.batch) [including 22ms in LoadMessage; 0ms in InitializeTheta; 0ms in CreateRegularizerAgents; 24ms in InitializeSparseNdw; 286ms in InferThetaAndUpdateNwtSparse; 0ms in UpdateCacheEntry; 137ms in CalculateScore(^^^ItemsProcessedScore^^^); ]
I0116 18:59:13.311832  6600 processor.cc:74] No data in processing queue, waiting...
I0116 18:59:13.714641 10196 processor.cc:293] Processor: complete processing batch 3ce3cf84-7e82-4f51-b038-34f48fcaac0d into model nwt
I0116 18:59:13.720638 10196 cuckoo_watch.h:45] 927ms in ProcessBatch(batches\aaaaab.batch) [including 53ms in LoadMessage; 0ms in InitializeTheta; 0ms in CreateRegularizerAgents; 47ms in InitializeSparseNdw; 569ms in InferThetaAndUpdateNwtSparse; 0ms in UpdateCacheEntry; 250ms in CalculateScore(^^^ItemsProcessedScore^^^); ]
I0116 18:59:13.721671  2072 master_component.cc:1458] RegularizeModelArgs: rwt_target_name=rwt, pwt_source_name=pwt, nwt_source_name=nwt
I0116 18:59:13.721671  2072 master_component.cc:981] MasterComponent: start regularizing model pwt
I0116 18:59:13.768635 10196 processor.cc:74] No data in processing queue, waiting...
I0116 18:59:13.800616  2072 master_component.cc:1009] MasterComponent: complete regularizing model pwt
I0116 18:59:13.800616  2072 master_component.cc:1495] DisposeModel pwt
I0116 18:59:13.809610  2072 master_component.cc:1471] NormalizeModelArgs: pwt_target_name=pwt, nwt_source_name=nwt, rwt_source_name=rwt
I0116 18:59:13.809610  2072 master_component.cc:1013] MasterComponent: start normalizing model nwt
I0116 18:59:13.902567  2072 master_component.cc:1043] MasterComponent: complete normalizing model nwt
I0116 18:59:14.008507  2072 master_component.cc:1495] DisposeModel rwt
I0116 18:59:14.017503  2072 master_component.cc:1071] FitOffline: ItemsProcessed, num_items=1728, num_batches=2, token_weight=808522, token_weight_in_effect=808522
I0116 18:59:14.017503  2072 c_interface.cc:389] Pass FitOfflineMasterModelArgs, batch_filename_size=2, batch_weight_size=2, num_collection_passes=1, reset_nwt=yes to void (__cdecl artm::core::MasterComponent::*)(class artm::FitOfflineMasterModelArgs const & __ptr64) __ptr64
I0116 18:59:14.017503  2072 master_component.cc:1420] ProcessBatchesArgs: nwt_target_name=nwt, batch_filename_size=2, batch_size=0, batch_weight_size=2, pwt_source_name=pwt, num_document_passes=10, regularizer=(name:SparsePhi_bcg, tau:100000), reuse_theta=no, opt_for_avx=yes, predict_class_id=, reset_nwt=yes
I0116 18:59:14.041496  6600 processor.cc:81] Processing queue has data, processing started
I0116 18:59:14.041496  9120 processor.cc:81] Processing queue has data, processing started
I0116 18:59:14.063482  9120 processor.cc:158] Processor: start processing batch 0dc09134-4302-4adf-a690-a0e4c158a005 into model nwt
I0116 18:59:14.083472  6600 processor.cc:158] Processor: start processing batch 3ce3cf84-7e82-4f51-b038-34f48fcaac0d into model nwt
I0116 18:59:14.526266  9120 processor.cc:293] Processor: complete processing batch 0dc09134-4302-4adf-a690-a0e4c158a005 into model nwt
I0116 18:59:14.529263  9120 cuckoo_watch.h:45] 488ms in ProcessBatch(batches\aaaaaa.batch) [including 22ms in LoadMessage; 0ms in InitializeTheta; 0ms in CreateRegularizerAgents; 17ms in InitializeSparseNdw; 301ms in InferThetaAndUpdateNwtSparse; 1ms in UpdateCacheEntry; 141ms in CalculateScore(^^^ItemsProcessedScore^^^); ]
I0116 18:59:14.579262  9120 processor.cc:74] No data in processing queue, waiting...
I0116 18:59:14.953627  6600 processor.cc:293] Processor: complete processing batch 3ce3cf84-7e82-4f51-b038-34f48fcaac0d into model nwt
I0116 18:59:14.960625  6600 cuckoo_watch.h:45] 919ms in ProcessBatch(batches\aaaaab.batch) [including 42ms in LoadMessage; 0ms in InitializeTheta; 0ms in CreateRegularizerAgents; 43ms in InitializeSparseNdw; 585ms in InferThetaAndUpdateNwtSparse; 0ms in UpdateCacheEntry; 241ms in CalculateScore(^^^ItemsProcessedScore^^^); ]
I0116 18:59:14.961658  2072 master_component.cc:1458] RegularizeModelArgs: rwt_target_name=rwt, pwt_source_name=pwt, nwt_source_name=nwt
I0116 18:59:14.961658  2072 master_component.cc:981] MasterComponent: start regularizing model pwt
I0116 18:59:15.007598  6600 processor.cc:74] No data in processing queue, waiting...
I0116 18:59:15.036590  2072 master_component.cc:1009] MasterComponent: complete regularizing model pwt
I0116 18:59:15.036590  2072 master_component.cc:1495] DisposeModel pwt
I0116 18:59:15.045585  2072 master_component.cc:1471] NormalizeModelArgs: pwt_target_name=pwt, nwt_source_name=nwt, rwt_source_name=rwt
I0116 18:59:15.045585  2072 master_component.cc:1013] MasterComponent: start normalizing model nwt
I0116 18:59:15.135531  2072 master_component.cc:1043] MasterComponent: complete normalizing model nwt
I0116 18:59:15.241472  2072 master_component.cc:1495] DisposeModel rwt
I0116 18:59:15.250465  2072 master_component.cc:1071] FitOffline: ItemsProcessed, num_items=1728, num_batches=2, token_weight=808522, token_weight_in_effect=808522
I0116 18:59:15.250465  2072 c_interface.cc:389] Pass FitOfflineMasterModelArgs, batch_filename_size=2, batch_weight_size=2, num_collection_passes=1, reset_nwt=yes to void (__cdecl artm::core::MasterComponent::*)(class artm::FitOfflineMasterModelArgs const & __ptr64) __ptr64
I0116 18:59:15.250465  2072 master_component.cc:1420] ProcessBatchesArgs: nwt_target_name=nwt, batch_filename_size=2, batch_size=0, batch_weight_size=2, pwt_source_name=pwt, num_document_passes=10, regularizer=(name:SparsePhi_bcg, tau:100000), reuse_theta=no, opt_for_avx=yes, predict_class_id=, reset_nwt=yes
I0116 18:59:15.275532 12172 processor.cc:81] Processing queue has data, processing started
I0116 18:59:15.275532 10196 processor.cc:81] Processing queue has data, processing started
I0116 18:59:15.298521 12172 processor.cc:158] Processor: start processing batch 0dc09134-4302-4adf-a690-a0e4c158a005 into model nwt
I0116 18:59:15.325527 10196 processor.cc:158] Processor: start processing batch 3ce3cf84-7e82-4f51-b038-34f48fcaac0d into model nwt
I0116 18:59:15.758328 12172 processor.cc:293] Processor: complete processing batch 0dc09134-4302-4adf-a690-a0e4c158a005 into model nwt
I0116 18:59:15.761325 12172 cuckoo_watch.h:45] 486ms in ProcessBatch(batches\aaaaaa.batch) [including 23ms in LoadMessage; 0ms in InitializeTheta; 0ms in CreateRegularizerAgents; 22ms in InitializeSparseNdw; 278ms in InferThetaAndUpdateNwtSparse; 0ms in UpdateCacheEntry; 157ms in CalculateScore(^^^ItemsProcessedScore^^^); ]
I0116 18:59:15.805320 12172 processor.cc:74] No data in processing queue, waiting...
I0116 18:59:16.174268 10196 processor.cc:293] Processor: complete processing batch 3ce3cf84-7e82-4f51-b038-34f48fcaac0d into model nwt
I0116 18:59:16.181263 10196 cuckoo_watch.h:45] 905ms in ProcessBatch(batches\aaaaab.batch) [including 50ms in LoadMessage; 0ms in InitializeTheta; 0ms in CreateRegularizerAgents; 44ms in InitializeSparseNdw; 563ms in InferThetaAndUpdateNwtSparse; 0ms in UpdateCacheEntry; 238ms in CalculateScore(^^^ItemsProcessedScore^^^); ]
I0116 18:59:16.182284  2072 master_component.cc:1458] RegularizeModelArgs: rwt_target_name=rwt, pwt_source_name=pwt, nwt_source_name=nwt
I0116 18:59:16.182284  2072 master_component.cc:981] MasterComponent: start regularizing model pwt
I0116 18:59:16.224261 10196 processor.cc:74] No data in processing queue, waiting...
I0116 18:59:16.259239  2072 master_component.cc:1009] MasterComponent: complete regularizing model pwt
I0116 18:59:16.259239  2072 master_component.cc:1495] DisposeModel pwt
I0116 18:59:16.268235  2072 master_component.cc:1471] NormalizeModelArgs: pwt_target_name=pwt, nwt_source_name=nwt, rwt_source_name=rwt
I0116 18:59:16.268235  2072 master_component.cc:1013] MasterComponent: start normalizing model nwt
I0116 18:59:16.359210  2072 master_component.cc:1043] MasterComponent: complete normalizing model nwt
I0116 18:59:16.466634  2072 master_component.cc:1495] DisposeModel rwt
I0116 18:59:16.475628  2072 master_component.cc:1071] FitOffline: ItemsProcessed, num_items=1728, num_batches=2, token_weight=808522, token_weight_in_effect=808522
I0116 18:59:16.475628  2072 c_interface.cc:389] Pass FitOfflineMasterModelArgs, batch_filename_size=2, batch_weight_size=2, num_collection_passes=1, reset_nwt=yes to void (__cdecl artm::core::MasterComponent::*)(class artm::FitOfflineMasterModelArgs const & __ptr64) __ptr64
I0116 18:59:16.475628  2072 master_component.cc:1420] ProcessBatchesArgs: nwt_target_name=nwt, batch_filename_size=2, batch_size=0, batch_weight_size=2, pwt_source_name=pwt, num_document_passes=10, regularizer=(name:SparsePhi_bcg, tau:100000), reuse_theta=no, opt_for_avx=yes, predict_class_id=, reset_nwt=yes
I0116 18:59:16.500568 10196 processor.cc:81] Processing queue has data, processing started
I0116 18:59:16.500568  6600 processor.cc:81] Processing queue has data, processing started
I0116 18:59:16.523586  6600 processor.cc:158] Processor: start processing batch 0dc09134-4302-4adf-a690-a0e4c158a005 into model nwt
I0116 18:59:16.545552 10196 processor.cc:158] Processor: start processing batch 3ce3cf84-7e82-4f51-b038-34f48fcaac0d into model nwt
I0116 18:59:16.943344  6600 processor.cc:293] Processor: complete processing batch 0dc09134-4302-4adf-a690-a0e4c158a005 into model nwt
I0116 18:59:16.947343  6600 cuckoo_watch.h:45] 446ms in ProcessBatch(batches\aaaaaa.batch) [including 23ms in LoadMessage; 0ms in InitializeTheta; 0ms in CreateRegularizerAgents; 18ms in InitializeSparseNdw; 260ms in InferThetaAndUpdateNwtSparse; 0ms in UpdateCacheEntry; 138ms in CalculateScore(^^^ItemsProcessedScore^^^); ]
I0116 18:59:16.989317  6600 processor.cc:74] No data in processing queue, waiting...
I0116 18:59:17.375180 10196 processor.cc:293] Processor: complete processing batch 3ce3cf84-7e82-4f51-b038-34f48fcaac0d into model nwt
I0116 18:59:17.382172 10196 cuckoo_watch.h:45] 881ms in ProcessBatch(batches\aaaaab.batch) [including 45ms in LoadMessage; 0ms in InitializeTheta; 0ms in CreateRegularizerAgents; 43ms in InitializeSparseNdw; 541ms in InferThetaAndUpdateNwtSparse; 0ms in UpdateCacheEntry; 242ms in CalculateScore(^^^ItemsProcessedScore^^^); ]
I0116 18:59:17.383245  2072 master_component.cc:1458] RegularizeModelArgs: rwt_target_name=rwt, pwt_source_name=pwt, nwt_source_name=nwt
I0116 18:59:17.383245  2072 master_component.cc:981] MasterComponent: start regularizing model pwt
I0116 18:59:17.421175 10196 processor.cc:74] No data in processing queue, waiting...
I0116 18:59:17.463172  2072 master_component.cc:1009] MasterComponent: complete regularizing model pwt
I0116 18:59:17.463172  2072 master_component.cc:1495] DisposeModel pwt
I0116 18:59:17.472146  2072 master_component.cc:1471] NormalizeModelArgs: pwt_target_name=pwt, nwt_source_name=nwt, rwt_source_name=rwt
I0116 18:59:17.472146  2072 master_component.cc:1013] MasterComponent: start normalizing model nwt
I0116 18:59:17.564599  2072 master_component.cc:1043] MasterComponent: complete normalizing model nwt
I0116 18:59:17.670569  2072 master_component.cc:1495] DisposeModel rwt
I0116 18:59:17.679546  2072 master_component.cc:1071] FitOffline: ItemsProcessed, num_items=1728, num_batches=2, token_weight=808522, token_weight_in_effect=808522
I0116 18:59:17.680565  2072 c_interface.cc:389] Pass FitOfflineMasterModelArgs, batch_filename_size=2, batch_weight_size=2, num_collection_passes=1, reset_nwt=yes to void (__cdecl artm::core::MasterComponent::*)(class artm::FitOfflineMasterModelArgs const & __ptr64) __ptr64
I0116 18:59:17.680565  2072 master_component.cc:1420] ProcessBatchesArgs: nwt_target_name=nwt, batch_filename_size=2, batch_size=0, batch_weight_size=2, pwt_source_name=pwt, num_document_passes=10, regularizer=(name:SparsePhi_bcg, tau:100000), reuse_theta=no, opt_for_avx=yes, predict_class_id=, reset_nwt=yes
I0116 18:59:17.706391  6600 processor.cc:81] Processing queue has data, processing started
I0116 18:59:17.706391 10196 processor.cc:81] Processing queue has data, processing started
I0116 18:59:17.733393  6600 processor.cc:158] Processor: start processing batch 0dc09134-4302-4adf-a690-a0e4c158a005 into model nwt
I0116 18:59:17.756366 10196 processor.cc:158] Processor: start processing batch 3ce3cf84-7e82-4f51-b038-34f48fcaac0d into model nwt
I0116 18:59:18.178184  6600 processor.cc:293] Processor: complete processing batch 0dc09134-4302-4adf-a690-a0e4c158a005 into model nwt
I0116 18:59:18.182183  6600 cuckoo_watch.h:45] 476ms in ProcessBatch(batches\aaaaaa.batch) [including 27ms in LoadMessage; 0ms in InitializeTheta; 0ms in CreateRegularizerAgents; 20ms in InitializeSparseNdw; 263ms in InferThetaAndUpdateNwtSparse; 1ms in UpdateCacheEntry; 159ms in CalculateScore(^^^ItemsProcessedScore^^^); ]
I0116 18:59:18.230199  6600 processor.cc:74] No data in processing queue, waiting...
I0116 18:59:18.628324 10196 processor.cc:293] Processor: complete processing batch 3ce3cf84-7e82-4f51-b038-34f48fcaac0d into model nwt
I0116 18:59:18.636319 10196 cuckoo_watch.h:45] 929ms in ProcessBatch(batches\aaaaab.batch) [including 49ms in LoadMessage; 0ms in InitializeTheta; 0ms in CreateRegularizerAgents; 49ms in InitializeSparseNdw; 564ms in InferThetaAndUpdateNwtSparse; 0ms in UpdateCacheEntry; 257ms in CalculateScore(^^^ItemsProcessedScore^^^); ]
I0116 18:59:18.637367  2072 master_component.cc:1458] RegularizeModelArgs: rwt_target_name=rwt, pwt_source_name=pwt, nwt_source_name=nwt
I0116 18:59:18.637367  2072 master_component.cc:981] MasterComponent: start regularizing model pwt
I0116 18:59:18.678297 10196 processor.cc:74] No data in processing queue, waiting...
I0116 18:59:18.720269  2072 master_component.cc:1009] MasterComponent: complete regularizing model pwt
I0116 18:59:18.720269  2072 master_component.cc:1495] DisposeModel pwt
I0116 18:59:18.729292  2072 master_component.cc:1471] NormalizeModelArgs: pwt_target_name=pwt, nwt_source_name=nwt, rwt_source_name=rwt
I0116 18:59:18.729292  2072 master_component.cc:1013] MasterComponent: start normalizing model nwt
I0116 18:59:18.822237  2072 master_component.cc:1043] MasterComponent: complete normalizing model nwt
I0116 18:59:18.931224  2072 master_component.cc:1495] DisposeModel rwt
I0116 18:59:18.940201  2072 master_component.cc:1071] FitOffline: ItemsProcessed, num_items=1728, num_batches=2, token_weight=808522, token_weight_in_effect=808522
I0116 18:59:18.940201  2072 c_interface.cc:389] Pass FitOfflineMasterModelArgs, batch_filename_size=2, batch_weight_size=2, num_collection_passes=1, reset_nwt=yes to void (__cdecl artm::core::MasterComponent::*)(class artm::FitOfflineMasterModelArgs const & __ptr64) __ptr64
I0116 18:59:18.940201  2072 master_component.cc:1420] ProcessBatchesArgs: nwt_target_name=nwt, batch_filename_size=2, batch_size=0, batch_weight_size=2, pwt_source_name=pwt, num_document_passes=10, regularizer=(name:SparsePhi_bcg, tau:100000), reuse_theta=no, opt_for_avx=yes, predict_class_id=, reset_nwt=yes
I0116 18:59:18.966204 12172 processor.cc:81] Processing queue has data, processing started
I0116 18:59:18.971200  9120 processor.cc:81] Processing queue has data, processing started
I0116 18:59:18.991171 12172 processor.cc:158] Processor: start processing batch 0dc09134-4302-4adf-a690-a0e4c158a005 into model nwt
I0116 18:59:19.025178  9120 processor.cc:158] Processor: start processing batch 3ce3cf84-7e82-4f51-b038-34f48fcaac0d into model nwt
I0116 18:59:19.463201 12172 processor.cc:293] Processor: complete processing batch 0dc09134-4302-4adf-a690-a0e4c158a005 into model nwt
I0116 18:59:19.466205 12172 cuckoo_watch.h:45] 500ms in ProcessBatch(batches\aaaaaa.batch) [including 25ms in LoadMessage; 0ms in InitializeTheta; 0ms in CreateRegularizerAgents; 26ms in InitializeSparseNdw; 301ms in InferThetaAndUpdateNwtSparse; 0ms in UpdateCacheEntry; 142ms in CalculateScore(^^^ItemsProcessedScore^^^); ]
I0116 18:59:19.513188 12172 processor.cc:74] No data in processing queue, waiting...
I0116 18:59:19.902380  9120 processor.cc:293] Processor: complete processing batch 3ce3cf84-7e82-4f51-b038-34f48fcaac0d into model nwt
I0116 18:59:19.908375  9120 cuckoo_watch.h:45] 937ms in ProcessBatch(batches\aaaaab.batch) [including 54ms in LoadMessage; 0ms in InitializeTheta; 0ms in CreateRegularizerAgents; 52ms in InitializeSparseNdw; 574ms in InferThetaAndUpdateNwtSparse; 0ms in UpdateCacheEntry; 248ms in CalculateScore(^^^ItemsProcessedScore^^^); ]
I0116 18:59:19.910398  2072 master_component.cc:1458] RegularizeModelArgs: rwt_target_name=rwt, pwt_source_name=pwt, nwt_source_name=nwt
I0116 18:59:19.910398  2072 master_component.cc:981] MasterComponent: start regularizing model pwt
I0116 18:59:19.951387  9120 processor.cc:74] No data in processing queue, waiting...
I0116 18:59:19.984369  2072 master_component.cc:1009] MasterComponent: complete regularizing model pwt
I0116 18:59:19.984369  2072 master_component.cc:1495] DisposeModel pwt
I0116 18:59:19.993366  2072 master_component.cc:1471] NormalizeModelArgs: pwt_target_name=pwt, nwt_source_name=nwt, rwt_source_name=rwt
I0116 18:59:19.993366  2072 master_component.cc:1013] MasterComponent: start normalizing model nwt
