I0114 02:40:41.349189 11324 cuckoo_watch.h:45] 1776ms in ProcessBatch(batches\aaaaab.batch) [including 65ms in LoadMessage; 0ms in InitializeTheta; 0ms in CreateRegularizerAgents; 48ms in InitializeSparseNdw; 1234ms in InferThetaAndUpdateNwtSparse; 415ms in CalculateScore(^^^ItemsProcessedScore^^^); ]
I0114 02:40:41.351191 13780 master_component.cc:1458] RegularizeModelArgs: rwt_target_name=rwt, pwt_source_name=pwt, nwt_source_name=nwt
I0114 02:40:41.351191 13780 master_component.cc:981] MasterComponent: start regularizing model pwt
I0114 02:40:41.401160 11324 processor.cc:74] No data in processing queue, waiting...
I0114 02:40:41.475117 13780 master_component.cc:1009] MasterComponent: complete regularizing model pwt
I0114 02:40:41.475117 13780 master_component.cc:1495] DisposeModel pwt
I0114 02:40:41.486109 13780 master_component.cc:1471] NormalizeModelArgs: pwt_target_name=pwt, nwt_source_name=nwt, rwt_source_name=rwt
I0114 02:40:41.486109 13780 master_component.cc:1013] MasterComponent: start normalizing model nwt
I0114 02:40:41.658012 13780 master_component.cc:1043] MasterComponent: complete normalizing model nwt
I0114 02:40:41.848913 13780 master_component.cc:1495] DisposeModel rwt
I0114 02:40:41.864905 13780 master_component.cc:1071] FitOffline: ItemsProcessed, num_items=1728, num_batches=2, token_weight=808522, token_weight_in_effect=808522
I0114 02:40:41.864905 13780 c_interface.cc:389] Pass FitOfflineMasterModelArgs, batch_filename_size=2, batch_weight_size=2, num_collection_passes=1, reset_nwt=yes to void (__cdecl artm::core::MasterComponent::*)(class artm::FitOfflineMasterModelArgs const & __ptr64) __ptr64
I0114 02:40:41.864905 13780 master_component.cc:1420] ProcessBatchesArgs: nwt_target_name=nwt, batch_filename_size=2, batch_size=0, batch_weight_size=2, pwt_source_name=pwt, num_document_passes=10, regularizer=(name:SparsePhi, tau:-100000), reuse_theta=no, opt_for_avx=yes, predict_class_id=, reset_nwt=yes
I0114 02:40:41.902885 14868 processor.cc:81] Processing queue has data, processing started
I0114 02:40:41.903885 16104 processor.cc:81] Processing queue has data, processing started
I0114 02:40:41.959851 14868 processor.cc:158] Processor: start processing batch eeaf1b08-dd16-4ede-a19b-22e9ca68234c into model nwt
I0114 02:40:42.024811 16104 processor.cc:158] Processor: start processing batch d5054302-35d7-4ef2-ad4b-2d92241a05fe into model nwt
I0114 02:40:42.565506 14868 processor.cc:293] Processor: complete processing batch eeaf1b08-dd16-4ede-a19b-22e9ca68234c into model nwt
I0114 02:40:42.569504 14868 cuckoo_watch.h:45] 666ms in ProcessBatch(batches\aaaaaa.batch) [including 57ms in LoadMessage; 0ms in InitializeTheta; 0ms in CreateRegularizerAgents; 62ms in InitializeSparseNdw; 393ms in InferThetaAndUpdateNwtSparse; 147ms in CalculateScore(^^^ItemsProcessedScore^^^); ]
I0114 02:40:42.616477 14868 processor.cc:74] No data in processing queue, waiting...
I0114 02:40:43.122027 16104 processor.cc:293] Processor: complete processing batch d5054302-35d7-4ef2-ad4b-2d92241a05fe into model nwt
I0114 02:40:43.128024 16104 cuckoo_watch.h:45] 1224ms in ProcessBatch(batches\aaaaab.batch) [including 121ms in LoadMessage; 0ms in InitializeTheta; 0ms in CreateRegularizerAgents; 117ms in InitializeSparseNdw; 704ms in InferThetaAndUpdateNwtSparse; 273ms in CalculateScore(^^^ItemsProcessedScore^^^); ]
I0114 02:40:43.129040 13780 master_component.cc:1458] RegularizeModelArgs: rwt_target_name=rwt, pwt_source_name=pwt, nwt_source_name=nwt
I0114 02:40:43.129040 13780 master_component.cc:981] MasterComponent: start regularizing model pwt
I0114 02:40:43.173997 16104 processor.cc:74] No data in processing queue, waiting...
I0114 02:40:43.205981 13780 master_component.cc:1009] MasterComponent: complete regularizing model pwt
I0114 02:40:43.205981 13780 master_component.cc:1495] DisposeModel pwt
I0114 02:40:43.215956 13780 master_component.cc:1471] NormalizeModelArgs: pwt_target_name=pwt, nwt_source_name=nwt, rwt_source_name=rwt
I0114 02:40:43.215956 13780 master_component.cc:1013] MasterComponent: start normalizing model nwt
I0114 02:40:43.308920 13780 master_component.cc:1043] MasterComponent: complete normalizing model nwt
I0114 02:40:43.446842 13780 master_component.cc:1495] DisposeModel rwt
I0114 02:40:43.455837 13780 master_component.cc:1071] FitOffline: ItemsProcessed, num_items=1728, num_batches=2, token_weight=808522, token_weight_in_effect=808522
I0114 02:40:43.456815 13780 c_interface.cc:389] Pass FitOfflineMasterModelArgs, batch_filename_size=2, batch_weight_size=2, num_collection_passes=1, reset_nwt=yes to void (__cdecl artm::core::MasterComponent::*)(class artm::FitOfflineMasterModelArgs const & __ptr64) __ptr64
I0114 02:40:43.456815 13780 master_component.cc:1420] ProcessBatchesArgs: nwt_target_name=nwt, batch_filename_size=2, batch_size=0, batch_weight_size=2, pwt_source_name=pwt, num_document_passes=10, regularizer=(name:SparsePhi, tau:-100000), reuse_theta=no, opt_for_avx=yes, predict_class_id=, reset_nwt=yes
I0114 02:40:43.478806  2024 processor.cc:81] Processing queue has data, processing started
I0114 02:40:43.480805 11324 processor.cc:81] Processing queue has data, processing started
I0114 02:40:43.508786  2024 processor.cc:158] Processor: start processing batch eeaf1b08-dd16-4ede-a19b-22e9ca68234c into model nwt
I0114 02:40:43.546767 11324 processor.cc:158] Processor: start processing batch d5054302-35d7-4ef2-ad4b-2d92241a05fe into model nwt
I0114 02:40:44.015501  2024 processor.cc:293] Processor: complete processing batch eeaf1b08-dd16-4ede-a19b-22e9ca68234c into model nwt
I0114 02:40:44.018498  2024 cuckoo_watch.h:45] 540ms in ProcessBatch(batches\aaaaaa.batch) [including 30ms in LoadMessage; 0ms in InitializeTheta; 0ms in CreateRegularizerAgents; 32ms in InitializeSparseNdw; 316ms in InferThetaAndUpdateNwtSparse; 157ms in CalculateScore(^^^ItemsProcessedScore^^^); ]
I0114 02:40:44.056480  2024 processor.cc:74] No data in processing queue, waiting...
I0114 02:40:44.468315 11324 processor.cc:293] Processor: complete processing batch d5054302-35d7-4ef2-ad4b-2d92241a05fe into model nwt
I0114 02:40:44.475309 11324 cuckoo_watch.h:45] 994ms in ProcessBatch(batches\aaaaab.batch) [including 66ms in LoadMessage; 0ms in InitializeTheta; 0ms in CreateRegularizerAgents; 63ms in InitializeSparseNdw; 606ms in InferThetaAndUpdateNwtSparse; 250ms in CalculateScore(^^^ItemsProcessedScore^^^); ]
I0114 02:40:44.476882 13780 master_component.cc:1458] RegularizeModelArgs: rwt_target_name=rwt, pwt_source_name=pwt, nwt_source_name=nwt
I0114 02:40:44.476882 13780 master_component.cc:981] MasterComponent: start regularizing model pwt
I0114 02:40:44.506935 11324 processor.cc:74] No data in processing queue, waiting...
I0114 02:40:44.601871 13780 master_component.cc:1009] MasterComponent: complete regularizing model pwt
I0114 02:40:44.601871 13780 master_component.cc:1495] DisposeModel pwt
I0114 02:40:44.615854 13780 master_component.cc:1471] NormalizeModelArgs: pwt_target_name=pwt, nwt_source_name=nwt, rwt_source_name=rwt
I0114 02:40:44.615854 13780 master_component.cc:1013] MasterComponent: start normalizing model nwt
I0114 02:40:44.713817 13780 master_component.cc:1043] MasterComponent: complete normalizing model nwt
I0114 02:40:44.828732 13780 master_component.cc:1495] DisposeModel rwt
I0114 02:40:44.837725 13780 master_component.cc:1071] FitOffline: ItemsProcessed, num_items=1728, num_batches=2, token_weight=808522, token_weight_in_effect=808522
I0114 02:40:44.837725 13780 c_interface.cc:389] Pass FitOfflineMasterModelArgs, batch_filename_size=2, batch_weight_size=2, num_collection_passes=1, reset_nwt=yes to void (__cdecl artm::core::MasterComponent::*)(class artm::FitOfflineMasterModelArgs const & __ptr64) __ptr64
I0114 02:40:44.837725 13780 master_component.cc:1420] ProcessBatchesArgs: nwt_target_name=nwt, batch_filename_size=2, batch_size=0, batch_weight_size=2, pwt_source_name=pwt, num_document_passes=10, regularizer=(name:SparsePhi, tau:-100000), reuse_theta=no, opt_for_avx=yes, predict_class_id=, reset_nwt=yes
I0114 02:40:44.861797 16104 processor.cc:81] Processing queue has data, processing started
I0114 02:40:44.861797 14868 processor.cc:81] Processing queue has data, processing started
I0114 02:40:44.884788 14868 processor.cc:158] Processor: start processing batch eeaf1b08-dd16-4ede-a19b-22e9ca68234c into model nwt
I0114 02:40:44.903797 16104 processor.cc:158] Processor: start processing batch d5054302-35d7-4ef2-ad4b-2d92241a05fe into model nwt
I0114 02:40:45.345110 14868 processor.cc:293] Processor: complete processing batch eeaf1b08-dd16-4ede-a19b-22e9ca68234c into model nwt
I0114 02:40:45.348106 14868 cuckoo_watch.h:45] 486ms in ProcessBatch(batches\aaaaaa.batch) [including 23ms in LoadMessage; 0ms in InitializeTheta; 0ms in CreateRegularizerAgents; 46ms in InitializeSparseNdw; 276ms in InferThetaAndUpdateNwtSparse; 136ms in CalculateScore(^^^ItemsProcessedScore^^^); ]
I0114 02:40:45.403093 14868 processor.cc:74] No data in processing queue, waiting...
I0114 02:40:45.778861 16104 processor.cc:293] Processor: complete processing batch d5054302-35d7-4ef2-ad4b-2d92241a05fe into model nwt
I0114 02:40:45.784855 16104 cuckoo_watch.h:45] 923ms in ProcessBatch(batches\aaaaab.batch) [including 42ms in LoadMessage; 0ms in InitializeTheta; 0ms in CreateRegularizerAgents; 55ms in InitializeSparseNdw; 566ms in InferThetaAndUpdateNwtSparse; 251ms in CalculateScore(^^^ItemsProcessedScore^^^); ]
I0114 02:40:45.785876 13780 master_component.cc:1458] RegularizeModelArgs: rwt_target_name=rwt, pwt_source_name=pwt, nwt_source_name=nwt
I0114 02:40:45.785876 13780 master_component.cc:981] MasterComponent: start regularizing model pwt
I0114 02:40:45.830828 16104 processor.cc:74] No data in processing queue, waiting...
I0114 02:40:45.861811 13780 master_component.cc:1009] MasterComponent: complete regularizing model pwt
I0114 02:40:45.861811 13780 master_component.cc:1495] DisposeModel pwt
I0114 02:40:45.872807 13780 master_component.cc:1471] NormalizeModelArgs: pwt_target_name=pwt, nwt_source_name=nwt, rwt_source_name=rwt
I0114 02:40:45.872807 13780 master_component.cc:1013] MasterComponent: start normalizing model nwt
I0114 02:40:45.965772 13780 master_component.cc:1043] MasterComponent: complete normalizing model nwt
I0114 02:40:46.077690 13780 master_component.cc:1495] DisposeModel rwt
I0114 02:40:46.086684 13780 master_component.cc:1071] FitOffline: ItemsProcessed, num_items=1728, num_batches=2, token_weight=808522, token_weight_in_effect=808522
I0114 02:40:46.086684 13780 c_interface.cc:389] Pass FitOfflineMasterModelArgs, batch_filename_size=2, batch_weight_size=2, num_collection_passes=1, reset_nwt=yes to void (__cdecl artm::core::MasterComponent::*)(class artm::FitOfflineMasterModelArgs const & __ptr64) __ptr64
I0114 02:40:46.086684 13780 master_component.cc:1420] ProcessBatchesArgs: nwt_target_name=nwt, batch_filename_size=2, batch_size=0, batch_weight_size=2, pwt_source_name=pwt, num_document_passes=10, regularizer=(name:SparsePhi, tau:-100000), reuse_theta=no, opt_for_avx=yes, predict_class_id=, reset_nwt=yes
I0114 02:40:46.108705 11324 processor.cc:81] Processing queue has data, processing started
I0114 02:40:46.108705 14868 processor.cc:81] Processing queue has data, processing started
I0114 02:40:46.131657 11324 processor.cc:158] Processor: start processing batch eeaf1b08-dd16-4ede-a19b-22e9ca68234c into model nwt
I0114 02:40:46.151648 14868 processor.cc:158] Processor: start processing batch d5054302-35d7-4ef2-ad4b-2d92241a05fe into model nwt
I0114 02:40:46.616730 11324 processor.cc:293] Processor: complete processing batch eeaf1b08-dd16-4ede-a19b-22e9ca68234c into model nwt
I0114 02:40:46.619729 11324 cuckoo_watch.h:45] 510ms in ProcessBatch(batches\aaaaaa.batch) [including 23ms in LoadMessage; 0ms in InitializeTheta; 0ms in CreateRegularizerAgents; 17ms in InitializeSparseNdw; 301ms in InferThetaAndUpdateNwtSparse; 165ms in CalculateScore(^^^ItemsProcessedScore^^^); ]
I0114 02:40:46.660706 11324 processor.cc:74] No data in processing queue, waiting...
I0114 02:40:47.074517 14868 processor.cc:293] Processor: complete processing batch d5054302-35d7-4ef2-ad4b-2d92241a05fe into model nwt
I0114 02:40:47.080513 14868 cuckoo_watch.h:45] 971ms in ProcessBatch(batches\aaaaab.batch) [including 43ms in LoadMessage; 0ms in InitializeTheta; 0ms in CreateRegularizerAgents; 44ms in InitializeSparseNdw; 640ms in InferThetaAndUpdateNwtSparse; 236ms in CalculateScore(^^^ItemsProcessedScore^^^); ]
I0114 02:40:47.081564 13780 master_component.cc:1458] RegularizeModelArgs: rwt_target_name=rwt, pwt_source_name=pwt, nwt_source_name=nwt
I0114 02:40:47.081564 13780 master_component.cc:981] MasterComponent: start regularizing model pwt
I0114 02:40:47.123828 14868 processor.cc:74] No data in processing queue, waiting...
I0114 02:40:47.156790 13780 master_component.cc:1009] MasterComponent: complete regularizing model pwt
I0114 02:40:47.156790 13780 master_component.cc:1495] DisposeModel pwt
I0114 02:40:47.165786 13780 master_component.cc:1471] NormalizeModelArgs: pwt_target_name=pwt, nwt_source_name=nwt, rwt_source_name=rwt
I0114 02:40:47.165786 13780 master_component.cc:1013] MasterComponent: start normalizing model nwt
I0114 02:40:47.254755 13780 master_component.cc:1043] MasterComponent: complete normalizing model nwt
I0114 02:40:47.363674 13780 master_component.cc:1495] DisposeModel rwt
I0114 02:40:47.372665 13780 master_component.cc:1071] FitOffline: ItemsProcessed, num_items=1728, num_batches=2, token_weight=808522, token_weight_in_effect=808522
I0114 02:40:47.373667 13780 c_interface.cc:389] Pass FitOfflineMasterModelArgs, batch_filename_size=2, batch_weight_size=2, num_collection_passes=1, reset_nwt=yes to void (__cdecl artm::core::MasterComponent::*)(class artm::FitOfflineMasterModelArgs const & __ptr64) __ptr64
I0114 02:40:47.373667 13780 master_component.cc:1420] ProcessBatchesArgs: nwt_target_name=nwt, batch_filename_size=2, batch_size=0, batch_weight_size=2, pwt_source_name=pwt, num_document_passes=10, regularizer=(name:SparsePhi, tau:-100000), reuse_theta=no, opt_for_avx=yes, predict_class_id=, reset_nwt=yes
I0114 02:40:47.407621  2024 processor.cc:81] Processing queue has data, processing started
I0114 02:40:47.407621 11324 processor.cc:81] Processing queue has data, processing started
I0114 02:40:47.429611  2024 processor.cc:158] Processor: start processing batch eeaf1b08-dd16-4ede-a19b-22e9ca68234c into model nwt
I0114 02:40:47.451604 11324 processor.cc:158] Processor: start processing batch d5054302-35d7-4ef2-ad4b-2d92241a05fe into model nwt
I0114 02:40:47.882393  2024 processor.cc:293] Processor: complete processing batch eeaf1b08-dd16-4ede-a19b-22e9ca68234c into model nwt
I0114 02:40:47.885390  2024 cuckoo_watch.h:45] 478ms in ProcessBatch(batches\aaaaaa.batch) [including 22ms in LoadMessage; 0ms in InitializeTheta; 0ms in CreateRegularizerAgents; 18ms in InitializeSparseNdw; 285ms in InferThetaAndUpdateNwtSparse; 147ms in CalculateScore(^^^ItemsProcessedScore^^^); ]
I0114 02:40:47.945413  2024 processor.cc:74] No data in processing queue, waiting...
I0114 02:40:48.335242 11324 processor.cc:293] Processor: complete processing batch d5054302-35d7-4ef2-ad4b-2d92241a05fe into model nwt
I0114 02:40:48.341419 11324 cuckoo_watch.h:45] 934ms in ProcessBatch(batches\aaaaab.batch) [including 44ms in LoadMessage; 0ms in InitializeTheta; 0ms in CreateRegularizerAgents; 45ms in InitializeSparseNdw; 574ms in InferThetaAndUpdateNwtSparse; 262ms in CalculateScore(^^^ItemsProcessedScore^^^); ]
I0114 02:40:48.343436 13780 master_component.cc:1458] RegularizeModelArgs: rwt_target_name=rwt, pwt_source_name=pwt, nwt_source_name=nwt
I0114 02:40:48.343436 13780 master_component.cc:981] MasterComponent: start regularizing model pwt
I0114 02:40:48.381379 11324 processor.cc:74] No data in processing queue, waiting...
I0114 02:40:48.430351 13780 master_component.cc:1009] MasterComponent: complete regularizing model pwt
I0114 02:40:48.430351 13780 master_component.cc:1495] DisposeModel pwt
I0114 02:40:48.441253 13780 master_component.cc:1471] NormalizeModelArgs: pwt_target_name=pwt, nwt_source_name=nwt, rwt_source_name=rwt
I0114 02:40:48.441253 13780 master_component.cc:1013] MasterComponent: start normalizing model nwt
I0114 02:40:48.546241 13780 master_component.cc:1043] MasterComponent: complete normalizing model nwt
I0114 02:40:48.668270 13780 master_component.cc:1495] DisposeModel rwt
I0114 02:40:48.678265 13780 master_component.cc:1071] FitOffline: ItemsProcessed, num_items=1728, num_batches=2, token_weight=808522, token_weight_in_effect=808522
I0114 02:40:48.678265 13780 c_interface.cc:389] Pass FitOfflineMasterModelArgs, batch_filename_size=2, batch_weight_size=2, num_collection_passes=1, reset_nwt=yes to void (__cdecl artm::core::MasterComponent::*)(class artm::FitOfflineMasterModelArgs const & __ptr64) __ptr64
I0114 02:40:48.679270 13780 master_component.cc:1420] ProcessBatchesArgs: nwt_target_name=nwt, batch_filename_size=2, batch_size=0, batch_weight_size=2, pwt_source_name=pwt, num_document_passes=10, regularizer=(name:SparsePhi, tau:-100000), reuse_theta=no, opt_for_avx=yes, predict_class_id=, reset_nwt=yes
I0114 02:40:48.703322 16104 processor.cc:81] Processing queue has data, processing started
I0114 02:40:48.703322  2024 processor.cc:81] Processing queue has data, processing started
I0114 02:40:48.735231  2024 processor.cc:158] Processor: start processing batch eeaf1b08-dd16-4ede-a19b-22e9ca68234c into model nwt
I0114 02:40:48.759282 16104 processor.cc:158] Processor: start processing batch d5054302-35d7-4ef2-ad4b-2d92241a05fe into model nwt
I0114 02:40:49.233023  2024 processor.cc:293] Processor: complete processing batch eeaf1b08-dd16-4ede-a19b-22e9ca68234c into model nwt
I0114 02:40:49.239019  2024 cuckoo_watch.h:45] 536ms in ProcessBatch(batches\aaaaaa.batch) [including 32ms in LoadMessage; 0ms in InitializeTheta; 0ms in CreateRegularizerAgents; 24ms in InitializeSparseNdw; 292ms in InferThetaAndUpdateNwtSparse; 181ms in CalculateScore(^^^ItemsProcessedScore^^^); ]
I0114 02:40:49.281000  2024 processor.cc:74] No data in processing queue, waiting...
I0114 02:40:49.743252 16104 processor.cc:293] Processor: complete processing batch d5054302-35d7-4ef2-ad4b-2d92241a05fe into model nwt
I0114 02:40:49.751266 16104 cuckoo_watch.h:45] 1048ms in ProcessBatch(batches\aaaaab.batch) [including 56ms in LoadMessage; 0ms in InitializeTheta; 0ms in CreateRegularizerAgents; 53ms in InitializeSparseNdw; 651ms in InferThetaAndUpdateNwtSparse; 277ms in CalculateScore(^^^ItemsProcessedScore^^^); ]
I0114 02:40:49.753262 13780 master_component.cc:1458] RegularizeModelArgs: rwt_target_name=rwt, pwt_source_name=pwt, nwt_source_name=nwt
I0114 02:40:49.753262 13780 master_component.cc:981] MasterComponent: start regularizing model pwt
I0114 02:40:49.806213 16104 processor.cc:74] No data in processing queue, waiting...
I0114 02:40:49.856186 13780 master_component.cc:1009] MasterComponent: complete regularizing model pwt
I0114 02:40:49.856186 13780 master_component.cc:1495] DisposeModel pwt
I0114 02:40:49.872177 13780 master_component.cc:1471] NormalizeModelArgs: pwt_target_name=pwt, nwt_source_name=nwt, rwt_source_name=rwt
I0114 02:40:49.872177 13780 master_component.cc:1013] MasterComponent: start normalizing model nwt
I0114 02:40:49.979118 13780 master_component.cc:1043] MasterComponent: complete normalizing model nwt
I0114 02:40:50.130717 13780 master_component.cc:1495] DisposeModel rwt
I0114 02:40:50.139712 13780 master_component.cc:1071] FitOffline: ItemsProcessed, num_items=1728, num_batches=2, token_weight=808522, token_weight_in_effect=808522
I0114 02:40:50.139712 13780 c_interface.cc:389] Pass FitOfflineMasterModelArgs, batch_filename_size=2, batch_weight_size=2, num_collection_passes=1, reset_nwt=yes to void (__cdecl artm::core::MasterComponent::*)(class artm::FitOfflineMasterModelArgs const & __ptr64) __ptr64
I0114 02:40:50.140697 13780 master_component.cc:1420] ProcessBatchesArgs: nwt_target_name=nwt, batch_filename_size=2, batch_size=0, batch_weight_size=2, pwt_source_name=pwt, num_document_passes=10, regularizer=(name:SparsePhi, tau:-100000), reuse_theta=no, opt_for_avx=yes, predict_class_id=, reset_nwt=yes
I0114 02:40:50.163750 11324 processor.cc:81] Processing queue has data, processing started
I0114 02:40:50.163750  2024 processor.cc:81] Processing queue has data, processing started
I0114 02:40:50.187664 11324 processor.cc:158] Processor: start processing batch eeaf1b08-dd16-4ede-a19b-22e9ca68234c into model nwt
I0114 02:40:50.208652  2024 processor.cc:158] Processor: start processing batch d5054302-35d7-4ef2-ad4b-2d92241a05fe into model nwt
I0114 02:40:50.674758 11324 processor.cc:293] Processor: complete processing batch eeaf1b08-dd16-4ede-a19b-22e9ca68234c into model nwt
I0114 02:40:50.677754 11324 cuckoo_watch.h:45] 514ms in ProcessBatch(batches\aaaaaa.batch) [including 24ms in LoadMessage; 0ms in InitializeTheta; 0ms in CreateRegularizerAgents; 20ms in InitializeSparseNdw; 300ms in InferThetaAndUpdateNwtSparse; 166ms in CalculateScore(^^^ItemsProcessedScore^^^); ]
I0114 02:40:50.728726 11324 processor.cc:74] No data in processing queue, waiting...
I0114 02:40:51.166113  2024 processor.cc:293] Processor: complete processing batch d5054302-35d7-4ef2-ad4b-2d92241a05fe into model nwt
I0114 02:40:51.174108  2024 cuckoo_watch.h:45] 1010ms in ProcessBatch(batches\aaaaab.batch) [including 45ms in LoadMessage; 0ms in InitializeTheta; 0ms in CreateRegularizerAgents; 46ms in InitializeSparseNdw; 616ms in InferThetaAndUpdateNwtSparse; 293ms in CalculateScore(^^^ItemsProcessedScore^^^); ]
I0114 02:40:51.176180 13780 master_component.cc:1458] RegularizeModelArgs: rwt_target_name=rwt, pwt_source_name=pwt, nwt_source_name=nwt
I0114 02:40:51.176180 13780 master_component.cc:981] MasterComponent: start regularizing model pwt
I0114 02:40:51.221081  2024 processor.cc:74] No data in processing queue, waiting...
I0114 02:40:51.253063 13780 master_component.cc:1009] MasterComponent: complete regularizing model pwt
I0114 02:40:51.253063 13780 master_component.cc:1495] DisposeModel pwt
I0114 02:40:51.262061 13780 master_component.cc:1471] NormalizeModelArgs: pwt_target_name=pwt, nwt_source_name=nwt, rwt_source_name=rwt
I0114 02:40:51.262061 13780 master_component.cc:1013] MasterComponent: start normalizing model nwt
I0114 02:40:51.380991 13780 master_component.cc:1043] MasterComponent: complete normalizing model nwt
I0114 02:40:51.503922 13780 master_component.cc:1495] DisposeModel rwt
I0114 02:40:51.514915 13780 master_component.cc:1071] FitOffline: ItemsProcessed, num_items=1728, num_batches=2, token_weight=808522, token_weight_in_effect=808522
I0114 02:40:51.514915 13780 c_interface.cc:389] Pass FitOfflineMasterModelArgs, batch_filename_size=2, batch_weight_size=2, num_collection_passes=1, reset_nwt=yes to void (__cdecl artm::core::MasterComponent::*)(class artm::FitOfflineMasterModelArgs const & __ptr64) __ptr64
I0114 02:40:51.514915 13780 master_component.cc:1420] ProcessBatchesArgs: nwt_target_name=nwt, batch_filename_size=2, batch_size=0, batch_weight_size=2, pwt_source_name=pwt, num_document_passes=10, regularizer=(name:SparsePhi, tau:-100000), reuse_theta=no, opt_for_avx=yes, predict_class_id=, reset_nwt=yes
I0114 02:40:51.540926 11324 processor.cc:81] Processing queue has data, processing started
I0114 02:40:51.540926  2024 processor.cc:81] Processing queue has data, processing started
I0114 02:40:51.578904 11324 processor.cc:158] Processor: start processing batch eeaf1b08-dd16-4ede-a19b-22e9ca68234c into model nwt
I0114 02:40:51.604890  2024 processor.cc:158] Processor: start processing batch d5054302-35d7-4ef2-ad4b-2d92241a05fe into model nwt
I0114 02:40:52.123903 11324 processor.cc:293] Processor: complete processing batch eeaf1b08-dd16-4ede-a19b-22e9ca68234c into model nwt
I0114 02:40:52.126899 11324 cuckoo_watch.h:45] 586ms in ProcessBatch(batches\aaaaaa.batch) [including 38ms in LoadMessage; 0ms in InitializeTheta; 0ms in CreateRegularizerAgents; 23ms in InitializeSparseNdw; 322ms in InferThetaAndUpdateNwtSparse; 199ms in CalculateScore(^^^ItemsProcessedScore^^^); ]
I0114 02:40:52.170874 11324 processor.cc:74] No data in processing queue, waiting...
I0114 02:40:52.563650  2024 processor.cc:293] Processor: complete processing batch d5054302-35d7-4ef2-ad4b-2d92241a05fe into model nwt
I0114 02:40:52.571648  2024 cuckoo_watch.h:45] 1031ms in ProcessBatch(batches\aaaaab.batch) [including 64ms in LoadMessage; 0ms in InitializeTheta; 0ms in CreateRegularizerAgents; 52ms in InitializeSparseNdw; 663ms in InferThetaAndUpdateNwtSparse; 241ms in CalculateScore(^^^ItemsProcessedScore^^^); ]
I0114 02:40:52.574642 13780 master_component.cc:1458] RegularizeModelArgs: rwt_target_name=rwt, pwt_source_name=pwt, nwt_source_name=nwt
I0114 02:40:52.574642 13780 master_component.cc:981] MasterComponent: start regularizing model pwt
I0114 02:40:52.621618  2024 processor.cc:74] No data in processing queue, waiting...
I0114 02:40:52.668287 13780 master_component.cc:1009] MasterComponent: complete regularizing model pwt
I0114 02:40:52.668287 13780 master_component.cc:1495] DisposeModel pwt
I0114 02:40:52.682278 13780 master_component.cc:1471] NormalizeModelArgs: pwt_target_name=pwt, nwt_source_name=nwt, rwt_source_name=rwt
I0114 02:40:52.682278 13780 master_component.cc:1013] MasterComponent: start normalizing model nwt
I0114 02:40:52.793215 13780 master_component.cc:1043] MasterComponent: complete normalizing model nwt
I0114 02:40:52.900156 13780 master_component.cc:1495] DisposeModel rwt
I0114 02:40:52.910147 13780 master_component.cc:1071] FitOffline: ItemsProcessed, num_items=1728, num_batches=2, token_weight=808522, token_weight_in_effect=808522
I0114 02:40:52.910147 13780 c_interface.cc:389] Pass FitOfflineMasterModelArgs, batch_filename_size=2, batch_weight_size=2, num_collection_passes=1, reset_nwt=yes to void (__cdecl artm::core::MasterComponent::*)(class artm::FitOfflineMasterModelArgs const & __ptr64) __ptr64
I0114 02:40:52.910147 13780 master_component.cc:1420] ProcessBatchesArgs: nwt_target_name=nwt, batch_filename_size=2, batch_size=0, batch_weight_size=2, pwt_source_name=pwt, num_document_passes=10, regularizer=(name:SparsePhi, tau:-100000), reuse_theta=no, opt_for_avx=yes, predict_class_id=, reset_nwt=yes
I0114 02:40:52.939139 11324 processor.cc:81] Processing queue has data, processing started
I0114 02:40:52.939139 14868 processor.cc:81] Processing queue has data, processing started
I0114 02:40:52.980111 11324 processor.cc:158] Processor: start processing batch eeaf1b08-dd16-4ede-a19b-22e9ca68234c into model nwt
I0114 02:40:53.008093 14868 processor.cc:158] Processor: start processing batch d5054302-35d7-4ef2-ad4b-2d92241a05fe into model nwt
I0114 02:40:53.506806 11324 processor.cc:293] Processor: complete processing batch eeaf1b08-dd16-4ede-a19b-22e9ca68234c into model nwt
I0114 02:40:53.510804 11324 cuckoo_watch.h:45] 571ms in ProcessBatch(batches\aaaaaa.batch) [including 40ms in LoadMessage; 0ms in InitializeTheta; 0ms in CreateRegularizerAgents; 33ms in InitializeSparseNdw; 310ms in InferThetaAndUpdateNwtSparse; 181ms in CalculateScore(^^^ItemsProcessedScore^^^); ]
I0114 02:40:53.567772 11324 processor.cc:74] No data in processing queue, waiting...
I0114 02:40:53.918574 14868 processor.cc:293] Processor: complete processing batch d5054302-35d7-4ef2-ad4b-2d92241a05fe into model nwt
I0114 02:40:53.926568 14868 cuckoo_watch.h:45] 988ms in ProcessBatch(batches\aaaaab.batch) [including 69ms in LoadMessage; 0ms in InitializeTheta; 0ms in CreateRegularizerAgents; 62ms in InitializeSparseNdw; 608ms in InferThetaAndUpdateNwtSparse; 238ms in CalculateScore(^^^ItemsProcessedScore^^^); ]
I0114 02:40:53.927567 13780 master_component.cc:1458] RegularizeModelArgs: rwt_target_name=rwt, pwt_source_name=pwt, nwt_source_name=nwt
I0114 02:40:53.927567 13780 master_component.cc:981] MasterComponent: start regularizing model pwt
I0114 02:40:53.980537 14868 processor.cc:74] No data in processing queue, waiting...
I0114 02:40:54.006541 13780 master_component.cc:1009] MasterComponent: complete regularizing model pwt
I0114 02:40:54.006541 13780 master_component.cc:1495] DisposeModel pwt
I0114 02:40:54.016515 13780 master_component.cc:1471] NormalizeModelArgs: pwt_target_name=pwt, nwt_source_name=nwt, rwt_source_name=rwt
I0114 02:40:54.016515 13780 master_component.cc:1013] MasterComponent: start normalizing model nwt
I0114 02:40:54.106492 13780 master_component.cc:1043] MasterComponent: complete normalizing model nwt
I0114 02:40:54.211442 13780 master_component.cc:1495] DisposeModel rwt
I0114 02:40:54.219437 13780 master_component.cc:1071] FitOffline: ItemsProcessed, num_items=1728, num_batches=2, token_weight=808522, token_weight_in_effect=808522
I0114 02:40:54.220438 13780 c_interface.cc:389] Pass FitOfflineMasterModelArgs, batch_filename_size=2, batch_weight_size=2, num_collection_passes=1, reset_nwt=yes to void (__cdecl artm::core::MasterComponent::*)(class artm::FitOfflineMasterModelArgs const & __ptr64) __ptr64
I0114 02:40:54.220438 13780 master_component.cc:1420] ProcessBatchesArgs: nwt_target_name=nwt, batch_filename_size=2, batch_size=0, batch_weight_size=2, pwt_source_name=pwt, num_document_passes=10, regularizer=(name:SparsePhi, tau:-100000), reuse_theta=no, opt_for_avx=yes, predict_class_id=, reset_nwt=yes
I0114 02:40:54.242429  2024 processor.cc:81] Processing queue has data, processing started
I0114 02:40:54.247428 11324 processor.cc:81] Processing queue has data, processing started
I0114 02:40:54.264420  2024 processor.cc:158] Processor: start processing batch eeaf1b08-dd16-4ede-a19b-22e9ca68234c into model nwt
I0114 02:40:54.294399 11324 processor.cc:158] Processor: start processing batch d5054302-35d7-4ef2-ad4b-2d92241a05fe into model nwt
I0114 02:40:54.720165  2024 processor.cc:293] Processor: complete processing batch eeaf1b08-dd16-4ede-a19b-22e9ca68234c into model nwt
I0114 02:40:54.723161  2024 cuckoo_watch.h:45] 481ms in ProcessBatch(batches\aaaaaa.batch) [including 22ms in LoadMessage; 0ms in InitializeTheta; 0ms in CreateRegularizerAgents; 18ms in InitializeSparseNdw; 298ms in InferThetaAndUpdateNwtSparse; 138ms in CalculateScore(^^^ItemsProcessedScore^^^); ]
I0114 02:40:54.773151  2024 processor.cc:74] No data in processing queue, waiting...
I0114 02:40:55.163964 11324 processor.cc:293] Processor: complete processing batch d5054302-35d7-4ef2-ad4b-2d92241a05fe into model nwt
I0114 02:40:55.170958 11324 cuckoo_watch.h:45] 923ms in ProcessBatch(batches\aaaaab.batch) [including 47ms in LoadMessage; 0ms in InitializeTheta; 0ms in CreateRegularizerAgents; 54ms in InitializeSparseNdw; 570ms in InferThetaAndUpdateNwtSparse; 244ms in CalculateScore(^^^ItemsProcessedScore^^^); ]
I0114 02:40:55.173003 13780 master_component.cc:1458] RegularizeModelArgs: rwt_target_name=rwt, pwt_source_name=pwt, nwt_source_name=nwt
I0114 02:40:55.173003 13780 master_component.cc:981] MasterComponent: start regularizing model pwt
I0114 02:40:55.210988 11324 processor.cc:74] No data in processing queue, waiting...
I0114 02:40:55.248975 13780 master_component.cc:1009] MasterComponent: complete regularizing model pwt
I0114 02:40:55.248975 13780 master_component.cc:1495] DisposeModel pwt
I0114 02:40:55.257966 13780 master_component.cc:1471] NormalizeModelArgs: pwt_target_name=pwt, nwt_source_name=nwt, rwt_source_name=rwt
I0114 02:40:55.257966 13780 master_component.cc:1013] MasterComponent: start normalizing model nwt
I0114 02:40:55.349920 13780 master_component.cc:1043] MasterComponent: complete normalizing model nwt
I0114 02:40:55.454869 13780 master_component.cc:1495] DisposeModel rwt
I0114 02:40:55.463863 13780 master_component.cc:1071] FitOffline: ItemsProcessed, num_items=1728, num_batches=2, token_weight=808522, token_weight_in_effect=808522
I0114 02:40:55.464864 13780 c_interface.cc:389] Pass FitOfflineMasterModelArgs, batch_filename_size=2, batch_weight_size=2, num_collection_passes=1, reset_nwt=yes to void (__cdecl artm::core::MasterComponent::*)(class artm::FitOfflineMasterModelArgs const & __ptr64) __ptr64
I0114 02:40:55.464864 13780 master_component.cc:1420] ProcessBatchesArgs: nwt_target_name=nwt, batch_filename_size=2, batch_size=0, batch_weight_size=2, pwt_source_name=pwt, num_document_passes=10, regularizer=(name:SparsePhi, tau:-100000), reuse_theta=no, opt_for_avx=yes, predict_class_id=, reset_nwt=yes
I0114 02:40:55.491919  2024 processor.cc:81] Processing queue has data, processing started
I0114 02:40:55.491919 16104 processor.cc:81] Processing queue has data, processing started
I0114 02:40:55.515909  2024 processor.cc:158] Processor: start processing batch eeaf1b08-dd16-4ede-a19b-22e9ca68234c into model nwt
I0114 02:40:55.540925 16104 processor.cc:158] Processor: start processing batch d5054302-35d7-4ef2-ad4b-2d92241a05fe into model nwt
I0114 02:40:55.973676  2024 processor.cc:293] Processor: complete processing batch eeaf1b08-dd16-4ede-a19b-22e9ca68234c into model nwt
I0114 02:40:55.976673  2024 cuckoo_watch.h:45] 485ms in ProcessBatch(batches\aaaaaa.batch) [including 24ms in LoadMessage; 0ms in InitializeTheta; 0ms in CreateRegularizerAgents; 22ms in InitializeSparseNdw; 287ms in InferThetaAndUpdateNwtSparse; 148ms in CalculateScore(^^^ItemsProcessedScore^^^); ]
I0114 02:40:56.018649  2024 processor.cc:74] No data in processing queue, waiting...
I0114 02:40:56.403990 16104 processor.cc:293] Processor: complete processing batch d5054302-35d7-4ef2-ad4b-2d92241a05fe into model nwt
I0114 02:40:56.409984 16104 cuckoo_watch.h:45] 918ms in ProcessBatch(batches\aaaaab.batch) [including 49ms in LoadMessage; 0ms in InitializeTheta; 0ms in CreateRegularizerAgents; 46ms in InitializeSparseNdw; 578ms in InferThetaAndUpdateNwtSparse; 237ms in CalculateScore(^^^ItemsProcessedScore^^^); ]
I0114 02:40:56.411651 13780 master_component.cc:1458] RegularizeModelArgs: rwt_target_name=rwt, pwt_source_name=pwt, nwt_source_name=nwt
I0114 02:40:56.411651 13780 master_component.cc:981] MasterComponent: start regularizing model pwt
I0114 02:40:56.461647 16104 processor.cc:74] No data in processing queue, waiting...
I0114 02:40:56.488612 13780 master_component.cc:1009] MasterComponent: complete regularizing model pwt
I0114 02:40:56.488612 13780 master_component.cc:1495] DisposeModel pwt
I0114 02:40:56.497611 13780 master_component.cc:1471] NormalizeModelArgs: pwt_target_name=pwt, nwt_source_name=nwt, rwt_source_name=rwt
I0114 02:40:56.497611 13780 master_component.cc:1013] MasterComponent: start normalizing model nwt
I0114 02:40:56.593030 13780 master_component.cc:1043] MasterComponent: complete normalizing model nwt
I0114 02:40:56.697970 13780 master_component.cc:1495] DisposeModel rwt
I0114 02:40:56.706965 13780 master_component.cc:1071] FitOffline: ItemsProcessed, num_items=1728, num_batches=2, token_weight=808522, token_weight_in_effect=808522
I0114 02:40:56.707948 13780 c_interface.cc:389] Pass FitOfflineMasterModelArgs, batch_filename_size=2, batch_weight_size=2, num_collection_passes=1, reset_nwt=yes to void (__cdecl artm::core::MasterComponent::*)(class artm::FitOfflineMasterModelArgs const & __ptr64) __ptr64
I0114 02:40:56.707948 13780 master_component.cc:1420] ProcessBatchesArgs: nwt_target_name=nwt, batch_filename_size=2, batch_size=0, batch_weight_size=2, pwt_source_name=pwt, num_document_passes=10, regularizer=(name:SparsePhi, tau:-100000), reuse_theta=no, opt_for_avx=yes, predict_class_id=, reset_nwt=yes
I0114 02:40:56.730967 11324 processor.cc:81] Processing queue has data, processing started
I0114 02:40:56.730967 14868 processor.cc:81] Processing queue has data, processing started
I0114 02:40:56.755919 14868 processor.cc:158] Processor: start processing batch eeaf1b08-dd16-4ede-a19b-22e9ca68234c into model nwt
I0114 02:40:56.778908 11324 processor.cc:158] Processor: start processing batch d5054302-35d7-4ef2-ad4b-2d92241a05fe into model nwt
I0114 02:40:57.183673 14868 processor.cc:293] Processor: complete processing batch eeaf1b08-dd16-4ede-a19b-22e9ca68234c into model nwt
I0114 02:40:57.187670 14868 cuckoo_watch.h:45] 456ms in ProcessBatch(batches\aaaaaa.batch) [including 25ms in LoadMessage; 0ms in InitializeTheta; 0ms in CreateRegularizerAgents; 18ms in InitializeSparseNdw; 278ms in InferThetaAndUpdateNwtSparse; 129ms in CalculateScore(^^^ItemsProcessedScore^^^); ]
I0114 02:40:57.230644 14868 processor.cc:74] No data in processing queue, waiting...
I0114 02:40:57.624956 11324 processor.cc:293] Processor: complete processing batch d5054302-35d7-4ef2-ad4b-2d92241a05fe into model nwt
I0114 02:40:57.631930 11324 cuckoo_watch.h:45] 900ms in ProcessBatch(batches\aaaaab.batch) [including 48ms in LoadMessage; 0ms in InitializeTheta; 0ms in CreateRegularizerAgents; 41ms in InitializeSparseNdw; 561ms in InferThetaAndUpdateNwtSparse; 242ms in CalculateScore(^^^ItemsProcessedScore^^^); ]
I0114 02:40:57.633002 13780 master_component.cc:1458] RegularizeModelArgs: rwt_target_name=rwt, pwt_source_name=pwt, nwt_source_name=nwt
I0114 02:40:57.633002 13780 master_component.cc:981] MasterComponent: start regularizing model pwt
I0114 02:40:57.675907 11324 processor.cc:74] No data in processing queue, waiting...
I0114 02:40:57.711889 13780 master_component.cc:1009] MasterComponent: complete regularizing model pwt
I0114 02:40:57.711889 13780 master_component.cc:1495] DisposeModel pwt
I0114 02:40:57.724879 13780 master_component.cc:1471] NormalizeModelArgs: pwt_target_name=pwt, nwt_source_name=nwt, rwt_source_name=rwt
I0114 02:40:57.724879 13780 master_component.cc:1013] MasterComponent: start normalizing model nwt
I0114 02:40:57.815845 13780 master_component.cc:1043] MasterComponent: complete normalizing model nwt
I0114 02:40:57.919766 13780 master_component.cc:1495] DisposeModel rwt
I0114 02:40:57.928761 13780 master_component.cc:1071] FitOffline: ItemsProcessed, num_items=1728, num_batches=2, token_weight=808522, token_weight_in_effect=808522
I0114 02:40:57.928761 13780 c_interface.cc:389] Pass FitOfflineMasterModelArgs, batch_filename_size=2, batch_weight_size=2, num_collection_passes=1, reset_nwt=yes to void (__cdecl artm::core::MasterComponent::*)(class artm::FitOfflineMasterModelArgs const & __ptr64) __ptr64
I0114 02:40:57.928761 13780 master_component.cc:1420] ProcessBatchesArgs: nwt_target_name=nwt, batch_filename_size=2, batch_size=0, batch_weight_size=2, pwt_source_name=pwt, num_document_passes=10, regularizer=(name:SparsePhi, tau:-100000), reuse_theta=no, opt_for_avx=yes, predict_class_id=, reset_nwt=yes
I0114 02:40:57.953781 16104 processor.cc:81] Processing queue has data, processing started
I0114 02:40:57.953781 11324 processor.cc:81] Processing queue has data, processing started
I0114 02:40:57.978735 11324 processor.cc:158] Processor: start processing batch eeaf1b08-dd16-4ede-a19b-22e9ca68234c into model nwt
I0114 02:40:58.003722 16104 processor.cc:158] Processor: start processing batch d5054302-35d7-4ef2-ad4b-2d92241a05fe into model nwt
I0114 02:40:58.407932 11324 processor.cc:293] Processor: complete processing batch eeaf1b08-dd16-4ede-a19b-22e9ca68234c into model nwt
I0114 02:40:58.411909 11324 cuckoo_watch.h:45] 458ms in ProcessBatch(batches\aaaaaa.batch) [including 25ms in LoadMessage; 0ms in InitializeTheta; 0ms in CreateRegularizerAgents; 23ms in InitializeSparseNdw; 267ms in InferThetaAndUpdateNwtSparse; 138ms in CalculateScore(^^^ItemsProcessedScore^^^); ]
I0114 02:40:58.461902 11324 processor.cc:74] No data in processing queue, waiting...
I0114 02:40:58.840684 16104 processor.cc:293] Processor: complete processing batch d5054302-35d7-4ef2-ad4b-2d92241a05fe into model nwt
I0114 02:40:58.847681 16104 cuckoo_watch.h:45] 894ms in ProcessBatch(batches\aaaaab.batch) [including 50ms in LoadMessage; 0ms in InitializeTheta; 0ms in CreateRegularizerAgents; 43ms in InitializeSparseNdw; 555ms in InferThetaAndUpdateNwtSparse; 238ms in CalculateScore(^^^ItemsProcessedScore^^^); ]
I0114 02:40:58.848695 13780 master_component.cc:1458] RegularizeModelArgs: rwt_target_name=rwt, pwt_source_name=pwt, nwt_source_name=nwt
I0114 02:40:58.848695 13780 master_component.cc:981] MasterComponent: start regularizing model pwt
I0114 02:40:58.909627 16104 processor.cc:74] No data in processing queue, waiting...
I0114 02:40:58.923619 13780 master_component.cc:1009] MasterComponent: complete regularizing model pwt
I0114 02:40:58.923619 13780 master_component.cc:1495] DisposeModel pwt
I0114 02:40:58.932612 13780 master_component.cc:1471] NormalizeModelArgs: pwt_target_name=pwt, nwt_source_name=nwt, rwt_source_name=rwt
I0114 02:40:58.932612 13780 master_component.cc:1013] MasterComponent: start normalizing model nwt
I0114 02:40:59.026070 13780 master_component.cc:1043] MasterComponent: complete normalizing model nwt
I0114 02:40:59.168990 13780 master_component.cc:1495] DisposeModel rwt
I0114 02:40:59.178963 13780 master_component.cc:1071] FitOffline: ItemsProcessed, num_items=1728, num_batches=2, token_weight=808522, token_weight_in_effect=808522
I0114 02:40:59.178963 13780 c_interface.cc:389] Pass FitOfflineMasterModelArgs, batch_filename_size=2, batch_weight_size=2, num_collection_passes=1, reset_nwt=yes to void (__cdecl artm::core::MasterComponent::*)(class artm::FitOfflineMasterModelArgs const & __ptr64) __ptr64
I0114 02:40:59.178963 13780 master_component.cc:1420] ProcessBatchesArgs: nwt_target_name=nwt, batch_filename_size=2, batch_size=0, batch_weight_size=2, pwt_source_name=pwt, num_document_passes=10, regularizer=(name:SparsePhi, tau:-100000), reuse_theta=no, opt_for_avx=yes, predict_class_id=, reset_nwt=yes
I0114 02:40:59.203032 14868 processor.cc:81] Processing queue has data, processing started
I0114 02:40:59.203032 16104 processor.cc:81] Processing queue has data, processing started
I0114 02:40:59.227042 14868 processor.cc:158] Processor: start processing batch eeaf1b08-dd16-4ede-a19b-22e9ca68234c into model nwt
I0114 02:40:59.253011 16104 processor.cc:158] Processor: start processing batch d5054302-35d7-4ef2-ad4b-2d92241a05fe into model nwt
I0114 02:40:59.714746 14868 processor.cc:293] Processor: complete processing batch eeaf1b08-dd16-4ede-a19b-22e9ca68234c into model nwt
I0114 02:40:59.718762 14868 cuckoo_watch.h:45] 516ms in ProcessBatch(batches\aaaaaa.batch) [including 24ms in LoadMessage; 0ms in InitializeTheta; 0ms in CreateRegularizerAgents; 22ms in InitializeSparseNdw; 309ms in InferThetaAndUpdateNwtSparse; 155ms in CalculateScore(^^^ItemsProcessedScore^^^); ]
I0114 02:40:59.766736 14868 processor.cc:74] No data in processing queue, waiting...
I0114 02:41:00.164515 16104 processor.cc:293] Processor: complete processing batch d5054302-35d7-4ef2-ad4b-2d92241a05fe into model nwt
I0114 02:41:00.171509 16104 cuckoo_watch.h:45] 969ms in ProcessBatch(batches\aaaaab.batch) [including 50ms in LoadMessage; 0ms in InitializeTheta; 0ms in CreateRegularizerAgents; 53ms in InitializeSparseNdw; 599ms in InferThetaAndUpdateNwtSparse; 258ms in CalculateScore(^^^ItemsProcessedScore^^^); ]
I0114 02:41:00.172524 13780 master_component.cc:1458] RegularizeModelArgs: rwt_target_name=rwt, pwt_source_name=pwt, nwt_source_name=nwt
I0114 02:41:00.172524 13780 master_component.cc:981] MasterComponent: start regularizing model pwt
I0114 02:41:00.215319 16104 processor.cc:74] No data in processing queue, waiting...
I0114 02:41:00.247318 13780 master_component.cc:1009] MasterComponent: complete regularizing model pwt
I0114 02:41:00.247318 13780 master_component.cc:1495] DisposeModel pwt
I0114 02:41:00.256292 13780 master_component.cc:1471] NormalizeModelArgs: pwt_target_name=pwt, nwt_source_name=nwt, rwt_source_name=rwt
I0114 02:41:00.256292 13780 master_component.cc:1013] MasterComponent: start normalizing model nwt
I0114 02:41:00.347240 13780 master_component.cc:1043] MasterComponent: complete normalizing model nwt
I0114 02:41:00.452183 13780 master_component.cc:1495] DisposeModel rwt
I0114 02:41:00.461175 13780 master_component.cc:1071] FitOffline: ItemsProcessed, num_items=1728, num_batches=2, token_weight=808522, token_weight_in_effect=808522
I0114 02:41:00.461175 13780 c_interface.cc:389] Pass FitOfflineMasterModelArgs, batch_filename_size=2, batch_weight_size=2, num_collection_passes=1, reset_nwt=yes to void (__cdecl artm::core::MasterComponent::*)(class artm::FitOfflineMasterModelArgs const & __ptr64) __ptr64
I0114 02:41:00.461175 13780 master_component.cc:1420] ProcessBatchesArgs: nwt_target_name=nwt, batch_filename_size=2, batch_size=0, batch_weight_size=2, pwt_source_name=pwt, num_document_passes=10, regularizer=(name:SparsePhi, tau:-100000), reuse_theta=no, opt_for_avx=yes, predict_class_id=, reset_nwt=yes
I0114 02:41:00.485177 14868 processor.cc:81] Processing queue has data, processing started
I0114 02:41:00.485177 11324 processor.cc:81] Processing queue has data, processing started
I0114 02:41:00.507149 11324 processor.cc:158] Processor: start processing batch eeaf1b08-dd16-4ede-a19b-22e9ca68234c into model nwt
I0114 02:41:00.527137 14868 processor.cc:158] Processor: start processing batch d5054302-35d7-4ef2-ad4b-2d92241a05fe into model nwt
I0114 02:41:00.946898 11324 processor.cc:293] Processor: complete processing batch eeaf1b08-dd16-4ede-a19b-22e9ca68234c into model nwt
I0114 02:41:00.949918 11324 cuckoo_watch.h:45] 464ms in ProcessBatch(batches\aaaaaa.batch) [including 22ms in LoadMessage; 0ms in InitializeTheta; 0ms in CreateRegularizerAgents; 17ms in InitializeSparseNdw; 282ms in InferThetaAndUpdateNwtSparse; 138ms in CalculateScore(^^^ItemsProcessedScore^^^); ]
I0114 02:41:00.998888 11324 processor.cc:74] No data in processing queue, waiting...
I0114 02:41:01.439749 14868 processor.cc:293] Processor: complete processing batch d5054302-35d7-4ef2-ad4b-2d92241a05fe into model nwt
I0114 02:41:01.450723 14868 cuckoo_watch.h:45] 965ms in ProcessBatch(batches\aaaaab.batch) [including 42ms in LoadMessage; 0ms in InitializeTheta; 0ms in CreateRegularizerAgents; 46ms in InitializeSparseNdw; 578ms in InferThetaAndUpdateNwtSparse; 287ms in CalculateScore(^^^ItemsProcessedScore^^^); ]
I0114 02:41:01.452723 13780 master_component.cc:1458] RegularizeModelArgs: rwt_target_name=rwt, pwt_source_name=pwt, nwt_source_name=nwt
I0114 02:41:01.452723 13780 master_component.cc:981] MasterComponent: start regularizing model pwt
I0114 02:41:01.493696 14868 processor.cc:74] No data in processing queue, waiting...
I0114 02:41:01.556660 13780 master_component.cc:1009] MasterComponent: complete regularizing model pwt
I0114 02:41:01.556660 13780 master_component.cc:1495] DisposeModel pwt
I0114 02:41:01.570652 13780 master_component.cc:1471] NormalizeModelArgs: pwt_target_name=pwt, nwt_source_name=nwt, rwt_source_name=rwt
I0114 02:41:01.570652 13780 master_component.cc:1013] MasterComponent: start normalizing model nwt
I0114 02:41:01.664598 13780 master_component.cc:1043] MasterComponent: complete normalizing model nwt
I0114 02:41:01.767566 13780 master_component.cc:1495] DisposeModel rwt
I0114 02:41:01.776540 13780 master_component.cc:1071] FitOffline: ItemsProcessed, num_items=1728, num_batches=2, token_weight=808522, token_weight_in_effect=808522
I0114 02:41:01.776540 13780 c_interface.cc:389] Pass FitOfflineMasterModelArgs, batch_filename_size=2, batch_weight_size=2, num_collection_passes=1, reset_nwt=yes to void (__cdecl artm::core::MasterComponent::*)(class artm::FitOfflineMasterModelArgs const & __ptr64) __ptr64
I0114 02:41:01.776540 13780 master_component.cc:1420] ProcessBatchesArgs: nwt_target_name=nwt, batch_filename_size=2, batch_size=0, batch_weight_size=2, pwt_source_name=pwt, num_document_passes=10, regularizer=(name:SparsePhi, tau:-100000), reuse_theta=no, opt_for_avx=yes, predict_class_id=, reset_nwt=yes
I0114 02:41:01.800563 11324 processor.cc:81] Processing queue has data, processing started
I0114 02:41:01.800563  2024 processor.cc:81] Processing queue has data, processing started
I0114 02:41:01.822515 11324 processor.cc:158] Processor: start processing batch eeaf1b08-dd16-4ede-a19b-22e9ca68234c into model nwt
I0114 02:41:01.842504  2024 processor.cc:158] Processor: start processing batch d5054302-35d7-4ef2-ad4b-2d92241a05fe into model nwt
I0114 02:41:02.292246 11324 processor.cc:293] Processor: complete processing batch eeaf1b08-dd16-4ede-a19b-22e9ca68234c into model nwt
I0114 02:41:02.296243 11324 cuckoo_watch.h:45] 495ms in ProcessBatch(batches\aaaaaa.batch) [including 22ms in LoadMessage; 0ms in InitializeTheta; 0ms in CreateRegularizerAgents; 17ms in InitializeSparseNdw; 296ms in InferThetaAndUpdateNwtSparse; 155ms in CalculateScore(^^^ItemsProcessedScore^^^); ]
I0114 02:41:02.339224 11324 processor.cc:74] No data in processing queue, waiting...
I0114 02:41:02.724017  2024 processor.cc:293] Processor: complete processing batch d5054302-35d7-4ef2-ad4b-2d92241a05fe into model nwt
I0114 02:41:02.730013  2024 cuckoo_watch.h:45] 930ms in ProcessBatch(batches\aaaaab.batch) [including 42ms in LoadMessage; 0ms in InitializeTheta; 0ms in CreateRegularizerAgents; 55ms in InitializeSparseNdw; 582ms in InferThetaAndUpdateNwtSparse; 241ms in CalculateScore(^^^ItemsProcessedScore^^^); ]
I0114 02:41:02.731014 13780 master_component.cc:1458] RegularizeModelArgs: rwt_target_name=rwt, pwt_source_name=pwt, nwt_source_name=nwt
I0114 02:41:02.731014 13780 master_component.cc:981] MasterComponent: start regularizing model pwt
I0114 02:41:02.782004  2024 processor.cc:74] No data in processing queue, waiting...
I0114 02:41:02.804973 13780 master_component.cc:1009] MasterComponent: complete regularizing model pwt
I0114 02:41:02.804973 13780 master_component.cc:1495] DisposeModel pwt
I0114 02:41:02.813968 13780 master_component.cc:1471] NormalizeModelArgs: pwt_target_name=pwt, nwt_source_name=nwt, rwt_source_name=rwt
I0114 02:41:02.813968 13780 master_component.cc:1013] MasterComponent: start normalizing model nwt
I0114 02:41:02.903923 13780 master_component.cc:1043] MasterComponent: complete normalizing model nwt
