I0114 02:43:16.094615  2024 cuckoo_watch.h:45] 974ms in ProcessBatch(batches\aaaaab.batch) [including 49ms in LoadMessage; 0ms in InitializeTheta; 0ms in CreateRegularizerAgents; 46ms in InitializeSparseNdw; 608ms in InferThetaAndUpdateNwtSparse; 265ms in CalculateScore(^^^ItemsProcessedScore^^^); ]
I0114 02:43:16.099640 13780 master_component.cc:1458] RegularizeModelArgs: rwt_target_name=rwt, pwt_source_name=pwt, nwt_source_name=nwt
I0114 02:43:16.099640 13780 master_component.cc:981] MasterComponent: start regularizing model pwt
I0114 02:43:16.139621  2024 processor.cc:74] No data in processing queue, waiting...
I0114 02:43:16.235872 13780 master_component.cc:1009] MasterComponent: complete regularizing model pwt
I0114 02:43:16.235872 13780 master_component.cc:1495] DisposeModel pwt
I0114 02:43:16.248865 13780 master_component.cc:1471] NormalizeModelArgs: pwt_target_name=pwt, nwt_source_name=nwt, rwt_source_name=rwt
I0114 02:43:16.248865 13780 master_component.cc:1013] MasterComponent: start normalizing model nwt
I0114 02:43:16.372794 13780 master_component.cc:1043] MasterComponent: complete normalizing model nwt
I0114 02:43:16.481731 13780 master_component.cc:1495] DisposeModel rwt
I0114 02:43:16.489727 13780 master_component.cc:1071] FitOffline: ItemsProcessed, num_items=1728, num_batches=2, token_weight=808522, token_weight_in_effect=808522
I0114 02:43:16.490726 13780 c_interface.cc:389] Pass FitOfflineMasterModelArgs, batch_filename_size=2, batch_weight_size=2, num_collection_passes=1, reset_nwt=yes to void (__cdecl artm::core::MasterComponent::*)(class artm::FitOfflineMasterModelArgs const & __ptr64) __ptr64
I0114 02:43:16.490726 13780 master_component.cc:1420] ProcessBatchesArgs: nwt_target_name=nwt, batch_filename_size=2, batch_size=0, batch_weight_size=2, pwt_source_name=pwt, num_document_passes=10, regularizer=(name:SparsePhi, tau:-100000), regularizer=(name:SparsePhi_bcg, tau:100000), reuse_theta=no, opt_for_avx=yes, predict_class_id=, reset_nwt=yes
I0114 02:43:16.515756  2024 processor.cc:81] Processing queue has data, processing started
I0114 02:43:16.515756 16104 processor.cc:81] Processing queue has data, processing started
I0114 02:43:16.545742  2024 processor.cc:158] Processor: start processing batch eeaf1b08-dd16-4ede-a19b-22e9ca68234c into model nwt
I0114 02:43:16.565732 16104 processor.cc:158] Processor: start processing batch d5054302-35d7-4ef2-ad4b-2d92241a05fe into model nwt
I0114 02:43:16.974508  2024 processor.cc:293] Processor: complete processing batch eeaf1b08-dd16-4ede-a19b-22e9ca68234c into model nwt
I0114 02:43:16.977506  2024 cuckoo_watch.h:45] 462ms in ProcessBatch(batches\aaaaaa.batch) [including 30ms in LoadMessage; 0ms in InitializeTheta; 0ms in CreateRegularizerAgents; 17ms in InitializeSparseNdw; 275ms in InferThetaAndUpdateNwtSparse; 135ms in CalculateScore(^^^ItemsProcessedScore^^^); ]
I0114 02:43:17.017483  2024 processor.cc:74] No data in processing queue, waiting...
I0114 02:43:17.400315 16104 processor.cc:293] Processor: complete processing batch d5054302-35d7-4ef2-ad4b-2d92241a05fe into model nwt
I0114 02:43:17.404314 16104 cuckoo_watch.h:45] 888ms in ProcessBatch(batches\aaaaab.batch) [including 50ms in LoadMessage; 0ms in InitializeTheta; 0ms in CreateRegularizerAgents; 41ms in InitializeSparseNdw; 550ms in InferThetaAndUpdateNwtSparse; 241ms in CalculateScore(^^^ItemsProcessedScore^^^); ]
I0114 02:43:17.407366 13780 master_component.cc:1458] RegularizeModelArgs: rwt_target_name=rwt, pwt_source_name=pwt, nwt_source_name=nwt
I0114 02:43:17.407366 13780 master_component.cc:981] MasterComponent: start regularizing model pwt
I0114 02:43:17.453364 16104 processor.cc:74] No data in processing queue, waiting...
I0114 02:43:17.502323 13780 master_component.cc:1009] MasterComponent: complete regularizing model pwt
I0114 02:43:17.503322 13780 master_component.cc:1495] DisposeModel pwt
I0114 02:43:17.512316 13780 master_component.cc:1471] NormalizeModelArgs: pwt_target_name=pwt, nwt_source_name=nwt, rwt_source_name=rwt
I0114 02:43:17.512316 13780 master_component.cc:1013] MasterComponent: start normalizing model nwt
I0114 02:43:17.600275 13780 master_component.cc:1043] MasterComponent: complete normalizing model nwt
I0114 02:43:17.723662 13780 master_component.cc:1495] DisposeModel rwt
I0114 02:43:17.733655 13780 master_component.cc:1071] FitOffline: ItemsProcessed, num_items=1728, num_batches=2, token_weight=808522, token_weight_in_effect=808522
I0114 02:43:17.733655 13780 c_interface.cc:389] Pass FitOfflineMasterModelArgs, batch_filename_size=2, batch_weight_size=2, num_collection_passes=1, reset_nwt=yes to void (__cdecl artm::core::MasterComponent::*)(class artm::FitOfflineMasterModelArgs const & __ptr64) __ptr64
I0114 02:43:17.733655 13780 master_component.cc:1420] ProcessBatchesArgs: nwt_target_name=nwt, batch_filename_size=2, batch_size=0, batch_weight_size=2, pwt_source_name=pwt, num_document_passes=10, regularizer=(name:SparsePhi, tau:-100000), regularizer=(name:SparsePhi_bcg, tau:100000), reuse_theta=no, opt_for_avx=yes, predict_class_id=, reset_nwt=yes
I0114 02:43:17.767637 11324 processor.cc:81] Processing queue has data, processing started
I0114 02:43:17.767637  2024 processor.cc:81] Processing queue has data, processing started
I0114 02:43:17.800391  2024 processor.cc:158] Processor: start processing batch eeaf1b08-dd16-4ede-a19b-22e9ca68234c into model nwt
I0114 02:43:17.826376 11324 processor.cc:158] Processor: start processing batch d5054302-35d7-4ef2-ad4b-2d92241a05fe into model nwt
I0114 02:43:18.283114  2024 processor.cc:293] Processor: complete processing batch eeaf1b08-dd16-4ede-a19b-22e9ca68234c into model nwt
I0114 02:43:18.286111  2024 cuckoo_watch.h:45] 518ms in ProcessBatch(batches\aaaaaa.batch) [including 33ms in LoadMessage; 0ms in InitializeTheta; 0ms in CreateRegularizerAgents; 25ms in InitializeSparseNdw; 297ms in InferThetaAndUpdateNwtSparse; 159ms in CalculateScore(^^^ItemsProcessedScore^^^); ]
I0114 02:43:18.332087  2024 processor.cc:74] No data in processing queue, waiting...
I0114 02:43:18.691880 11324 processor.cc:293] Processor: complete processing batch d5054302-35d7-4ef2-ad4b-2d92241a05fe into model nwt
I0114 02:43:18.695878 11324 cuckoo_watch.h:45] 928ms in ProcessBatch(batches\aaaaab.batch) [including 59ms in LoadMessage; 0ms in InitializeTheta; 0ms in CreateRegularizerAgents; 59ms in InitializeSparseNdw; 570ms in InferThetaAndUpdateNwtSparse; 235ms in CalculateScore(^^^ItemsProcessedScore^^^); ]
I0114 02:43:18.702899 13780 master_component.cc:1458] RegularizeModelArgs: rwt_target_name=rwt, pwt_source_name=pwt, nwt_source_name=nwt
I0114 02:43:18.702899 13780 master_component.cc:981] MasterComponent: start regularizing model pwt
I0114 02:43:18.742879 11324 processor.cc:74] No data in processing queue, waiting...
I0114 02:43:18.797868 13780 master_component.cc:1009] MasterComponent: complete regularizing model pwt
I0114 02:43:18.797868 13780 master_component.cc:1495] DisposeModel pwt
I0114 02:43:18.810839 13780 master_component.cc:1471] NormalizeModelArgs: pwt_target_name=pwt, nwt_source_name=nwt, rwt_source_name=rwt
I0114 02:43:18.810839 13780 master_component.cc:1013] MasterComponent: start normalizing model nwt
I0114 02:43:18.904786 13780 master_component.cc:1043] MasterComponent: complete normalizing model nwt
I0114 02:43:19.005739 13780 master_component.cc:1495] DisposeModel rwt
I0114 02:43:19.013733 13780 master_component.cc:1071] FitOffline: ItemsProcessed, num_items=1728, num_batches=2, token_weight=808522, token_weight_in_effect=808522
I0114 02:43:19.013733 13780 c_interface.cc:389] Pass FitOfflineMasterModelArgs, batch_filename_size=2, batch_weight_size=2, num_collection_passes=1, reset_nwt=yes to void (__cdecl artm::core::MasterComponent::*)(class artm::FitOfflineMasterModelArgs const & __ptr64) __ptr64
I0114 02:43:19.013733 13780 master_component.cc:1420] ProcessBatchesArgs: nwt_target_name=nwt, batch_filename_size=2, batch_size=0, batch_weight_size=2, pwt_source_name=pwt, num_document_passes=10, regularizer=(name:SparsePhi, tau:-100000), regularizer=(name:SparsePhi_bcg, tau:100000), reuse_theta=no, opt_for_avx=yes, predict_class_id=, reset_nwt=yes
I0114 02:43:19.039758  2024 processor.cc:81] Processing queue has data, processing started
I0114 02:43:19.039758 14868 processor.cc:81] Processing queue has data, processing started
I0114 02:43:19.065747 14868 processor.cc:158] Processor: start processing batch eeaf1b08-dd16-4ede-a19b-22e9ca68234c into model nwt
I0114 02:43:19.092732  2024 processor.cc:158] Processor: start processing batch d5054302-35d7-4ef2-ad4b-2d92241a05fe into model nwt
I0114 02:43:19.515489 14868 processor.cc:293] Processor: complete processing batch eeaf1b08-dd16-4ede-a19b-22e9ca68234c into model nwt
I0114 02:43:19.517488 14868 cuckoo_watch.h:45] 478ms in ProcessBatch(batches\aaaaaa.batch) [including 26ms in LoadMessage; 0ms in InitializeTheta; 0ms in CreateRegularizerAgents; 22ms in InitializeSparseNdw; 285ms in InferThetaAndUpdateNwtSparse; 140ms in CalculateScore(^^^ItemsProcessedScore^^^); ]
I0114 02:43:19.571457 14868 processor.cc:74] No data in processing queue, waiting...
I0114 02:43:19.932991  2024 processor.cc:293] Processor: complete processing batch d5054302-35d7-4ef2-ad4b-2d92241a05fe into model nwt
I0114 02:43:19.936990  2024 cuckoo_watch.h:45] 897ms in ProcessBatch(batches\aaaaab.batch) [including 53ms in LoadMessage; 0ms in InitializeTheta; 0ms in CreateRegularizerAgents; 49ms in InitializeSparseNdw; 553ms in InferThetaAndUpdateNwtSparse; 236ms in CalculateScore(^^^ItemsProcessedScore^^^); ]
I0114 02:43:19.938005 13780 master_component.cc:1458] RegularizeModelArgs: rwt_target_name=rwt, pwt_source_name=pwt, nwt_source_name=nwt
I0114 02:43:19.938005 13780 master_component.cc:981] MasterComponent: start regularizing model pwt
I0114 02:43:19.984963  2024 processor.cc:74] No data in processing queue, waiting...
I0114 02:43:20.035934 13780 master_component.cc:1009] MasterComponent: complete regularizing model pwt
I0114 02:43:20.035934 13780 master_component.cc:1495] DisposeModel pwt
I0114 02:43:20.045927 13780 master_component.cc:1471] NormalizeModelArgs: pwt_target_name=pwt, nwt_source_name=nwt, rwt_source_name=rwt
I0114 02:43:20.045927 13780 master_component.cc:1013] MasterComponent: start normalizing model nwt
I0114 02:43:20.133877 13780 master_component.cc:1043] MasterComponent: complete normalizing model nwt
I0114 02:43:20.233821 13780 master_component.cc:1495] DisposeModel rwt
I0114 02:43:20.241822 13780 master_component.cc:1071] FitOffline: ItemsProcessed, num_items=1728, num_batches=2, token_weight=808522, token_weight_in_effect=808522
I0114 02:43:20.241822 13780 c_interface.cc:389] Pass FitOfflineMasterModelArgs, batch_filename_size=2, batch_weight_size=2, num_collection_passes=1, reset_nwt=yes to void (__cdecl artm::core::MasterComponent::*)(class artm::FitOfflineMasterModelArgs const & __ptr64) __ptr64
I0114 02:43:20.241822 13780 master_component.cc:1420] ProcessBatchesArgs: nwt_target_name=nwt, batch_filename_size=2, batch_size=0, batch_weight_size=2, pwt_source_name=pwt, num_document_passes=10, regularizer=(name:SparsePhi, tau:-100000), regularizer=(name:SparsePhi_bcg, tau:100000), reuse_theta=no, opt_for_avx=yes, predict_class_id=, reset_nwt=yes
I0114 02:43:20.267868 14868 processor.cc:81] Processing queue has data, processing started
I0114 02:43:20.267868 11324 processor.cc:81] Processing queue has data, processing started
I0114 02:43:20.297853 11324 processor.cc:158] Processor: start processing batch eeaf1b08-dd16-4ede-a19b-22e9ca68234c into model nwt
I0114 02:43:20.314844 14868 processor.cc:158] Processor: start processing batch d5054302-35d7-4ef2-ad4b-2d92241a05fe into model nwt
I0114 02:43:20.754593 11324 processor.cc:293] Processor: complete processing batch eeaf1b08-dd16-4ede-a19b-22e9ca68234c into model nwt
I0114 02:43:20.757591 11324 cuckoo_watch.h:45] 489ms in ProcessBatch(batches\aaaaaa.batch) [including 29ms in LoadMessage; 0ms in InitializeTheta; 0ms in CreateRegularizerAgents; 15ms in InitializeSparseNdw; 286ms in InferThetaAndUpdateNwtSparse; 154ms in CalculateScore(^^^ItemsProcessedScore^^^); ]
I0114 02:43:20.804505 11324 processor.cc:74] No data in processing queue, waiting...
I0114 02:43:21.172505 14868 processor.cc:293] Processor: complete processing batch d5054302-35d7-4ef2-ad4b-2d92241a05fe into model nwt
I0114 02:43:21.179500 14868 cuckoo_watch.h:45] 911ms in ProcessBatch(batches\aaaaab.batch) [including 47ms in LoadMessage; 0ms in InitializeTheta; 0ms in CreateRegularizerAgents; 45ms in InitializeSparseNdw; 572ms in InferThetaAndUpdateNwtSparse; 238ms in CalculateScore(^^^ItemsProcessedScore^^^); ]
I0114 02:43:21.181547 13780 master_component.cc:1458] RegularizeModelArgs: rwt_target_name=rwt, pwt_source_name=pwt, nwt_source_name=nwt
I0114 02:43:21.181547 13780 master_component.cc:981] MasterComponent: start regularizing model pwt
I0114 02:43:21.219530 14868 processor.cc:74] No data in processing queue, waiting...
I0114 02:43:21.277503 13780 master_component.cc:1009] MasterComponent: complete regularizing model pwt
I0114 02:43:21.278502 13780 master_component.cc:1495] DisposeModel pwt
I0114 02:43:21.286499 13780 master_component.cc:1471] NormalizeModelArgs: pwt_target_name=pwt, nwt_source_name=nwt, rwt_source_name=rwt
I0114 02:43:21.286499 13780 master_component.cc:1013] MasterComponent: start normalizing model nwt
I0114 02:43:21.375447 13780 master_component.cc:1043] MasterComponent: complete normalizing model nwt
I0114 02:43:21.476389 13780 master_component.cc:1495] DisposeModel rwt
I0114 02:43:21.484387 13780 master_component.cc:1071] FitOffline: ItemsProcessed, num_items=1728, num_batches=2, token_weight=808522, token_weight_in_effect=808522
I0114 02:43:21.484387 13780 c_interface.cc:389] Pass FitOfflineMasterModelArgs, batch_filename_size=2, batch_weight_size=2, num_collection_passes=1, reset_nwt=yes to void (__cdecl artm::core::MasterComponent::*)(class artm::FitOfflineMasterModelArgs const & __ptr64) __ptr64
I0114 02:43:21.484387 13780 master_component.cc:1420] ProcessBatchesArgs: nwt_target_name=nwt, batch_filename_size=2, batch_size=0, batch_weight_size=2, pwt_source_name=pwt, num_document_passes=10, regularizer=(name:SparsePhi, tau:-100000), regularizer=(name:SparsePhi_bcg, tau:100000), reuse_theta=no, opt_for_avx=yes, predict_class_id=, reset_nwt=yes
I0114 02:43:21.507405 11324 processor.cc:81] Processing queue has data, processing started
I0114 02:43:21.507405  2024 processor.cc:81] Processing queue has data, processing started
I0114 02:43:21.537354 11324 processor.cc:158] Processor: start processing batch eeaf1b08-dd16-4ede-a19b-22e9ca68234c into model nwt
I0114 02:43:21.557343  2024 processor.cc:158] Processor: start processing batch d5054302-35d7-4ef2-ad4b-2d92241a05fe into model nwt
I0114 02:43:22.009467 11324 processor.cc:293] Processor: complete processing batch eeaf1b08-dd16-4ede-a19b-22e9ca68234c into model nwt
I0114 02:43:22.012465 11324 cuckoo_watch.h:45] 505ms in ProcessBatch(batches\aaaaaa.batch) [including 30ms in LoadMessage; 0ms in InitializeTheta; 0ms in CreateRegularizerAgents; 16ms in InitializeSparseNdw; 291ms in InferThetaAndUpdateNwtSparse; 163ms in CalculateScore(^^^ItemsProcessedScore^^^); ]
I0114 02:43:22.067435 11324 processor.cc:74] No data in processing queue, waiting...
I0114 02:43:22.413239  2024 processor.cc:293] Processor: complete processing batch d5054302-35d7-4ef2-ad4b-2d92241a05fe into model nwt
I0114 02:43:22.416235  2024 cuckoo_watch.h:45] 909ms in ProcessBatch(batches\aaaaab.batch) [including 50ms in LoadMessage; 0ms in InitializeTheta; 0ms in CreateRegularizerAgents; 46ms in InitializeSparseNdw; 573ms in InferThetaAndUpdateNwtSparse; 235ms in CalculateScore(^^^ItemsProcessedScore^^^); ]
I0114 02:43:22.417234 13780 master_component.cc:1458] RegularizeModelArgs: rwt_target_name=rwt, pwt_source_name=pwt, nwt_source_name=nwt
I0114 02:43:22.417234 13780 master_component.cc:981] MasterComponent: start regularizing model pwt
I0114 02:43:22.464206  2024 processor.cc:74] No data in processing queue, waiting...
I0114 02:43:22.512202 13780 master_component.cc:1009] MasterComponent: complete regularizing model pwt
I0114 02:43:22.512202 13780 master_component.cc:1495] DisposeModel pwt
I0114 02:43:22.521186 13780 master_component.cc:1471] NormalizeModelArgs: pwt_target_name=pwt, nwt_source_name=nwt, rwt_source_name=rwt
I0114 02:43:22.521186 13780 master_component.cc:1013] MasterComponent: start normalizing model nwt
I0114 02:43:22.609124 13780 master_component.cc:1043] MasterComponent: complete normalizing model nwt
I0114 02:43:22.716100 13780 master_component.cc:1495] DisposeModel rwt
I0114 02:43:22.724076 13780 master_component.cc:1071] FitOffline: ItemsProcessed, num_items=1728, num_batches=2, token_weight=808522, token_weight_in_effect=808522
I0114 02:43:22.725075 13780 c_interface.cc:389] Pass FitOfflineMasterModelArgs, batch_filename_size=2, batch_weight_size=2, num_collection_passes=1, reset_nwt=yes to void (__cdecl artm::core::MasterComponent::*)(class artm::FitOfflineMasterModelArgs const & __ptr64) __ptr64
I0114 02:43:22.725075 13780 master_component.cc:1420] ProcessBatchesArgs: nwt_target_name=nwt, batch_filename_size=2, batch_size=0, batch_weight_size=2, pwt_source_name=pwt, num_document_passes=10, regularizer=(name:SparsePhi, tau:-100000), regularizer=(name:SparsePhi_bcg, tau:100000), reuse_theta=no, opt_for_avx=yes, predict_class_id=, reset_nwt=yes
I0114 02:43:22.747097 11324 processor.cc:81] Processing queue has data, processing started
I0114 02:43:22.747097 14868 processor.cc:81] Processing queue has data, processing started
I0114 02:43:22.774046 14868 processor.cc:158] Processor: start processing batch eeaf1b08-dd16-4ede-a19b-22e9ca68234c into model nwt
I0114 02:43:22.803030 11324 processor.cc:158] Processor: start processing batch d5054302-35d7-4ef2-ad4b-2d92241a05fe into model nwt
I0114 02:43:23.253815 14868 processor.cc:293] Processor: complete processing batch eeaf1b08-dd16-4ede-a19b-22e9ca68234c into model nwt
I0114 02:43:23.256814 14868 cuckoo_watch.h:45] 510ms in ProcessBatch(batches\aaaaaa.batch) [including 27ms in LoadMessage; 0ms in InitializeTheta; 0ms in CreateRegularizerAgents; 23ms in InitializeSparseNdw; 294ms in InferThetaAndUpdateNwtSparse; 161ms in CalculateScore(^^^ItemsProcessedScore^^^); ]
I0114 02:43:23.307783 14868 processor.cc:74] No data in processing queue, waiting...
I0114 02:43:23.664827 11324 processor.cc:293] Processor: complete processing batch d5054302-35d7-4ef2-ad4b-2d92241a05fe into model nwt
I0114 02:43:23.668824 11324 cuckoo_watch.h:45] 921ms in ProcessBatch(batches\aaaaab.batch) [including 56ms in LoadMessage; 0ms in InitializeTheta; 0ms in CreateRegularizerAgents; 50ms in InitializeSparseNdw; 575ms in InferThetaAndUpdateNwtSparse; 235ms in CalculateScore(^^^ItemsProcessedScore^^^); ]
I0114 02:43:23.669840 13780 master_component.cc:1458] RegularizeModelArgs: rwt_target_name=rwt, pwt_source_name=pwt, nwt_source_name=nwt
I0114 02:43:23.669840 13780 master_component.cc:981] MasterComponent: start regularizing model pwt
I0114 02:43:23.725791 11324 processor.cc:74] No data in processing queue, waiting...
I0114 02:43:23.768767 13780 master_component.cc:1009] MasterComponent: complete regularizing model pwt
I0114 02:43:23.768767 13780 master_component.cc:1495] DisposeModel pwt
I0114 02:43:23.777762 13780 master_component.cc:1471] NormalizeModelArgs: pwt_target_name=pwt, nwt_source_name=nwt, rwt_source_name=rwt
I0114 02:43:23.777762 13780 master_component.cc:1013] MasterComponent: start normalizing model nwt
I0114 02:43:23.865711 13780 master_component.cc:1043] MasterComponent: complete normalizing model nwt
I0114 02:43:23.967656 13780 master_component.cc:1495] DisposeModel rwt
I0114 02:43:23.975651 13780 master_component.cc:1071] FitOffline: ItemsProcessed, num_items=1728, num_batches=2, token_weight=808522, token_weight_in_effect=808522
I0114 02:43:23.976651 13780 c_interface.cc:389] Pass FitOfflineMasterModelArgs, batch_filename_size=2, batch_weight_size=2, num_collection_passes=1, reset_nwt=yes to void (__cdecl artm::core::MasterComponent::*)(class artm::FitOfflineMasterModelArgs const & __ptr64) __ptr64
I0114 02:43:23.976651 13780 master_component.cc:1420] ProcessBatchesArgs: nwt_target_name=nwt, batch_filename_size=2, batch_size=0, batch_weight_size=2, pwt_source_name=pwt, num_document_passes=10, regularizer=(name:SparsePhi, tau:-100000), regularizer=(name:SparsePhi_bcg, tau:100000), reuse_theta=no, opt_for_avx=yes, predict_class_id=, reset_nwt=yes
I0114 02:43:23.999671 16104 processor.cc:81] Processing queue has data, processing started
I0114 02:43:23.999671 14868 processor.cc:81] Processing queue has data, processing started
I0114 02:43:24.021627 14868 processor.cc:158] Processor: start processing batch eeaf1b08-dd16-4ede-a19b-22e9ca68234c into model nwt
I0114 02:43:24.048607 16104 processor.cc:158] Processor: start processing batch d5054302-35d7-4ef2-ad4b-2d92241a05fe into model nwt
I0114 02:43:24.461374 14868 processor.cc:293] Processor: complete processing batch eeaf1b08-dd16-4ede-a19b-22e9ca68234c into model nwt
I0114 02:43:24.464370 14868 cuckoo_watch.h:45] 465ms in ProcessBatch(batches\aaaaaa.batch) [including 22ms in LoadMessage; 0ms in InitializeTheta; 0ms in CreateRegularizerAgents; 23ms in InitializeSparseNdw; 278ms in InferThetaAndUpdateNwtSparse; 137ms in CalculateScore(^^^ItemsProcessedScore^^^); ]
I0114 02:43:24.513348 14868 processor.cc:74] No data in processing queue, waiting...
I0114 02:43:24.879148 16104 processor.cc:293] Processor: complete processing batch d5054302-35d7-4ef2-ad4b-2d92241a05fe into model nwt
I0114 02:43:24.883144 16104 cuckoo_watch.h:45] 883ms in ProcessBatch(batches\aaaaab.batch) [including 49ms in LoadMessage; 0ms in InitializeTheta; 0ms in CreateRegularizerAgents; 43ms in InitializeSparseNdw; 551ms in InferThetaAndUpdateNwtSparse; 234ms in CalculateScore(^^^ItemsProcessedScore^^^); ]
I0114 02:43:24.884160 13780 master_component.cc:1458] RegularizeModelArgs: rwt_target_name=rwt, pwt_source_name=pwt, nwt_source_name=nwt
I0114 02:43:24.884160 13780 master_component.cc:981] MasterComponent: start regularizing model pwt
I0114 02:43:24.939112 16104 processor.cc:74] No data in processing queue, waiting...
I0114 02:43:24.981088 13780 master_component.cc:1009] MasterComponent: complete regularizing model pwt
I0114 02:43:24.981088 13780 master_component.cc:1495] DisposeModel pwt
I0114 02:43:24.990085 13780 master_component.cc:1471] NormalizeModelArgs: pwt_target_name=pwt, nwt_source_name=nwt, rwt_source_name=rwt
I0114 02:43:24.990085 13780 master_component.cc:1013] MasterComponent: start normalizing model nwt
I0114 02:43:25.080031 13780 master_component.cc:1043] MasterComponent: complete normalizing model nwt
I0114 02:43:25.178977 13780 master_component.cc:1495] DisposeModel rwt
I0114 02:43:25.186972 13780 master_component.cc:1071] FitOffline: ItemsProcessed, num_items=1728, num_batches=2, token_weight=808522, token_weight_in_effect=808522
I0114 02:43:25.187973 13780 c_interface.cc:389] Pass FitOfflineMasterModelArgs, batch_filename_size=2, batch_weight_size=2, num_collection_passes=1, reset_nwt=yes to void (__cdecl artm::core::MasterComponent::*)(class artm::FitOfflineMasterModelArgs const & __ptr64) __ptr64
I0114 02:43:25.187973 13780 master_component.cc:1420] ProcessBatchesArgs: nwt_target_name=nwt, batch_filename_size=2, batch_size=0, batch_weight_size=2, pwt_source_name=pwt, num_document_passes=10, regularizer=(name:SparsePhi, tau:-100000), regularizer=(name:SparsePhi_bcg, tau:100000), reuse_theta=no, opt_for_avx=yes, predict_class_id=, reset_nwt=yes
I0114 02:43:25.213006 16104 processor.cc:81] Processing queue has data, processing started
I0114 02:43:25.213006 11324 processor.cc:81] Processing queue has data, processing started
I0114 02:43:25.234997 16104 processor.cc:158] Processor: start processing batch eeaf1b08-dd16-4ede-a19b-22e9ca68234c into model nwt
I0114 02:43:25.256985 11324 processor.cc:158] Processor: start processing batch d5054302-35d7-4ef2-ad4b-2d92241a05fe into model nwt
I0114 02:43:25.679751 16104 processor.cc:293] Processor: complete processing batch eeaf1b08-dd16-4ede-a19b-22e9ca68234c into model nwt
I0114 02:43:25.682749 16104 cuckoo_watch.h:45] 470ms in ProcessBatch(batches\aaaaaa.batch) [including 21ms in LoadMessage; 0ms in InitializeTheta; 0ms in CreateRegularizerAgents; 17ms in InitializeSparseNdw; 286ms in InferThetaAndUpdateNwtSparse; 139ms in CalculateScore(^^^ItemsProcessedScore^^^); ]
I0114 02:43:25.722725 16104 processor.cc:74] No data in processing queue, waiting...
I0114 02:43:26.295399 11324 processor.cc:293] Processor: complete processing batch d5054302-35d7-4ef2-ad4b-2d92241a05fe into model nwt
I0114 02:43:26.299396 11324 cuckoo_watch.h:45] 1086ms in ProcessBatch(batches\aaaaab.batch) [including 43ms in LoadMessage; 0ms in InitializeTheta; 0ms in CreateRegularizerAgents; 44ms in InitializeSparseNdw; 587ms in InferThetaAndUpdateNwtSparse; 405ms in CalculateScore(^^^ItemsProcessedScore^^^); ]
I0114 02:43:26.301398 13780 master_component.cc:1458] RegularizeModelArgs: rwt_target_name=rwt, pwt_source_name=pwt, nwt_source_name=nwt
I0114 02:43:26.301398 13780 master_component.cc:981] MasterComponent: start regularizing model pwt
I0114 02:43:26.342373 11324 processor.cc:74] No data in processing queue, waiting...
I0114 02:43:26.409353 13780 master_component.cc:1009] MasterComponent: complete regularizing model pwt
I0114 02:43:26.409353 13780 master_component.cc:1495] DisposeModel pwt
I0114 02:43:26.419327 13780 master_component.cc:1471] NormalizeModelArgs: pwt_target_name=pwt, nwt_source_name=nwt, rwt_source_name=rwt
I0114 02:43:26.419327 13780 master_component.cc:1013] MasterComponent: start normalizing model nwt
I0114 02:43:26.518270 13780 master_component.cc:1043] MasterComponent: complete normalizing model nwt
I0114 02:43:26.656195 13780 master_component.cc:1495] DisposeModel rwt
I0114 02:43:26.669186 13780 master_component.cc:1071] FitOffline: ItemsProcessed, num_items=1728, num_batches=2, token_weight=808522, token_weight_in_effect=808522
I0114 02:43:26.669186 13780 c_interface.cc:389] Pass FitOfflineMasterModelArgs, batch_filename_size=2, batch_weight_size=2, num_collection_passes=1, reset_nwt=yes to void (__cdecl artm::core::MasterComponent::*)(class artm::FitOfflineMasterModelArgs const & __ptr64) __ptr64
I0114 02:43:26.669186 13780 master_component.cc:1420] ProcessBatchesArgs: nwt_target_name=nwt, batch_filename_size=2, batch_size=0, batch_weight_size=2, pwt_source_name=pwt, num_document_passes=10, regularizer=(name:SparsePhi, tau:-100000), regularizer=(name:SparsePhi_bcg, tau:100000), reuse_theta=no, opt_for_avx=yes, predict_class_id=, reset_nwt=yes
I0114 02:43:26.713161 16104 processor.cc:81] Processing queue has data, processing started
I0114 02:43:26.714161 11324 processor.cc:81] Processing queue has data, processing started
I0114 02:43:26.795115 16104 processor.cc:158] Processor: start processing batch eeaf1b08-dd16-4ede-a19b-22e9ca68234c into model nwt
I0114 02:43:26.862077 11324 processor.cc:158] Processor: start processing batch d5054302-35d7-4ef2-ad4b-2d92241a05fe into model nwt
I0114 02:43:27.416760 16104 processor.cc:293] Processor: complete processing batch eeaf1b08-dd16-4ede-a19b-22e9ca68234c into model nwt
I0114 02:43:27.419757 16104 cuckoo_watch.h:45] 706ms in ProcessBatch(batches\aaaaaa.batch) [including 81ms in LoadMessage; 0ms in InitializeTheta; 0ms in CreateRegularizerAgents; 56ms in InitializeSparseNdw; 362ms in InferThetaAndUpdateNwtSparse; 201ms in CalculateScore(^^^ItemsProcessedScore^^^); ]
I0114 02:43:27.464287 16104 processor.cc:74] No data in processing queue, waiting...
I0114 02:43:27.958001 11324 processor.cc:293] Processor: complete processing batch d5054302-35d7-4ef2-ad4b-2d92241a05fe into model nwt
I0114 02:43:27.963997 11324 cuckoo_watch.h:45] 1250ms in ProcessBatch(batches\aaaaab.batch) [including 148ms in LoadMessage; 0ms in InitializeTheta; 0ms in CreateRegularizerAgents; 77ms in InitializeSparseNdw; 672ms in InferThetaAndUpdateNwtSparse; 344ms in CalculateScore(^^^ItemsProcessedScore^^^); ]
I0114 02:43:27.966022 13780 master_component.cc:1458] RegularizeModelArgs: rwt_target_name=rwt, pwt_source_name=pwt, nwt_source_name=nwt
I0114 02:43:27.966022 13780 master_component.cc:981] MasterComponent: start regularizing model pwt
I0114 02:43:28.004002 11324 processor.cc:74] No data in processing queue, waiting...
I0114 02:43:28.068965 13780 master_component.cc:1009] MasterComponent: complete regularizing model pwt
I0114 02:43:28.068965 13780 master_component.cc:1495] DisposeModel pwt
I0114 02:43:28.077960 13780 master_component.cc:1471] NormalizeModelArgs: pwt_target_name=pwt, nwt_source_name=nwt, rwt_source_name=rwt
I0114 02:43:28.077960 13780 master_component.cc:1013] MasterComponent: start normalizing model nwt
I0114 02:43:28.170907 13780 master_component.cc:1043] MasterComponent: complete normalizing model nwt
I0114 02:43:28.317845 13780 master_component.cc:1495] DisposeModel rwt
I0114 02:43:28.329818 13780 master_component.cc:1071] FitOffline: ItemsProcessed, num_items=1728, num_batches=2, token_weight=808522, token_weight_in_effect=808522
I0114 02:43:28.330816 13780 c_interface.cc:389] Pass FitOfflineMasterModelArgs, batch_filename_size=2, batch_weight_size=2, num_collection_passes=1, reset_nwt=yes to void (__cdecl artm::core::MasterComponent::*)(class artm::FitOfflineMasterModelArgs const & __ptr64) __ptr64
I0114 02:43:28.330816 13780 master_component.cc:1420] ProcessBatchesArgs: nwt_target_name=nwt, batch_filename_size=2, batch_size=0, batch_weight_size=2, pwt_source_name=pwt, num_document_passes=10, regularizer=(name:SparsePhi, tau:-100000), regularizer=(name:SparsePhi_bcg, tau:100000), reuse_theta=no, opt_for_avx=yes, predict_class_id=, reset_nwt=yes
I0114 02:43:28.378789 14868 processor.cc:81] Processing queue has data, processing started
I0114 02:43:28.378789 16104 processor.cc:81] Processing queue has data, processing started
I0114 02:43:28.413769 14868 processor.cc:158] Processor: start processing batch eeaf1b08-dd16-4ede-a19b-22e9ca68234c into model nwt
I0114 02:43:28.441754 16104 processor.cc:158] Processor: start processing batch d5054302-35d7-4ef2-ad4b-2d92241a05fe into model nwt
I0114 02:43:28.901490 14868 processor.cc:293] Processor: complete processing batch eeaf1b08-dd16-4ede-a19b-22e9ca68234c into model nwt
I0114 02:43:28.904489 14868 cuckoo_watch.h:45] 526ms in ProcessBatch(batches\aaaaaa.batch) [including 35ms in LoadMessage; 0ms in InitializeTheta; 0ms in CreateRegularizerAgents; 25ms in InitializeSparseNdw; 291ms in InferThetaAndUpdateNwtSparse; 169ms in CalculateScore(^^^ItemsProcessedScore^^^); ]
I0114 02:43:28.958461 14868 processor.cc:74] No data in processing queue, waiting...
I0114 02:43:29.328306 16104 processor.cc:293] Processor: complete processing batch d5054302-35d7-4ef2-ad4b-2d92241a05fe into model nwt
I0114 02:43:29.332306 16104 cuckoo_watch.h:45] 954ms in ProcessBatch(batches\aaaaab.batch) [including 63ms in LoadMessage; 0ms in InitializeTheta; 0ms in CreateRegularizerAgents; 65ms in InitializeSparseNdw; 579ms in InferThetaAndUpdateNwtSparse; 240ms in CalculateScore(^^^ItemsProcessedScore^^^); ]
I0114 02:43:29.333338 13780 master_component.cc:1458] RegularizeModelArgs: rwt_target_name=rwt, pwt_source_name=pwt, nwt_source_name=nwt
I0114 02:43:29.333338 13780 master_component.cc:981] MasterComponent: start regularizing model pwt
I0114 02:43:29.379277 16104 processor.cc:74] No data in processing queue, waiting...
I0114 02:43:29.436803 13780 master_component.cc:1009] MasterComponent: complete regularizing model pwt
I0114 02:43:29.437803 13780 master_component.cc:1495] DisposeModel pwt
I0114 02:43:29.446799 13780 master_component.cc:1471] NormalizeModelArgs: pwt_target_name=pwt, nwt_source_name=nwt, rwt_source_name=rwt
I0114 02:43:29.446799 13780 master_component.cc:1013] MasterComponent: start normalizing model nwt
I0114 02:43:29.536744 13780 master_component.cc:1043] MasterComponent: complete normalizing model nwt
I0114 02:43:29.657270 13780 master_component.cc:1495] DisposeModel rwt
I0114 02:43:29.665266 13780 master_component.cc:1071] FitOffline: ItemsProcessed, num_items=1728, num_batches=2, token_weight=808522, token_weight_in_effect=808522
I0114 02:43:29.665266 13780 c_interface.cc:389] Pass FitOfflineMasterModelArgs, batch_filename_size=2, batch_weight_size=2, num_collection_passes=1, reset_nwt=yes to void (__cdecl artm::core::MasterComponent::*)(class artm::FitOfflineMasterModelArgs const & __ptr64) __ptr64
I0114 02:43:29.666265 13780 master_component.cc:1420] ProcessBatchesArgs: nwt_target_name=nwt, batch_filename_size=2, batch_size=0, batch_weight_size=2, pwt_source_name=pwt, num_document_passes=10, regularizer=(name:SparsePhi, tau:-100000), regularizer=(name:SparsePhi_bcg, tau:100000), reuse_theta=no, opt_for_avx=yes, predict_class_id=, reset_nwt=yes
I0114 02:43:29.690270  2024 processor.cc:81] Processing queue has data, processing started
I0114 02:43:29.690270 14868 processor.cc:81] Processing queue has data, processing started
I0114 02:43:29.715236 14868 processor.cc:158] Processor: start processing batch eeaf1b08-dd16-4ede-a19b-22e9ca68234c into model nwt
I0114 02:43:29.740222  2024 processor.cc:158] Processor: start processing batch d5054302-35d7-4ef2-ad4b-2d92241a05fe into model nwt
I0114 02:43:30.394850 14868 processor.cc:293] Processor: complete processing batch eeaf1b08-dd16-4ede-a19b-22e9ca68234c into model nwt
I0114 02:43:30.398847 14868 cuckoo_watch.h:45] 708ms in ProcessBatch(batches\aaaaaa.batch) [including 25ms in LoadMessage; 0ms in InitializeTheta; 0ms in CreateRegularizerAgents; 20ms in InitializeSparseNdw; 304ms in InferThetaAndUpdateNwtSparse; 353ms in CalculateScore(^^^ItemsProcessedScore^^^); ]
I0114 02:43:30.450816 14868 processor.cc:74] No data in processing queue, waiting...
I0114 02:43:30.846599  2024 processor.cc:293] Processor: complete processing batch d5054302-35d7-4ef2-ad4b-2d92241a05fe into model nwt
I0114 02:43:30.850596  2024 cuckoo_watch.h:45] 1160ms in ProcessBatch(batches\aaaaab.batch) [including 49ms in LoadMessage; 0ms in InitializeTheta; 0ms in CreateRegularizerAgents; 51ms in InitializeSparseNdw; 798ms in InferThetaAndUpdateNwtSparse; 255ms in CalculateScore(^^^ItemsProcessedScore^^^); ]
I0114 02:43:30.851613 13780 master_component.cc:1458] RegularizeModelArgs: rwt_target_name=rwt, pwt_source_name=pwt, nwt_source_name=nwt
I0114 02:43:30.851613 13780 master_component.cc:981] MasterComponent: start regularizing model pwt
I0114 02:43:30.911561  2024 processor.cc:74] No data in processing queue, waiting...
I0114 02:43:30.943543 13780 master_component.cc:1009] MasterComponent: complete regularizing model pwt
I0114 02:43:30.944543 13780 master_component.cc:1495] DisposeModel pwt
I0114 02:43:30.952540 13780 master_component.cc:1471] NormalizeModelArgs: pwt_target_name=pwt, nwt_source_name=nwt, rwt_source_name=rwt
I0114 02:43:30.952540 13780 master_component.cc:1013] MasterComponent: start normalizing model nwt
I0114 02:43:31.044486 13780 master_component.cc:1043] MasterComponent: complete normalizing model nwt
I0114 02:43:31.146435 13780 master_component.cc:1495] DisposeModel rwt
I0114 02:43:31.154430 13780 master_component.cc:1071] FitOffline: ItemsProcessed, num_items=1728, num_batches=2, token_weight=808522, token_weight_in_effect=808522
I0114 02:43:31.154430 13780 c_interface.cc:389] Pass FitOfflineMasterModelArgs, batch_filename_size=2, batch_weight_size=2, num_collection_passes=1, reset_nwt=yes to void (__cdecl artm::core::MasterComponent::*)(class artm::FitOfflineMasterModelArgs const & __ptr64) __ptr64
I0114 02:43:31.154430 13780 master_component.cc:1420] ProcessBatchesArgs: nwt_target_name=nwt, batch_filename_size=2, batch_size=0, batch_weight_size=2, pwt_source_name=pwt, num_document_passes=10, regularizer=(name:SparsePhi, tau:-100000), regularizer=(name:SparsePhi_bcg, tau:100000), reuse_theta=no, opt_for_avx=yes, predict_class_id=, reset_nwt=yes
I0114 02:43:31.177417 16104 processor.cc:81] Processing queue has data, processing started
I0114 02:43:31.177417  2024 processor.cc:81] Processing queue has data, processing started
I0114 02:43:31.200405 16104 processor.cc:158] Processor: start processing batch eeaf1b08-dd16-4ede-a19b-22e9ca68234c into model nwt
I0114 02:43:31.222393  2024 processor.cc:158] Processor: start processing batch d5054302-35d7-4ef2-ad4b-2d92241a05fe into model nwt
I0114 02:43:31.678139 16104 processor.cc:293] Processor: complete processing batch eeaf1b08-dd16-4ede-a19b-22e9ca68234c into model nwt
I0114 02:43:31.683135 16104 cuckoo_watch.h:45] 506ms in ProcessBatch(batches\aaaaaa.batch) [including 23ms in LoadMessage; 0ms in InitializeTheta; 0ms in CreateRegularizerAgents; 19ms in InitializeSparseNdw; 281ms in InferThetaAndUpdateNwtSparse; 176ms in CalculateScore(^^^ItemsProcessedScore^^^); ]
I0114 02:43:31.729111 16104 processor.cc:74] No data in processing queue, waiting...
I0114 02:43:32.124887  2024 processor.cc:293] Processor: complete processing batch d5054302-35d7-4ef2-ad4b-2d92241a05fe into model nwt
I0114 02:43:32.128887  2024 cuckoo_watch.h:45] 951ms in ProcessBatch(batches\aaaaab.batch) [including 45ms in LoadMessage; 0ms in InitializeTheta; 0ms in CreateRegularizerAgents; 48ms in InitializeSparseNdw; 614ms in InferThetaAndUpdateNwtSparse; 238ms in CalculateScore(^^^ItemsProcessedScore^^^); ]
I0114 02:43:32.130915 13780 master_component.cc:1458] RegularizeModelArgs: rwt_target_name=rwt, pwt_source_name=pwt, nwt_source_name=nwt
I0114 02:43:32.130915 13780 master_component.cc:981] MasterComponent: start regularizing model pwt
I0114 02:43:32.170863  2024 processor.cc:74] No data in processing queue, waiting...
I0114 02:43:32.243835 13780 master_component.cc:1009] MasterComponent: complete regularizing model pwt
I0114 02:43:32.243835 13780 master_component.cc:1495] DisposeModel pwt
I0114 02:43:32.255828 13780 master_component.cc:1471] NormalizeModelArgs: pwt_target_name=pwt, nwt_source_name=nwt, rwt_source_name=rwt
I0114 02:43:32.255828 13780 master_component.cc:1013] MasterComponent: start normalizing model nwt
I0114 02:43:32.349773 13780 master_component.cc:1043] MasterComponent: complete normalizing model nwt
I0114 02:43:32.453227 13780 master_component.cc:1495] DisposeModel rwt
I0114 02:43:32.461222 13780 master_component.cc:1071] FitOffline: ItemsProcessed, num_items=1728, num_batches=2, token_weight=808522, token_weight_in_effect=808522
I0114 02:43:32.461222 13780 c_interface.cc:389] Pass FitOfflineMasterModelArgs, batch_filename_size=2, batch_weight_size=2, num_collection_passes=1, reset_nwt=yes to void (__cdecl artm::core::MasterComponent::*)(class artm::FitOfflineMasterModelArgs const & __ptr64) __ptr64
I0114 02:43:32.461222 13780 master_component.cc:1420] ProcessBatchesArgs: nwt_target_name=nwt, batch_filename_size=2, batch_size=0, batch_weight_size=2, pwt_source_name=pwt, num_document_passes=10, regularizer=(name:SparsePhi, tau:-100000), regularizer=(name:SparsePhi_bcg, tau:100000), reuse_theta=no, opt_for_avx=yes, predict_class_id=, reset_nwt=yes
I0114 02:43:32.484225 14868 processor.cc:81] Processing queue has data, processing started
I0114 02:43:32.484225  2024 processor.cc:81] Processing queue has data, processing started
I0114 02:43:32.507196 14868 processor.cc:158] Processor: start processing batch eeaf1b08-dd16-4ede-a19b-22e9ca68234c into model nwt
I0114 02:43:32.529186  2024 processor.cc:158] Processor: start processing batch d5054302-35d7-4ef2-ad4b-2d92241a05fe into model nwt
I0114 02:43:33.057842 14868 processor.cc:293] Processor: complete processing batch eeaf1b08-dd16-4ede-a19b-22e9ca68234c into model nwt
I0114 02:43:33.060838 14868 cuckoo_watch.h:45] 576ms in ProcessBatch(batches\aaaaaa.batch) [including 23ms in LoadMessage; 0ms in InitializeTheta; 0ms in CreateRegularizerAgents; 17ms in InitializeSparseNdw; 326ms in InferThetaAndUpdateNwtSparse; 205ms in CalculateScore(^^^ItemsProcessedScore^^^); ]
I0114 02:43:33.097820 14868 processor.cc:74] No data in processing queue, waiting...
I0114 02:43:33.568588  2024 processor.cc:293] Processor: complete processing batch d5054302-35d7-4ef2-ad4b-2d92241a05fe into model nwt
I0114 02:43:33.572582  2024 cuckoo_watch.h:45] 1088ms in ProcessBatch(batches\aaaaab.batch) [including 45ms in LoadMessage; 0ms in InitializeTheta; 0ms in CreateRegularizerAgents; 42ms in InitializeSparseNdw; 665ms in InferThetaAndUpdateNwtSparse; 330ms in CalculateScore(^^^ItemsProcessedScore^^^); ]
I0114 02:43:33.573596 13780 master_component.cc:1458] RegularizeModelArgs: rwt_target_name=rwt, pwt_source_name=pwt, nwt_source_name=nwt
I0114 02:43:33.573596 13780 master_component.cc:981] MasterComponent: start regularizing model pwt
I0114 02:43:33.623549  2024 processor.cc:74] No data in processing queue, waiting...
I0114 02:43:33.709499 13780 master_component.cc:1009] MasterComponent: complete regularizing model pwt
I0114 02:43:33.709499 13780 master_component.cc:1495] DisposeModel pwt
I0114 02:43:33.718494 13780 master_component.cc:1471] NormalizeModelArgs: pwt_target_name=pwt, nwt_source_name=nwt, rwt_source_name=rwt
I0114 02:43:33.718494 13780 master_component.cc:1013] MasterComponent: start normalizing model nwt
I0114 02:43:33.815438 13780 master_component.cc:1043] MasterComponent: complete normalizing model nwt
I0114 02:43:33.924965 13780 master_component.cc:1495] DisposeModel rwt
I0114 02:43:33.933959 13780 master_component.cc:1071] FitOffline: ItemsProcessed, num_items=1728, num_batches=2, token_weight=808522, token_weight_in_effect=808522
I0114 02:43:33.933959 13780 c_interface.cc:389] Pass FitOfflineMasterModelArgs, batch_filename_size=2, batch_weight_size=2, num_collection_passes=1, reset_nwt=yes to void (__cdecl artm::core::MasterComponent::*)(class artm::FitOfflineMasterModelArgs const & __ptr64) __ptr64
I0114 02:43:33.933959 13780 master_component.cc:1420] ProcessBatchesArgs: nwt_target_name=nwt, batch_filename_size=2, batch_size=0, batch_weight_size=2, pwt_source_name=pwt, num_document_passes=10, regularizer=(name:SparsePhi, tau:-100000), regularizer=(name:SparsePhi_bcg, tau:100000), reuse_theta=no, opt_for_avx=yes, predict_class_id=, reset_nwt=yes
I0114 02:43:33.957945 11324 processor.cc:81] Processing queue has data, processing started
I0114 02:43:33.960942 14868 processor.cc:81] Processing queue has data, processing started
I0114 02:43:33.983930 11324 processor.cc:158] Processor: start processing batch eeaf1b08-dd16-4ede-a19b-22e9ca68234c into model nwt
I0114 02:43:34.017910 14868 processor.cc:158] Processor: start processing batch d5054302-35d7-4ef2-ad4b-2d92241a05fe into model nwt
I0114 02:43:34.593585 11324 processor.cc:293] Processor: complete processing batch eeaf1b08-dd16-4ede-a19b-22e9ca68234c into model nwt
I0114 02:43:34.597582 11324 cuckoo_watch.h:45] 640ms in ProcessBatch(batches\aaaaaa.batch) [including 26ms in LoadMessage; 0ms in InitializeTheta; 0ms in CreateRegularizerAgents; 23ms in InitializeSparseNdw; 352ms in InferThetaAndUpdateNwtSparse; 232ms in CalculateScore(^^^ItemsProcessedScore^^^); ]
I0114 02:43:34.634371 11324 processor.cc:74] No data in processing queue, waiting...
I0114 02:43:35.107103 14868 processor.cc:293] Processor: complete processing batch d5054302-35d7-4ef2-ad4b-2d92241a05fe into model nwt
I0114 02:43:35.115097 14868 cuckoo_watch.h:45] 1154ms in ProcessBatch(batches\aaaaab.batch) [including 57ms in LoadMessage; 0ms in InitializeTheta; 0ms in CreateRegularizerAgents; 50ms in InitializeSparseNdw; 722ms in InferThetaAndUpdateNwtSparse; 315ms in CalculateScore(^^^ItemsProcessedScore^^^); ]
I0114 02:43:35.116132 13780 master_component.cc:1458] RegularizeModelArgs: rwt_target_name=rwt, pwt_source_name=pwt, nwt_source_name=nwt
I0114 02:43:35.116132 13780 master_component.cc:981] MasterComponent: start regularizing model pwt
I0114 02:43:35.163069 14868 processor.cc:74] No data in processing queue, waiting...
I0114 02:43:35.228032 13780 master_component.cc:1009] MasterComponent: complete regularizing model pwt
I0114 02:43:35.228032 13780 master_component.cc:1495] DisposeModel pwt
I0114 02:43:35.239027 13780 master_component.cc:1471] NormalizeModelArgs: pwt_target_name=pwt, nwt_source_name=nwt, rwt_source_name=rwt
I0114 02:43:35.239027 13780 master_component.cc:1013] MasterComponent: start normalizing model nwt
I0114 02:43:35.338968 13780 master_component.cc:1043] MasterComponent: complete normalizing model nwt
I0114 02:43:35.450906 13780 master_component.cc:1495] DisposeModel rwt
I0114 02:43:35.459920 13780 master_component.cc:1071] FitOffline: ItemsProcessed, num_items=1728, num_batches=2, token_weight=808522, token_weight_in_effect=808522
I0114 02:43:35.460899 13780 c_interface.cc:389] Pass FitOfflineMasterModelArgs, batch_filename_size=2, batch_weight_size=2, num_collection_passes=1, reset_nwt=yes to void (__cdecl artm::core::MasterComponent::*)(class artm::FitOfflineMasterModelArgs const & __ptr64) __ptr64
I0114 02:43:35.460899 13780 master_component.cc:1420] ProcessBatchesArgs: nwt_target_name=nwt, batch_filename_size=2, batch_size=0, batch_weight_size=2, pwt_source_name=pwt, num_document_passes=10, regularizer=(name:SparsePhi, tau:-100000), regularizer=(name:SparsePhi_bcg, tau:100000), reuse_theta=no, opt_for_avx=yes, predict_class_id=, reset_nwt=yes
I0114 02:43:35.488886 11324 processor.cc:81] Processing queue has data, processing started
I0114 02:43:35.488886 14868 processor.cc:81] Processing queue has data, processing started
I0114 02:43:35.514868 11324 processor.cc:158] Processor: start processing batch eeaf1b08-dd16-4ede-a19b-22e9ca68234c into model nwt
I0114 02:43:35.535858 14868 processor.cc:158] Processor: start processing batch d5054302-35d7-4ef2-ad4b-2d92241a05fe into model nwt
I0114 02:43:36.016587 11324 processor.cc:293] Processor: complete processing batch eeaf1b08-dd16-4ede-a19b-22e9ca68234c into model nwt
I0114 02:43:36.020586 11324 cuckoo_watch.h:45] 532ms in ProcessBatch(batches\aaaaaa.batch) [including 26ms in LoadMessage; 0ms in InitializeTheta; 0ms in CreateRegularizerAgents; 17ms in InitializeSparseNdw; 319ms in InferThetaAndUpdateNwtSparse; 164ms in CalculateScore(^^^ItemsProcessedScore^^^); ]
I0114 02:43:36.067557 11324 processor.cc:74] No data in processing queue, waiting...
I0114 02:43:36.693893 14868 processor.cc:293] Processor: complete processing batch d5054302-35d7-4ef2-ad4b-2d92241a05fe into model nwt
I0114 02:43:36.698889 14868 cuckoo_watch.h:45] 1209ms in ProcessBatch(batches\aaaaab.batch) [including 46ms in LoadMessage; 0ms in InitializeTheta; 0ms in CreateRegularizerAgents; 53ms in InitializeSparseNdw; 608ms in InferThetaAndUpdateNwtSparse; 494ms in CalculateScore(^^^ItemsProcessedScore^^^); ]
I0114 02:43:36.699904 13780 master_component.cc:1458] RegularizeModelArgs: rwt_target_name=rwt, pwt_source_name=pwt, nwt_source_name=nwt
I0114 02:43:36.699904 13780 master_component.cc:981] MasterComponent: start regularizing model pwt
I0114 02:43:36.753859 14868 processor.cc:74] No data in processing queue, waiting...
I0114 02:43:36.847805 13780 master_component.cc:1009] MasterComponent: complete regularizing model pwt
I0114 02:43:36.847805 13780 master_component.cc:1495] DisposeModel pwt
I0114 02:43:36.864797 13780 master_component.cc:1471] NormalizeModelArgs: pwt_target_name=pwt, nwt_source_name=nwt, rwt_source_name=rwt
I0114 02:43:36.864797 13780 master_component.cc:1013] MasterComponent: start normalizing model nwt
I0114 02:43:37.020704 13780 master_component.cc:1043] MasterComponent: complete normalizing model nwt
I0114 02:43:37.134302 13780 master_component.cc:1495] DisposeModel rwt
I0114 02:43:37.143292 13780 master_component.cc:1071] FitOffline: ItemsProcessed, num_items=1728, num_batches=2, token_weight=808522, token_weight_in_effect=808522
I0114 02:43:52.492532 13780 c_interface.cc:389] Pass MasterModelConfig: topic_name_size=30, score_config_size=3, num_processors=0, pwt_name=pwt, nwt_name=nwt, num_document_passes=10, regularizer=(SparsePhi:-100000), regularizer=(SparsePhi_bcg:100000), regularizer=(SparsePhi_sbj:-100000), reuse_theta=no, cache_theta=no, opt_for_avx=yes, disk_cache_path= to void (__cdecl artm::core::MasterComponent::*)(class artm::MasterModelConfig const & __ptr64) __ptr64
I0114 02:43:52.492532 13780 instance.cc:401] MasterModelConfig.processors_count is automatically set to 4
I0114 02:43:52.493511 13780 instance.cc:232] Regularizer 'SparsePhi' was cold-reconfigured
I0114 02:43:52.493511 13780 instance.cc:232] Regularizer 'SparsePhi_bcg' was cold-reconfigured
I0114 02:43:52.493511 13780 instance.cc:232] Regularizer 'SparsePhi_sbj' was cold-reconfigured
I0114 02:44:22.625005 13780 c_interface.cc:389] Pass FitOfflineMasterModelArgs, batch_filename_size=2, batch_weight_size=2, num_collection_passes=1, reset_nwt=yes to void (__cdecl artm::core::MasterComponent::*)(class artm::FitOfflineMasterModelArgs const & __ptr64) __ptr64
I0114 02:44:22.625005 13780 master_component.cc:1420] ProcessBatchesArgs: nwt_target_name=nwt, batch_filename_size=2, batch_size=0, batch_weight_size=2, pwt_source_name=pwt, num_document_passes=10, regularizer=(name:SparsePhi, tau:-100000), regularizer=(name:SparsePhi_bcg, tau:100000), regularizer=(name:SparsePhi_sbj, tau:-100000), reuse_theta=no, opt_for_avx=yes, predict_class_id=, reset_nwt=yes
I0114 02:44:22.659984 11324 processor.cc:81] Processing queue has data, processing started
I0114 02:44:22.659984 16104 processor.cc:81] Processing queue has data, processing started
I0114 02:44:22.691967 11324 processor.cc:158] Processor: start processing batch eeaf1b08-dd16-4ede-a19b-22e9ca68234c into model nwt
I0114 02:44:22.723948 16104 processor.cc:158] Processor: start processing batch d5054302-35d7-4ef2-ad4b-2d92241a05fe into model nwt
I0114 02:44:23.239656 11324 processor.cc:293] Processor: complete processing batch eeaf1b08-dd16-4ede-a19b-22e9ca68234c into model nwt
