I0114 02:47:33.858017 13780 c_interface.cc:231] ArtmCopyRequestedMessage is copying 894095 bytes...
I0114 02:47:34.325750 13780 c_interface.cc:231] ArtmCopyRequestedMessage is copying 894095 bytes...
I0114 02:47:34.837458 13780 c_interface.cc:231] ArtmCopyRequestedMessage is copying 894095 bytes...
I0114 02:47:35.419124 13780 c_interface.cc:231] ArtmCopyRequestedMessage is copying 894095 bytes...
I0114 02:47:42.838132 13780 c_interface.cc:231] ArtmCopyRequestedMessage is copying 894095 bytes...
I0114 02:47:43.360834 13780 c_interface.cc:231] ArtmCopyRequestedMessage is copying 894095 bytes...
I0114 02:47:43.934507 13780 c_interface.cc:231] ArtmCopyRequestedMessage is copying 894095 bytes...
I0114 02:47:44.402240 13780 c_interface.cc:231] ArtmCopyRequestedMessage is copying 894095 bytes...
I0114 02:47:44.900956 13780 c_interface.cc:231] ArtmCopyRequestedMessage is copying 894095 bytes...
I0114 02:47:45.369457 13780 c_interface.cc:231] ArtmCopyRequestedMessage is copying 894095 bytes...
I0114 02:47:45.852171 13780 c_interface.cc:231] ArtmCopyRequestedMessage is copying 894095 bytes...
I0114 02:47:46.316906 13780 c_interface.cc:231] ArtmCopyRequestedMessage is copying 894095 bytes...
I0114 02:47:46.839610 13780 c_interface.cc:231] ArtmCopyRequestedMessage is copying 894095 bytes...
I0114 02:47:47.305343 13780 c_interface.cc:231] ArtmCopyRequestedMessage is copying 894095 bytes...
I0114 02:47:47.792066 13780 c_interface.cc:231] ArtmCopyRequestedMessage is copying 894095 bytes...
I0114 02:47:48.279786 13780 c_interface.cc:231] ArtmCopyRequestedMessage is copying 894095 bytes...
I0114 02:47:48.803488 13780 c_interface.cc:231] ArtmCopyRequestedMessage is copying 894095 bytes...
I0114 02:47:49.333185 13780 c_interface.cc:231] ArtmCopyRequestedMessage is copying 894095 bytes...
I0114 02:47:49.827391 13780 c_interface.cc:231] ArtmCopyRequestedMessage is copying 894095 bytes...
I0114 02:47:50.311116 13780 c_interface.cc:231] ArtmCopyRequestedMessage is copying 894095 bytes...
I0114 02:47:50.778849 13780 c_interface.cc:231] ArtmCopyRequestedMessage is copying 894095 bytes...
I0114 02:47:51.230589 13780 c_interface.cc:231] ArtmCopyRequestedMessage is copying 894095 bytes...
I0114 02:47:51.706320 13780 c_interface.cc:231] ArtmCopyRequestedMessage is copying 894095 bytes...
I0114 02:47:52.166054 13780 c_interface.cc:231] ArtmCopyRequestedMessage is copying 894095 bytes...
I0114 02:47:52.635792 13780 c_interface.cc:231] ArtmCopyRequestedMessage is copying 894095 bytes...
I0114 02:47:53.093541 13780 c_interface.cc:231] ArtmCopyRequestedMessage is copying 894095 bytes...
I0114 02:47:53.572252 13780 c_interface.cc:231] ArtmCopyRequestedMessage is copying 894095 bytes...
I0114 02:47:54.073403 13780 c_interface.cc:231] ArtmCopyRequestedMessage is copying 894095 bytes...
I0114 02:47:54.661067 13780 c_interface.cc:231] ArtmCopyRequestedMessage is copying 894095 bytes...
I0114 02:47:55.219988 13780 c_interface.cc:231] ArtmCopyRequestedMessage is copying 894095 bytes...
I0114 02:47:55.688953 13780 c_interface.cc:231] ArtmCopyRequestedMessage is copying 894095 bytes...
I0114 02:47:56.197887 13780 c_interface.cc:231] ArtmCopyRequestedMessage is copying 894095 bytes...
I0114 02:47:56.663638 13780 c_interface.cc:231] ArtmCopyRequestedMessage is copying 894095 bytes...
I0114 02:47:57.152468 13780 c_interface.cc:231] ArtmCopyRequestedMessage is copying 894095 bytes...
I0114 03:15:04.328516 13780 phi_matrix_operations.cc:150] RetrieveExternalTopicModel() with 30 topics, 26866 tokens
I0114 03:15:04.375592 13780 c_interface.cc:231] ArtmCopyRequestedMessage is copying 825334 bytes...
I0114 03:15:05.224793 13780 phi_matrix_operations.cc:150] RetrieveExternalTopicModel() with 30 topics, 26866 tokens
I0114 03:15:05.258778 13780 c_interface.cc:231] ArtmCopyRequestedMessage is copying 717870 bytes...
I0114 03:15:05.483302 13780 c_interface.cc:236] ArtmCopyRequestedObject is copying 3223920 bytes...
I0114 03:15:42.025204 13780 c_interface.cc:271] Pass MasterModelConfig: topic_name_size=0, score_config_size=1, num_processors=0, pwt_name=pwt, nwt_name=nwt, num_document_passes=0, reuse_theta=no, cache_theta=no, opt_for_avx=yes, disk_cache_path= to ArtmCreateMasterModel
I0114 03:15:42.025204 13780 c_interface.cc:274] Creating MasterModel (id=7)...
I0114 03:15:42.041853 13780 collection_parser.cc:771] CollectionParserConfig.num_threads is automatically set to 4
W0114 03:15:43.763870 14404 helpers.cc:221] File already exists: batches\aaaaaa.batch
W0114 03:15:45.354918 15116 helpers.cc:221] File already exists: batches\aaaaab.batch
I0114 03:15:45.491839 13780 c_interface.cc:375] Pass c8b30eff-8a28-40c8-826f-491fa1b5b221 to void (__cdecl artm::core::MasterComponent::*)(class std::basic_string<char,struct std::char_traits<char>,class std::allocator<char> > const & __ptr64) __ptr64
I0114 03:15:45.491839 13780 c_interface.cc:389] Pass GatherDictionaryArgs: dictionary_target_name=c8b30eff-8a28-40c8-826f-491fa1b5b221, data_path=batches, symmetric_cooc_values=0 to void (__cdecl artm::core::MasterComponent::*)(class artm::GatherDictionaryArgs const & __ptr64) __ptr64
I0114 03:15:45.528152 13780 dictionary_operations.cc:265] Found 2 batches in 'batches' folder
I0114 03:15:45.797017 13780 dictionary_operations.cc:331] Find 26866 unique tokens in 1728 items
I0114 03:15:45.938937 13780 dictionary_operations.cc:611] Dictionary name='c8b30eff-8a28-40c8-826f-491fa1b5b221' contains entries: author:539; text:26327; 
I0114 03:15:45.938937 13780 c_interface.cc:375] Pass cc1052d3-b226-46c0-afbe-893754974631 to void (__cdecl artm::core::MasterComponent::*)(class std::basic_string<char,struct std::char_traits<char>,class std::allocator<char> > const & __ptr64) __ptr64
I0114 03:15:46.994592 13780 c_interface.cc:339] Disposing MasterComponent (id=1)...
I0114 03:15:47.012583 13780 c_interface.cc:271] Pass MasterModelConfig: topic_name_size=30, score_config_size=1, num_processors=0, pwt_name=pwt, nwt_name=nwt, num_document_passes=10, reuse_theta=no, cache_theta=yes, opt_for_avx=yes, disk_cache_path= to ArtmCreateMasterModel
I0114 03:15:47.012583 13780 instance.cc:401] MasterModelConfig.processors_count is automatically set to 4
I0114 03:15:47.013581 13780 c_interface.cc:274] Creating MasterModel (id=8)...
I0114 03:15:47.019578 14712 processor.cc:58] Processor thread started
I0114 03:15:47.020576 15428 processor.cc:58] Processor thread started
I0114 03:15:47.022575 15112 processor.cc:58] Processor thread started
I0114 03:15:47.022575  9436 processor.cc:58] Processor thread started
I0114 03:15:47.057641 15428 processor.cc:74] No data in processing queue, waiting...
I0114 03:15:47.057641 14712 processor.cc:74] No data in processing queue, waiting...
I0114 03:15:47.059589  9436 processor.cc:74] No data in processing queue, waiting...
I0114 03:15:47.059589 15112 processor.cc:74] No data in processing queue, waiting...
I0114 03:15:47.161422 13780 c_interface.cc:271] Pass MasterModelConfig: topic_name_size=0, score_config_size=1, num_processors=0, pwt_name=pwt, nwt_name=nwt, num_document_passes=0, reuse_theta=no, cache_theta=no, opt_for_avx=yes, disk_cache_path= to ArtmCreateMasterModel
I0114 03:15:47.161422 13780 c_interface.cc:274] Creating MasterModel (id=9)...
I0114 03:15:47.161422 13780 c_interface.cc:375] Pass dictionary to void (__cdecl artm::core::MasterComponent::*)(class std::basic_string<char,struct std::char_traits<char>,class std::allocator<char> > const & __ptr64) __ptr64
I0114 03:15:47.530216 13780 c_interface.cc:339] Disposing MasterComponent (id=6)...
I0114 03:15:47.530216 13780 c_interface.cc:375] Pass dictionary to void (__cdecl artm::core::MasterComponent::*)(class std::basic_string<char,struct std::char_traits<char>,class std::allocator<char> > const & __ptr64) __ptr64
I0114 03:15:47.530216 13780 c_interface.cc:389] Pass GatherDictionaryArgs: dictionary_target_name=dictionary, data_path=batches, symmetric_cooc_values=0 to void (__cdecl artm::core::MasterComponent::*)(class artm::GatherDictionaryArgs const & __ptr64) __ptr64
I0114 03:15:47.531214 13780 dictionary_operations.cc:265] Found 2 batches in 'batches' folder
I0114 03:15:47.876142 13780 dictionary_operations.cc:331] Find 26866 unique tokens in 1728 items
I0114 03:15:47.942104 13780 dictionary_operations.cc:611] Dictionary name='dictionary' contains entries: author:539; text:26327; 
I0114 03:15:47.943104 13780 c_interface.cc:375] Pass pwt to void (__cdecl artm::core::MasterComponent::*)(class std::basic_string<char,struct std::char_traits<char>,class std::allocator<char> > const & __ptr64) __ptr64
I0114 03:15:47.943104 13780 c_interface.cc:375] Pass nwt to void (__cdecl artm::core::MasterComponent::*)(class std::basic_string<char,struct std::char_traits<char>,class std::allocator<char> > const & __ptr64) __ptr64
I0114 03:15:47.944103 13780 c_interface.cc:389] Pass InitializeModelArgs: model_name=pwt, dictionary_name=dictionary, topic_name_size=30, seed=1 to void (__cdecl artm::core::MasterComponent::*)(class artm::InitializeModelArgs const & __ptr64) __ptr64
I0114 03:15:48.148985 13780 master_component.cc:667] InitializeModel() created matrix pwt with 30 topics and 26866 tokens; 
I0114 03:15:48.149987 13780 c_interface.cc:389] Pass InitializeModelArgs: model_name=nwt, dictionary_name=dictionary, topic_name_size=30, seed=1 to void (__cdecl artm::core::MasterComponent::*)(class artm::InitializeModelArgs const & __ptr64) __ptr64
I0114 03:15:48.363895 13780 master_component.cc:667] InitializeModel() created matrix nwt with 30 topics and 26866 tokens; 
I0114 03:15:48.364895 13780 c_interface.cc:231] ArtmCopyRequestedMessage is copying 309 bytes...
I0114 03:15:48.419862 13780 c_interface.cc:389] Pass MasterModelConfig: topic_name_size=30, score_config_size=2, num_processors=0, pwt_name=pwt, nwt_name=nwt, num_document_passes=10, reuse_theta=no, cache_theta=yes, opt_for_avx=yes, disk_cache_path= to void (__cdecl artm::core::MasterComponent::*)(class artm::MasterModelConfig const & __ptr64) __ptr64
I0114 03:15:48.419862 13780 instance.cc:401] MasterModelConfig.processors_count is automatically set to 4
I0114 03:15:48.420862 13780 c_interface.cc:389] Pass MasterModelConfig: topic_name_size=30, score_config_size=3, num_processors=0, pwt_name=pwt, nwt_name=nwt, num_document_passes=10, reuse_theta=no, cache_theta=yes, opt_for_avx=yes, disk_cache_path= to void (__cdecl artm::core::MasterComponent::*)(class artm::MasterModelConfig const & __ptr64) __ptr64
I0114 03:15:48.420862 13780 instance.cc:401] MasterModelConfig.processors_count is automatically set to 4
I0114 03:15:48.816417 13780 c_interface.cc:389] Pass MasterModelConfig: topic_name_size=30, score_config_size=3, num_processors=0, pwt_name=pwt, nwt_name=nwt, num_document_passes=10, regularizer=(SparsePhi_bcg:100000), reuse_theta=no, cache_theta=yes, opt_for_avx=yes, disk_cache_path= to void (__cdecl artm::core::MasterComponent::*)(class artm::MasterModelConfig const & __ptr64) __ptr64
I0114 03:15:48.816417 13780 instance.cc:401] MasterModelConfig.processors_count is automatically set to 4
I0114 03:15:48.816417 13780 instance.cc:232] Regularizer 'SparsePhi_bcg' was cold-reconfigured
I0114 03:15:49.667898 13780 c_interface.cc:389] Pass FitOfflineMasterModelArgs, batch_filename_size=2, batch_weight_size=2, num_collection_passes=1, reset_nwt=yes to void (__cdecl artm::core::MasterComponent::*)(class artm::FitOfflineMasterModelArgs const & __ptr64) __ptr64
I0114 03:15:49.667898 13780 master_component.cc:1420] ProcessBatchesArgs: nwt_target_name=nwt, batch_filename_size=2, batch_size=0, batch_weight_size=2, pwt_source_name=pwt, num_document_passes=10, regularizer=(name:SparsePhi_bcg, tau:100000), reuse_theta=no, opt_for_avx=yes, predict_class_id=, reset_nwt=yes
I0114 03:15:49.691884 15112 processor.cc:81] Processing queue has data, processing started
I0114 03:15:49.691884  9436 processor.cc:81] Processing queue has data, processing started
I0114 03:15:49.729859 15112 processor.cc:158] Processor: start processing batch e26e03e0-bcba-4689-9967-567abf48d49c into model nwt
I0114 03:15:49.755843  9436 processor.cc:158] Processor: start processing batch 97c25dd7-ba13-4952-a3f2-7a9938760194 into model nwt
I0114 03:15:50.301532 15112 processor.cc:293] Processor: complete processing batch e26e03e0-bcba-4689-9967-567abf48d49c into model nwt
I0114 03:15:50.305531 15112 cuckoo_watch.h:45] 614ms in ProcessBatch(batches\aaaaaa.batch) [including 37ms in LoadMessage; 0ms in InitializeTheta; 0ms in CreateRegularizerAgents; 23ms in InitializeSparseNdw; 316ms in InferThetaAndUpdateNwtSparse; 71ms in UpdateCacheEntry; 160ms in CalculateScore(^^^ItemsProcessedScore^^^); ]
I0114 03:15:50.346508 15112 processor.cc:74] No data in processing queue, waiting...
I0114 03:15:50.705304  9436 processor.cc:293] Processor: complete processing batch 97c25dd7-ba13-4952-a3f2-7a9938760194 into model nwt
I0114 03:15:50.710301  9436 cuckoo_watch.h:45] 1018ms in ProcessBatch(batches\aaaaab.batch) [including 64ms in LoadMessage; 0ms in InitializeTheta; 0ms in CreateRegularizerAgents; 52ms in InitializeSparseNdw; 611ms in InferThetaAndUpdateNwtSparse; 0ms in UpdateCacheEntry; 284ms in CalculateScore(^^^ItemsProcessedScore^^^); ]
I0114 03:15:50.711308 13780 master_component.cc:1458] RegularizeModelArgs: rwt_target_name=rwt, pwt_source_name=pwt, nwt_source_name=nwt
I0114 03:15:50.711308 13780 master_component.cc:981] MasterComponent: start regularizing model pwt
I0114 03:15:50.752274  9436 processor.cc:74] No data in processing queue, waiting...
I0114 03:15:50.785256 13780 master_component.cc:1009] MasterComponent: complete regularizing model pwt
I0114 03:15:50.785256 13780 master_component.cc:1495] DisposeModel pwt
I0114 03:15:50.793253 13780 master_component.cc:1471] NormalizeModelArgs: pwt_target_name=pwt, nwt_source_name=nwt, rwt_source_name=rwt
I0114 03:15:50.793253 13780 master_component.cc:1013] MasterComponent: start normalizing model nwt
I0114 03:15:50.869208 13780 master_component.cc:1043] MasterComponent: complete normalizing model nwt
I0114 03:15:51.031116 13780 master_component.cc:1495] DisposeModel rwt
I0114 03:15:51.040110 13780 master_component.cc:1071] FitOffline: ItemsProcessed, num_items=1728, num_batches=2, token_weight=808522, token_weight_in_effect=808522
I0114 03:15:51.041112 13780 c_interface.cc:389] Pass FitOfflineMasterModelArgs, batch_filename_size=2, batch_weight_size=2, num_collection_passes=1, reset_nwt=yes to void (__cdecl artm::core::MasterComponent::*)(class artm::FitOfflineMasterModelArgs const & __ptr64) __ptr64
I0114 03:15:51.041112 13780 master_component.cc:1420] ProcessBatchesArgs: nwt_target_name=nwt, batch_filename_size=2, batch_size=0, batch_weight_size=2, pwt_source_name=pwt, num_document_passes=10, regularizer=(name:SparsePhi_bcg, tau:100000), reuse_theta=no, opt_for_avx=yes, predict_class_id=, reset_nwt=yes
I0114 03:15:51.057101  9436 processor.cc:81] Processing queue has data, processing started
I0114 03:15:51.059120 14712 processor.cc:81] Processing queue has data, processing started
I0114 03:15:51.090080  9436 processor.cc:158] Processor: start processing batch e26e03e0-bcba-4689-9967-567abf48d49c into model nwt
I0114 03:15:51.120066 14712 processor.cc:158] Processor: start processing batch 97c25dd7-ba13-4952-a3f2-7a9938760194 into model nwt
I0114 03:15:51.702731  9436 processor.cc:293] Processor: complete processing batch e26e03e0-bcba-4689-9967-567abf48d49c into model nwt
I0114 03:15:51.705730  9436 cuckoo_watch.h:45] 648ms in ProcessBatch(batches\aaaaaa.batch) [including 33ms in LoadMessage; 0ms in InitializeTheta; 0ms in CreateRegularizerAgents; 23ms in InitializeSparseNdw; 414ms in InferThetaAndUpdateNwtSparse; 1ms in UpdateCacheEntry; 172ms in CalculateScore(^^^ItemsProcessedScore^^^); ]
I0114 03:15:51.751708  9436 processor.cc:74] No data in processing queue, waiting...
I0114 03:15:52.175485 14712 processor.cc:293] Processor: complete processing batch 97c25dd7-ba13-4952-a3f2-7a9938760194 into model nwt
I0114 03:15:52.179481 14712 cuckoo_watch.h:45] 1120ms in ProcessBatch(batches\aaaaab.batch) [including 61ms in LoadMessage; 0ms in InitializeTheta; 0ms in CreateRegularizerAgents; 77ms in InitializeSparseNdw; 701ms in InferThetaAndUpdateNwtSparse; 0ms in UpdateCacheEntry; 273ms in CalculateScore(^^^ItemsProcessedScore^^^); ]
I0114 03:15:52.182505 13780 master_component.cc:1458] RegularizeModelArgs: rwt_target_name=rwt, pwt_source_name=pwt, nwt_source_name=nwt
I0114 03:15:52.182505 13780 master_component.cc:981] MasterComponent: start regularizing model pwt
I0114 03:15:52.222486 14712 processor.cc:74] No data in processing queue, waiting...
I0114 03:15:52.261464 13780 master_component.cc:1009] MasterComponent: complete regularizing model pwt
I0114 03:15:52.261464 13780 master_component.cc:1495] DisposeModel pwt
I0114 03:15:52.270458 13780 master_component.cc:1471] NormalizeModelArgs: pwt_target_name=pwt, nwt_source_name=nwt, rwt_source_name=rwt
I0114 03:15:52.270458 13780 master_component.cc:1013] MasterComponent: start normalizing model nwt
I0114 03:15:52.352417 13780 master_component.cc:1043] MasterComponent: complete normalizing model nwt
I0114 03:15:52.500341 13780 master_component.cc:1495] DisposeModel rwt
I0114 03:15:52.515333 13780 master_component.cc:1071] FitOffline: ItemsProcessed, num_items=1728, num_batches=2, token_weight=808522, token_weight_in_effect=808522
I0114 03:15:52.516331 13780 c_interface.cc:389] Pass FitOfflineMasterModelArgs, batch_filename_size=2, batch_weight_size=2, num_collection_passes=1, reset_nwt=yes to void (__cdecl artm::core::MasterComponent::*)(class artm::FitOfflineMasterModelArgs const & __ptr64) __ptr64
I0114 03:15:52.516331 13780 master_component.cc:1420] ProcessBatchesArgs: nwt_target_name=nwt, batch_filename_size=2, batch_size=0, batch_weight_size=2, pwt_source_name=pwt, num_document_passes=10, regularizer=(name:SparsePhi_bcg, tau:100000), reuse_theta=no, opt_for_avx=yes, predict_class_id=, reset_nwt=yes
I0114 03:15:52.543318 14712 processor.cc:81] Processing queue has data, processing started
I0114 03:15:52.543318  9436 processor.cc:81] Processing queue has data, processing started
I0114 03:15:52.576297 14712 processor.cc:158] Processor: start processing batch e26e03e0-bcba-4689-9967-567abf48d49c into model nwt
I0114 03:15:52.608278  9436 processor.cc:158] Processor: start processing batch 97c25dd7-ba13-4952-a3f2-7a9938760194 into model nwt
I0114 03:15:53.231941 14712 processor.cc:293] Processor: complete processing batch e26e03e0-bcba-4689-9967-567abf48d49c into model nwt
I0114 03:15:53.237939 14712 cuckoo_watch.h:45] 695ms in ProcessBatch(batches\aaaaaa.batch) [including 33ms in LoadMessage; 0ms in InitializeTheta; 0ms in CreateRegularizerAgents; 27ms in InitializeSparseNdw; 414ms in InferThetaAndUpdateNwtSparse; 0ms in UpdateCacheEntry; 211ms in CalculateScore(^^^ItemsProcessedScore^^^); ]
I0114 03:15:53.277921 14712 processor.cc:74] No data in processing queue, waiting...
I0114 03:15:53.839133  9436 processor.cc:293] Processor: complete processing batch 97c25dd7-ba13-4952-a3f2-7a9938760194 into model nwt
I0114 03:15:53.844131  9436 cuckoo_watch.h:45] 1301ms in ProcessBatch(batches\aaaaab.batch) [including 65ms in LoadMessage; 0ms in InitializeTheta; 0ms in CreateRegularizerAgents; 63ms in InitializeSparseNdw; 866ms in InferThetaAndUpdateNwtSparse; 0ms in UpdateCacheEntry; 298ms in CalculateScore(^^^ItemsProcessedScore^^^); ]
I0114 03:15:53.846129 13780 master_component.cc:1458] RegularizeModelArgs: rwt_target_name=rwt, pwt_source_name=pwt, nwt_source_name=nwt
I0114 03:15:53.846129 13780 master_component.cc:981] MasterComponent: start regularizing model pwt
I0114 03:15:53.881115  9436 processor.cc:74] No data in processing queue, waiting...
I0114 03:15:53.946077 13780 master_component.cc:1009] MasterComponent: complete regularizing model pwt
I0114 03:15:53.946077 13780 master_component.cc:1495] DisposeModel pwt
I0114 03:15:53.964068 13780 master_component.cc:1471] NormalizeModelArgs: pwt_target_name=pwt, nwt_source_name=nwt, rwt_source_name=rwt
I0114 03:15:53.964068 13780 master_component.cc:1013] MasterComponent: start normalizing model nwt
I0114 03:15:54.063019 13780 master_component.cc:1043] MasterComponent: complete normalizing model nwt
I0114 03:15:54.225931 13780 master_component.cc:1495] DisposeModel rwt
I0114 03:15:54.237927 13780 master_component.cc:1071] FitOffline: ItemsProcessed, num_items=1728, num_batches=2, token_weight=808522, token_weight_in_effect=808522
I0114 03:15:54.237927 13780 c_interface.cc:389] Pass FitOfflineMasterModelArgs, batch_filename_size=2, batch_weight_size=2, num_collection_passes=1, reset_nwt=yes to void (__cdecl artm::core::MasterComponent::*)(class artm::FitOfflineMasterModelArgs const & __ptr64) __ptr64
I0114 03:15:54.237927 13780 master_component.cc:1420] ProcessBatchesArgs: nwt_target_name=nwt, batch_filename_size=2, batch_size=0, batch_weight_size=2, pwt_source_name=pwt, num_document_passes=10, regularizer=(name:SparsePhi_bcg, tau:100000), reuse_theta=no, opt_for_avx=yes, predict_class_id=, reset_nwt=yes
I0114 03:15:54.259915 14712 processor.cc:81] Processing queue has data, processing started
I0114 03:15:54.259915 15428 processor.cc:81] Processing queue has data, processing started
I0114 03:15:54.287896 14712 processor.cc:158] Processor: start processing batch e26e03e0-bcba-4689-9967-567abf48d49c into model nwt
I0114 03:15:54.310884 15428 processor.cc:158] Processor: start processing batch 97c25dd7-ba13-4952-a3f2-7a9938760194 into model nwt
I0114 03:15:54.805119 14712 processor.cc:293] Processor: complete processing batch e26e03e0-bcba-4689-9967-567abf48d49c into model nwt
I0114 03:15:54.808113 14712 cuckoo_watch.h:45] 548ms in ProcessBatch(batches\aaaaaa.batch) [including 28ms in LoadMessage; 0ms in InitializeTheta; 0ms in CreateRegularizerAgents; 20ms in InitializeSparseNdw; 314ms in InferThetaAndUpdateNwtSparse; 0ms in UpdateCacheEntry; 180ms in CalculateScore(^^^ItemsProcessedScore^^^); ]
I0114 03:15:54.848090 14712 processor.cc:74] No data in processing queue, waiting...
I0114 03:15:55.350806 15428 processor.cc:293] Processor: complete processing batch 97c25dd7-ba13-4952-a3f2-7a9938760194 into model nwt
I0114 03:15:55.355801 15428 cuckoo_watch.h:45] 1096ms in ProcessBatch(batches\aaaaab.batch) [including 51ms in LoadMessage; 0ms in InitializeTheta; 0ms in CreateRegularizerAgents; 50ms in InitializeSparseNdw; 672ms in InferThetaAndUpdateNwtSparse; 0ms in UpdateCacheEntry; 315ms in CalculateScore(^^^ItemsProcessedScore^^^); ]
I0114 03:15:55.356802 13780 master_component.cc:1458] RegularizeModelArgs: rwt_target_name=rwt, pwt_source_name=pwt, nwt_source_name=nwt
I0114 03:15:55.356802 13780 master_component.cc:981] MasterComponent: start regularizing model pwt
I0114 03:15:55.403290 15428 processor.cc:74] No data in processing queue, waiting...
I0114 03:15:55.465251 13780 master_component.cc:1009] MasterComponent: complete regularizing model pwt
I0114 03:15:55.465251 13780 master_component.cc:1495] DisposeModel pwt
I0114 03:15:55.476271 13780 master_component.cc:1471] NormalizeModelArgs: pwt_target_name=pwt, nwt_source_name=nwt, rwt_source_name=rwt
I0114 03:15:55.476271 13780 master_component.cc:1013] MasterComponent: start normalizing model nwt
I0114 03:15:55.571195 13780 master_component.cc:1043] MasterComponent: complete normalizing model nwt
I0114 03:15:55.764513 13780 master_component.cc:1495] DisposeModel rwt
I0114 03:15:55.776443 13780 master_component.cc:1071] FitOffline: ItemsProcessed, num_items=1728, num_batches=2, token_weight=808522, token_weight_in_effect=808522
I0114 03:15:55.777417 13780 c_interface.cc:389] Pass FitOfflineMasterModelArgs, batch_filename_size=2, batch_weight_size=2, num_collection_passes=1, reset_nwt=yes to void (__cdecl artm::core::MasterComponent::*)(class artm::FitOfflineMasterModelArgs const & __ptr64) __ptr64
I0114 03:15:55.777417 13780 master_component.cc:1420] ProcessBatchesArgs: nwt_target_name=nwt, batch_filename_size=2, batch_size=0, batch_weight_size=2, pwt_source_name=pwt, num_document_passes=10, regularizer=(name:SparsePhi_bcg, tau:100000), reuse_theta=no, opt_for_avx=yes, predict_class_id=, reset_nwt=yes
I0114 03:15:55.797458 15112 processor.cc:81] Processing queue has data, processing started
I0114 03:15:55.797458 15428 processor.cc:81] Processing queue has data, processing started
I0114 03:15:55.830442 15112 processor.cc:158] Processor: start processing batch e26e03e0-bcba-4689-9967-567abf48d49c into model nwt
I0114 03:15:55.853430 15428 processor.cc:158] Processor: start processing batch 97c25dd7-ba13-4952-a3f2-7a9938760194 into model nwt
I0114 03:15:56.387151 15112 processor.cc:293] Processor: complete processing batch e26e03e0-bcba-4689-9967-567abf48d49c into model nwt
I0114 03:15:56.391147 15112 cuckoo_watch.h:45] 593ms in ProcessBatch(batches\aaaaaa.batch) [including 33ms in LoadMessage; 0ms in InitializeTheta; 0ms in CreateRegularizerAgents; 24ms in InitializeSparseNdw; 330ms in InferThetaAndUpdateNwtSparse; 1ms in UpdateCacheEntry; 200ms in CalculateScore(^^^ItemsProcessedScore^^^); ]
I0114 03:15:56.426127 15112 processor.cc:74] No data in processing queue, waiting...
I0114 03:15:56.936887 15428 processor.cc:293] Processor: complete processing batch 97c25dd7-ba13-4952-a3f2-7a9938760194 into model nwt
I0114 03:15:56.940872 15428 cuckoo_watch.h:45] 1143ms in ProcessBatch(batches\aaaaab.batch) [including 56ms in LoadMessage; 0ms in InitializeTheta; 0ms in CreateRegularizerAgents; 56ms in InitializeSparseNdw; 719ms in InferThetaAndUpdateNwtSparse; 0ms in UpdateCacheEntry; 305ms in CalculateScore(^^^ItemsProcessedScore^^^); ]
I0114 03:15:56.941887 13780 master_component.cc:1458] RegularizeModelArgs: rwt_target_name=rwt, pwt_source_name=pwt, nwt_source_name=nwt
I0114 03:15:56.941887 13780 master_component.cc:981] MasterComponent: start regularizing model pwt
I0114 03:15:56.975852 15428 processor.cc:74] No data in processing queue, waiting...
I0114 03:15:57.025823 13780 master_component.cc:1009] MasterComponent: complete regularizing model pwt
I0114 03:15:57.025823 13780 master_component.cc:1495] DisposeModel pwt
I0114 03:15:57.035820 13780 master_component.cc:1471] NormalizeModelArgs: pwt_target_name=pwt, nwt_source_name=nwt, rwt_source_name=rwt
I0114 03:15:57.035820 13780 master_component.cc:1013] MasterComponent: start normalizing model nwt
I0114 03:15:57.118278 13780 master_component.cc:1043] MasterComponent: complete normalizing model nwt
I0114 03:15:57.272197 13780 master_component.cc:1495] DisposeModel rwt
I0114 03:15:57.282202 13780 master_component.cc:1071] FitOffline: ItemsProcessed, num_items=1728, num_batches=2, token_weight=808522, token_weight_in_effect=808522
I0114 03:15:57.283200 13780 c_interface.cc:389] Pass FitOfflineMasterModelArgs, batch_filename_size=2, batch_weight_size=2, num_collection_passes=1, reset_nwt=yes to void (__cdecl artm::core::MasterComponent::*)(class artm::FitOfflineMasterModelArgs const & __ptr64) __ptr64
I0114 03:15:57.283200 13780 master_component.cc:1420] ProcessBatchesArgs: nwt_target_name=nwt, batch_filename_size=2, batch_size=0, batch_weight_size=2, pwt_source_name=pwt, num_document_passes=10, regularizer=(name:SparsePhi_bcg, tau:100000), reuse_theta=no, opt_for_avx=yes, predict_class_id=, reset_nwt=yes
I0114 03:15:57.302204 15428 processor.cc:81] Processing queue has data, processing started
I0114 03:15:57.302204 14712 processor.cc:81] Processing queue has data, processing started
I0114 03:15:57.330181 15428 processor.cc:158] Processor: start processing batch e26e03e0-bcba-4689-9967-567abf48d49c into model nwt
I0114 03:15:57.355159 14712 processor.cc:158] Processor: start processing batch 97c25dd7-ba13-4952-a3f2-7a9938760194 into model nwt
I0114 03:15:57.860889 15428 processor.cc:293] Processor: complete processing batch e26e03e0-bcba-4689-9967-567abf48d49c into model nwt
I0114 03:15:57.866886 15428 cuckoo_watch.h:45] 565ms in ProcessBatch(batches\aaaaaa.batch) [including 28ms in LoadMessage; 0ms in InitializeTheta; 0ms in CreateRegularizerAgents; 18ms in InitializeSparseNdw; 339ms in InferThetaAndUpdateNwtSparse; 0ms in UpdateCacheEntry; 171ms in CalculateScore(^^^ItemsProcessedScore^^^); ]
I0114 03:15:57.905863 15428 processor.cc:74] No data in processing queue, waiting...
I0114 03:15:58.367118 14712 processor.cc:293] Processor: complete processing batch 97c25dd7-ba13-4952-a3f2-7a9938760194 into model nwt
I0114 03:15:58.371114 14712 cuckoo_watch.h:45] 1069ms in ProcessBatch(batches\aaaaab.batch) [including 53ms in LoadMessage; 0ms in InitializeTheta; 0ms in CreateRegularizerAgents; 57ms in InitializeSparseNdw; 660ms in InferThetaAndUpdateNwtSparse; 0ms in UpdateCacheEntry; 292ms in CalculateScore(^^^ItemsProcessedScore^^^); ]
I0114 03:15:58.373126 13780 master_component.cc:1458] RegularizeModelArgs: rwt_target_name=rwt, pwt_source_name=pwt, nwt_source_name=nwt
I0114 03:15:58.373126 13780 master_component.cc:981] MasterComponent: start regularizing model pwt
I0114 03:15:58.411094 14712 processor.cc:74] No data in processing queue, waiting...
I0114 03:15:58.459067 13780 master_component.cc:1009] MasterComponent: complete regularizing model pwt
I0114 03:15:58.459067 13780 master_component.cc:1495] DisposeModel pwt
I0114 03:15:58.471060 13780 master_component.cc:1471] NormalizeModelArgs: pwt_target_name=pwt, nwt_source_name=nwt, rwt_source_name=rwt
I0114 03:15:58.471060 13780 master_component.cc:1013] MasterComponent: start normalizing model nwt
I0114 03:15:58.555016 13780 master_component.cc:1043] MasterComponent: complete normalizing model nwt
I0114 03:15:58.706939 13780 master_component.cc:1495] DisposeModel rwt
I0114 03:15:58.717933 13780 master_component.cc:1071] FitOffline: ItemsProcessed, num_items=1728, num_batches=2, token_weight=808522, token_weight_in_effect=808522
I0114 03:15:58.717933 13780 c_interface.cc:389] Pass FitOfflineMasterModelArgs, batch_filename_size=2, batch_weight_size=2, num_collection_passes=1, reset_nwt=yes to void (__cdecl artm::core::MasterComponent::*)(class artm::FitOfflineMasterModelArgs const & __ptr64) __ptr64
I0114 03:15:58.718931 13780 master_component.cc:1420] ProcessBatchesArgs: nwt_target_name=nwt, batch_filename_size=2, batch_size=0, batch_weight_size=2, pwt_source_name=pwt, num_document_passes=10, regularizer=(name:SparsePhi_bcg, tau:100000), reuse_theta=no, opt_for_avx=yes, predict_class_id=, reset_nwt=yes
I0114 03:15:58.735921 14712 processor.cc:81] Processing queue has data, processing started
I0114 03:15:58.738919  9436 processor.cc:81] Processing queue has data, processing started
I0114 03:15:58.765903 14712 processor.cc:158] Processor: start processing batch e26e03e0-bcba-4689-9967-567abf48d49c into model nwt
I0114 03:15:58.795887  9436 processor.cc:158] Processor: start processing batch 97c25dd7-ba13-4952-a3f2-7a9938760194 into model nwt
I0114 03:15:59.330104 14712 processor.cc:293] Processor: complete processing batch e26e03e0-bcba-4689-9967-567abf48d49c into model nwt
I0114 03:15:59.336102 14712 cuckoo_watch.h:45] 600ms in ProcessBatch(batches\aaaaaa.batch) [including 30ms in LoadMessage; 0ms in InitializeTheta; 0ms in CreateRegularizerAgents; 23ms in InitializeSparseNdw; 347ms in InferThetaAndUpdateNwtSparse; 0ms in UpdateCacheEntry; 192ms in CalculateScore(^^^ItemsProcessedScore^^^); ]
I0114 03:15:59.380075 14712 processor.cc:74] No data in processing queue, waiting...
I0114 03:15:59.839814  9436 processor.cc:293] Processor: complete processing batch 97c25dd7-ba13-4952-a3f2-7a9938760194 into model nwt
I0114 03:15:59.844811  9436 cuckoo_watch.h:45] 1106ms in ProcessBatch(batches\aaaaab.batch) [including 56ms in LoadMessage; 0ms in InitializeTheta; 0ms in CreateRegularizerAgents; 57ms in InitializeSparseNdw; 691ms in InferThetaAndUpdateNwtSparse; 0ms in UpdateCacheEntry; 293ms in CalculateScore(^^^ItemsProcessedScore^^^); ]
I0114 03:15:59.846815 13780 master_component.cc:1458] RegularizeModelArgs: rwt_target_name=rwt, pwt_source_name=pwt, nwt_source_name=nwt
I0114 03:15:59.846815 13780 master_component.cc:981] MasterComponent: start regularizing model pwt
I0114 03:15:59.884311  9436 processor.cc:74] No data in processing queue, waiting...
I0114 03:15:59.972259 13780 master_component.cc:1009] MasterComponent: complete regularizing model pwt
I0114 03:15:59.972259 13780 master_component.cc:1495] DisposeModel pwt
I0114 03:15:59.989250 13780 master_component.cc:1471] NormalizeModelArgs: pwt_target_name=pwt, nwt_source_name=nwt, rwt_source_name=rwt
I0114 03:15:59.989250 13780 master_component.cc:1013] MasterComponent: start normalizing model nwt
I0114 03:16:00.127171 13780 master_component.cc:1043] MasterComponent: complete normalizing model nwt
I0114 03:16:00.365749 13780 master_component.cc:1495] DisposeModel rwt
I0114 03:16:00.384742 13780 master_component.cc:1071] FitOffline: ItemsProcessed, num_items=1728, num_batches=2, token_weight=808522, token_weight_in_effect=808522
I0114 03:16:00.385740 13780 c_interface.cc:389] Pass FitOfflineMasterModelArgs, batch_filename_size=2, batch_weight_size=2, num_collection_passes=1, reset_nwt=yes to void (__cdecl artm::core::MasterComponent::*)(class artm::FitOfflineMasterModelArgs const & __ptr64) __ptr64
I0114 03:16:00.385740 13780 master_component.cc:1420] ProcessBatchesArgs: nwt_target_name=nwt, batch_filename_size=2, batch_size=0, batch_weight_size=2, pwt_source_name=pwt, num_document_passes=10, regularizer=(name:SparsePhi_bcg, tau:100000), reuse_theta=no, opt_for_avx=yes, predict_class_id=, reset_nwt=yes
I0114 03:16:00.413738 15428 processor.cc:81] Processing queue has data, processing started
I0114 03:16:00.413738  9436 processor.cc:81] Processing queue has data, processing started
I0114 03:16:00.447702 15428 processor.cc:158] Processor: start processing batch e26e03e0-bcba-4689-9967-567abf48d49c into model nwt
I0114 03:16:00.474687  9436 processor.cc:158] Processor: start processing batch 97c25dd7-ba13-4952-a3f2-7a9938760194 into model nwt
I0114 03:16:01.104694 15428 processor.cc:293] Processor: complete processing batch e26e03e0-bcba-4689-9967-567abf48d49c into model nwt
I0114 03:16:01.108691 15428 cuckoo_watch.h:45] 695ms in ProcessBatch(batches\aaaaaa.batch) [including 34ms in LoadMessage; 0ms in InitializeTheta; 0ms in CreateRegularizerAgents; 27ms in InitializeSparseNdw; 413ms in InferThetaAndUpdateNwtSparse; 0ms in UpdateCacheEntry; 215ms in CalculateScore(^^^ItemsProcessedScore^^^); ]
I0114 03:16:01.147668 15428 processor.cc:74] No data in processing queue, waiting...
I0114 03:16:01.878604  9436 processor.cc:293] Processor: complete processing batch 97c25dd7-ba13-4952-a3f2-7a9938760194 into model nwt
I0114 03:16:01.884599  9436 cuckoo_watch.h:45] 1471ms in ProcessBatch(batches\aaaaab.batch) [including 61ms in LoadMessage; 0ms in InitializeTheta; 0ms in CreateRegularizerAgents; 69ms in InitializeSparseNdw; 815ms in InferThetaAndUpdateNwtSparse; 0ms in UpdateCacheEntry; 515ms in CalculateScore(^^^ItemsProcessedScore^^^); ]
I0114 03:16:01.885601 13780 master_component.cc:1458] RegularizeModelArgs: rwt_target_name=rwt, pwt_source_name=pwt, nwt_source_name=nwt
I0114 03:16:01.885601 13780 master_component.cc:981] MasterComponent: start regularizing model pwt
I0114 03:16:01.923583  9436 processor.cc:74] No data in processing queue, waiting...
I0114 03:16:01.990540 13780 master_component.cc:1009] MasterComponent: complete regularizing model pwt
I0114 03:16:01.990540 13780 master_component.cc:1495] DisposeModel pwt
I0114 03:16:02.004534 13780 master_component.cc:1471] NormalizeModelArgs: pwt_target_name=pwt, nwt_source_name=nwt, rwt_source_name=rwt
I0114 03:16:02.004534 13780 master_component.cc:1013] MasterComponent: start normalizing model nwt
I0114 03:16:02.171437 13780 master_component.cc:1043] MasterComponent: complete normalizing model nwt
I0114 03:16:02.447734 13780 master_component.cc:1495] DisposeModel rwt
I0114 03:16:02.468721 13780 master_component.cc:1071] FitOffline: ItemsProcessed, num_items=1728, num_batches=2, token_weight=808522, token_weight_in_effect=808522
I0114 03:16:02.468721 13780 c_interface.cc:389] Pass FitOfflineMasterModelArgs, batch_filename_size=2, batch_weight_size=2, num_collection_passes=1, reset_nwt=yes to void (__cdecl artm::core::MasterComponent::*)(class artm::FitOfflineMasterModelArgs const & __ptr64) __ptr64
I0114 03:16:02.469723 13780 master_component.cc:1420] ProcessBatchesArgs: nwt_target_name=nwt, batch_filename_size=2, batch_size=0, batch_weight_size=2, pwt_source_name=pwt, num_document_passes=10, regularizer=(name:SparsePhi_bcg, tau:100000), reuse_theta=no, opt_for_avx=yes, predict_class_id=, reset_nwt=yes
I0114 03:16:02.497159 15428 processor.cc:81] Processing queue has data, processing started
I0114 03:16:02.500155  9436 processor.cc:81] Processing queue has data, processing started
I0114 03:16:02.538132 15428 processor.cc:158] Processor: start processing batch e26e03e0-bcba-4689-9967-567abf48d49c into model nwt
I0114 03:16:02.652067  9436 processor.cc:158] Processor: start processing batch 97c25dd7-ba13-4952-a3f2-7a9938760194 into model nwt
I0114 03:16:03.245729 15428 processor.cc:293] Processor: complete processing batch e26e03e0-bcba-4689-9967-567abf48d49c into model nwt
I0114 03:16:03.267716 15428 cuckoo_watch.h:45] 769ms in ProcessBatch(batches\aaaaaa.batch) [including 41ms in LoadMessage; 0ms in InitializeTheta; 0ms in CreateRegularizerAgents; 22ms in InitializeSparseNdw; 385ms in InferThetaAndUpdateNwtSparse; 1ms in UpdateCacheEntry; 297ms in CalculateScore(^^^ItemsProcessedScore^^^); ]
I0114 03:16:03.324684 15428 processor.cc:74] No data in processing queue, waiting...
I0114 03:16:04.542421  9436 processor.cc:293] Processor: complete processing batch 97c25dd7-ba13-4952-a3f2-7a9938760194 into model nwt
I0114 03:16:04.551415  9436 cuckoo_watch.h:45] 2051ms in ProcessBatch(batches\aaaaab.batch) [including 151ms in LoadMessage; 0ms in InitializeTheta; 0ms in CreateRegularizerAgents; 72ms in InitializeSparseNdw; 1072ms in InferThetaAndUpdateNwtSparse; 1ms in UpdateCacheEntry; 742ms in CalculateScore(^^^ItemsProcessedScore^^^); ]
I0114 03:16:04.553413 13780 master_component.cc:1458] RegularizeModelArgs: rwt_target_name=rwt, pwt_source_name=pwt, nwt_source_name=nwt
I0114 03:16:04.553413 13780 master_component.cc:981] MasterComponent: start regularizing model pwt
I0114 03:16:04.596387  9436 processor.cc:74] No data in processing queue, waiting...
I0114 03:16:04.680341 13780 master_component.cc:1009] MasterComponent: complete regularizing model pwt
I0114 03:16:04.680341 13780 master_component.cc:1495] DisposeModel pwt
I0114 03:16:04.698329 13780 master_component.cc:1471] NormalizeModelArgs: pwt_target_name=pwt, nwt_source_name=nwt, rwt_source_name=rwt
I0114 03:16:04.698329 13780 master_component.cc:1013] MasterComponent: start normalizing model nwt
I0114 03:16:04.913208 13780 master_component.cc:1043] MasterComponent: complete normalizing model nwt
I0114 03:16:05.065124 13780 master_component.cc:1495] DisposeModel rwt
I0114 03:16:05.074117 13780 master_component.cc:1071] FitOffline: ItemsProcessed, num_items=1728, num_batches=2, token_weight=808522, token_weight_in_effect=808522
I0114 03:16:05.074117 13780 c_interface.cc:389] Pass FitOfflineMasterModelArgs, batch_filename_size=2, batch_weight_size=2, num_collection_passes=1, reset_nwt=yes to void (__cdecl artm::core::MasterComponent::*)(class artm::FitOfflineMasterModelArgs const & __ptr64) __ptr64
I0114 03:16:05.074117 13780 master_component.cc:1420] ProcessBatchesArgs: nwt_target_name=nwt, batch_filename_size=2, batch_size=0, batch_weight_size=2, pwt_source_name=pwt, num_document_passes=10, regularizer=(name:SparsePhi_bcg, tau:100000), reuse_theta=no, opt_for_avx=yes, predict_class_id=, reset_nwt=yes
I0114 03:16:05.094105  9436 processor.cc:81] Processing queue has data, processing started
I0114 03:16:05.096102 14712 processor.cc:81] Processing queue has data, processing started
I0114 03:16:05.121088  9436 processor.cc:158] Processor: start processing batch e26e03e0-bcba-4689-9967-567abf48d49c into model nwt
I0114 03:16:05.153070 14712 processor.cc:158] Processor: start processing batch 97c25dd7-ba13-4952-a3f2-7a9938760194 into model nwt
I0114 03:16:05.687767  9436 processor.cc:293] Processor: complete processing batch e26e03e0-bcba-4689-9967-567abf48d49c into model nwt
I0114 03:16:05.692762  9436 cuckoo_watch.h:45] 599ms in ProcessBatch(batches\aaaaaa.batch) [including 27ms in LoadMessage; 0ms in InitializeTheta; 0ms in CreateRegularizerAgents; 27ms in InitializeSparseNdw; 326ms in InferThetaAndUpdateNwtSparse; 1ms in UpdateCacheEntry; 211ms in CalculateScore(^^^ItemsProcessedScore^^^); ]
I0114 03:16:05.733749  9436 processor.cc:74] No data in processing queue, waiting...
I0114 03:16:06.208127 14712 processor.cc:293] Processor: complete processing batch 97c25dd7-ba13-4952-a3f2-7a9938760194 into model nwt
I0114 03:16:06.212124 14712 cuckoo_watch.h:45] 1116ms in ProcessBatch(batches\aaaaab.batch) [including 57ms in LoadMessage; 0ms in InitializeTheta; 0ms in CreateRegularizerAgents; 52ms in InitializeSparseNdw; 692ms in InferThetaAndUpdateNwtSparse; 0ms in UpdateCacheEntry; 308ms in CalculateScore(^^^ItemsProcessedScore^^^); ]
I0114 03:16:06.213122 13780 master_component.cc:1458] RegularizeModelArgs: rwt_target_name=rwt, pwt_source_name=pwt, nwt_source_name=nwt
I0114 03:16:06.213122 13780 master_component.cc:981] MasterComponent: start regularizing model pwt
I0114 03:16:06.263093 14712 processor.cc:74] No data in processing queue, waiting...
I0114 03:16:06.302071 13780 master_component.cc:1009] MasterComponent: complete regularizing model pwt
I0114 03:16:06.302071 13780 master_component.cc:1495] DisposeModel pwt
I0114 03:16:06.312067 13780 master_component.cc:1471] NormalizeModelArgs: pwt_target_name=pwt, nwt_source_name=nwt, rwt_source_name=rwt
I0114 03:16:06.312067 13780 master_component.cc:1013] MasterComponent: start normalizing model nwt
I0114 03:16:06.407013 13780 master_component.cc:1043] MasterComponent: complete normalizing model nwt
I0114 03:16:06.540935 13780 master_component.cc:1495] DisposeModel rwt
I0114 03:16:06.550930 13780 master_component.cc:1071] FitOffline: ItemsProcessed, num_items=1728, num_batches=2, token_weight=808522, token_weight_in_effect=808522
I0114 03:16:06.550930 13780 c_interface.cc:389] Pass FitOfflineMasterModelArgs, batch_filename_size=2, batch_weight_size=2, num_collection_passes=1, reset_nwt=yes to void (__cdecl artm::core::MasterComponent::*)(class artm::FitOfflineMasterModelArgs const & __ptr64) __ptr64
I0114 03:16:06.550930 13780 master_component.cc:1420] ProcessBatchesArgs: nwt_target_name=nwt, batch_filename_size=2, batch_size=0, batch_weight_size=2, pwt_source_name=pwt, num_document_passes=10, regularizer=(name:SparsePhi_bcg, tau:100000), reuse_theta=no, opt_for_avx=yes, predict_class_id=, reset_nwt=yes
I0114 03:16:06.572988  9436 processor.cc:81] Processing queue has data, processing started
I0114 03:16:06.572988 14712 processor.cc:81] Processing queue has data, processing started
I0114 03:16:06.599901 14712 processor.cc:158] Processor: start processing batch e26e03e0-bcba-4689-9967-567abf48d49c into model nwt
I0114 03:16:06.622892  9436 processor.cc:158] Processor: start processing batch 97c25dd7-ba13-4952-a3f2-7a9938760194 into model nwt
I0114 03:16:07.128996 14712 processor.cc:293] Processor: complete processing batch e26e03e0-bcba-4689-9967-567abf48d49c into model nwt
I0114 03:16:07.134994 14712 cuckoo_watch.h:45] 561ms in ProcessBatch(batches\aaaaaa.batch) [including 27ms in LoadMessage; 0ms in InitializeTheta; 0ms in CreateRegularizerAgents; 20ms in InitializeSparseNdw; 340ms in InferThetaAndUpdateNwtSparse; 1ms in UpdateCacheEntry; 165ms in CalculateScore(^^^ItemsProcessedScore^^^); ]
I0114 03:16:07.178966 14712 processor.cc:74] No data in processing queue, waiting...
I0114 03:16:07.725288  9436 processor.cc:293] Processor: complete processing batch 97c25dd7-ba13-4952-a3f2-7a9938760194 into model nwt
I0114 03:16:07.729285  9436 cuckoo_watch.h:45] 1157ms in ProcessBatch(batches\aaaaab.batch) [including 50ms in LoadMessage; 0ms in InitializeTheta; 0ms in CreateRegularizerAgents; 63ms in InitializeSparseNdw; 696ms in InferThetaAndUpdateNwtSparse; 0ms in UpdateCacheEntry; 340ms in CalculateScore(^^^ItemsProcessedScore^^^); ]
I0114 03:16:07.731284 13780 master_component.cc:1458] RegularizeModelArgs: rwt_target_name=rwt, pwt_source_name=pwt, nwt_source_name=nwt
I0114 03:16:07.731284 13780 master_component.cc:981] MasterComponent: start regularizing model pwt
I0114 03:16:07.775260  9436 processor.cc:74] No data in processing queue, waiting...
I0114 03:16:07.845218 13780 master_component.cc:1009] MasterComponent: complete regularizing model pwt
I0114 03:16:07.845218 13780 master_component.cc:1495] DisposeModel pwt
I0114 03:16:07.855213 13780 master_component.cc:1471] NormalizeModelArgs: pwt_target_name=pwt, nwt_source_name=nwt, rwt_source_name=rwt
I0114 03:16:07.855213 13780 master_component.cc:1013] MasterComponent: start normalizing model nwt
I0114 03:16:07.955157 13780 master_component.cc:1043] MasterComponent: complete normalizing model nwt
I0114 03:16:08.101075 13780 master_component.cc:1495] DisposeModel rwt
I0114 03:16:08.120064 13780 master_component.cc:1071] FitOffline: ItemsProcessed, num_items=1728, num_batches=2, token_weight=808522, token_weight_in_effect=808522
I0114 03:16:08.120064 13780 c_interface.cc:389] Pass FitOfflineMasterModelArgs, batch_filename_size=2, batch_weight_size=2, num_collection_passes=1, reset_nwt=yes to void (__cdecl artm::core::MasterComponent::*)(class artm::FitOfflineMasterModelArgs const & __ptr64) __ptr64
I0114 03:16:08.121064 13780 master_component.cc:1420] ProcessBatchesArgs: nwt_target_name=nwt, batch_filename_size=2, batch_size=0, batch_weight_size=2, pwt_source_name=pwt, num_document_passes=10, regularizer=(name:SparsePhi_bcg, tau:100000), reuse_theta=no, opt_for_avx=yes, predict_class_id=, reset_nwt=yes
I0114 03:16:08.154043 15428 processor.cc:81] Processing queue has data, processing started
I0114 03:16:08.154043 15112 processor.cc:81] Processing queue has data, processing started
I0114 03:16:08.188024 15428 processor.cc:158] Processor: start processing batch e26e03e0-bcba-4689-9967-567abf48d49c into model nwt
I0114 03:16:08.220006 15112 processor.cc:158] Processor: start processing batch 97c25dd7-ba13-4952-a3f2-7a9938760194 into model nwt
I0114 03:16:08.914311 15428 processor.cc:293] Processor: complete processing batch e26e03e0-bcba-4689-9967-567abf48d49c into model nwt
I0114 03:16:08.919309 15428 cuckoo_watch.h:45] 765ms in ProcessBatch(batches\aaaaaa.batch) [including 34ms in LoadMessage; 0ms in InitializeTheta; 0ms in CreateRegularizerAgents; 29ms in InitializeSparseNdw; 451ms in InferThetaAndUpdateNwtSparse; 1ms in UpdateCacheEntry; 243ms in CalculateScore(^^^ItemsProcessedScore^^^); ]
I0114 03:16:08.970281 15428 processor.cc:74] No data in processing queue, waiting...
I0114 03:16:09.590930 15112 processor.cc:293] Processor: complete processing batch 97c25dd7-ba13-4952-a3f2-7a9938760194 into model nwt
I0114 03:16:09.596925 15112 cuckoo_watch.h:45] 1443ms in ProcessBatch(batches\aaaaab.batch) [including 66ms in LoadMessage; 0ms in InitializeTheta; 0ms in CreateRegularizerAgents; 46ms in InitializeSparseNdw; 926ms in InferThetaAndUpdateNwtSparse; 0ms in UpdateCacheEntry; 395ms in CalculateScore(^^^ItemsProcessedScore^^^); ]
I0114 03:16:09.598922 13780 master_component.cc:1458] RegularizeModelArgs: rwt_target_name=rwt, pwt_source_name=pwt, nwt_source_name=nwt
I0114 03:16:09.598922 13780 master_component.cc:981] MasterComponent: start regularizing model pwt
I0114 03:16:09.642896 15112 processor.cc:74] No data in processing queue, waiting...
I0114 03:16:09.694866 13780 master_component.cc:1009] MasterComponent: complete regularizing model pwt
I0114 03:16:09.694866 13780 master_component.cc:1495] DisposeModel pwt
I0114 03:16:09.705859 13780 master_component.cc:1471] NormalizeModelArgs: pwt_target_name=pwt, nwt_source_name=nwt, rwt_source_name=rwt
I0114 03:16:09.705859 13780 master_component.cc:1013] MasterComponent: start normalizing model nwt
I0114 03:16:09.808802 13780 master_component.cc:1043] MasterComponent: complete normalizing model nwt
I0114 03:16:09.933737 13780 master_component.cc:1495] DisposeModel rwt
I0114 03:16:09.942731 13780 master_component.cc:1071] FitOffline: ItemsProcessed, num_items=1728, num_batches=2, token_weight=808522, token_weight_in_effect=808522
I0114 03:16:09.942731 13780 c_interface.cc:389] Pass FitOfflineMasterModelArgs, batch_filename_size=2, batch_weight_size=2, num_collection_passes=1, reset_nwt=yes to void (__cdecl artm::core::MasterComponent::*)(class artm::FitOfflineMasterModelArgs const & __ptr64) __ptr64
I0114 03:16:09.942731 13780 master_component.cc:1420] ProcessBatchesArgs: nwt_target_name=nwt, batch_filename_size=2, batch_size=0, batch_weight_size=2, pwt_source_name=pwt, num_document_passes=10, regularizer=(name:SparsePhi_bcg, tau:100000), reuse_theta=no, opt_for_avx=yes, predict_class_id=, reset_nwt=yes
I0114 03:16:09.967757 15112 processor.cc:81] Processing queue has data, processing started
I0114 03:16:09.967757 14712 processor.cc:81] Processing queue has data, processing started
I0114 03:16:09.991750 15112 processor.cc:158] Processor: start processing batch e26e03e0-bcba-4689-9967-567abf48d49c into model nwt
I0114 03:16:10.016736 14712 processor.cc:158] Processor: start processing batch 97c25dd7-ba13-4952-a3f2-7a9938760194 into model nwt
I0114 03:16:10.483477 15112 processor.cc:293] Processor: complete processing batch e26e03e0-bcba-4689-9967-567abf48d49c into model nwt
I0114 03:16:10.487476 15112 cuckoo_watch.h:45] 520ms in ProcessBatch(batches\aaaaaa.batch) [including 24ms in LoadMessage; 0ms in InitializeTheta; 0ms in CreateRegularizerAgents; 23ms in InitializeSparseNdw; 302ms in InferThetaAndUpdateNwtSparse; 1ms in UpdateCacheEntry; 163ms in CalculateScore(^^^ItemsProcessedScore^^^); ]
I0114 03:16:10.532452 15112 processor.cc:74] No data in processing queue, waiting...
