Log file created at: 2020/01/16 18:58:39
Running on machine: DESKTOP-5FHQ5JO
Log line format: [IWEF]mmdd hh:mm:ss.uuuuuu threadid file:line] msg
I0116 18:58:39.170110  2072 c_interface.cc:127] Logging enabled to .
I0116 18:58:39.171039  2072 c_interface.cc:128] BigARTM version: v0.10.1
I0116 18:58:39.171039  2072 c_interface.cc:271] Pass MasterModelConfig: topic_name_size=0, score_config_size=1, num_processors=0, pwt_name=pwt, nwt_name=nwt, num_document_passes=0, reuse_theta=no, cache_theta=no, opt_for_avx=yes, disk_cache_path= to ArtmCreateMasterModel
I0116 18:58:39.172039  2072 c_interface.cc:274] Creating MasterModel (id=1)...
I0116 18:58:39.378062  2072 collection_parser.cc:771] CollectionParserConfig.num_threads is automatically set to 4
W0116 18:58:40.122810 11792 helpers.cc:221] File already exists: batches\aaaaaa.batch
W0116 18:58:40.795614  4232 helpers.cc:221] File already exists: batches\aaaaab.batch
I0116 18:58:40.858598  2072 c_interface.cc:375] Pass 02bba432-9ed6-4158-a5c5-990fda31f14d to void (__cdecl artm::core::MasterComponent::*)(class std::basic_string<char,struct std::char_traits<char>,class std::allocator<char> > const & __ptr64) __ptr64
I0116 18:58:40.874483  2072 c_interface.cc:389] Pass GatherDictionaryArgs: dictionary_target_name=02bba432-9ed6-4158-a5c5-990fda31f14d, data_path=batches, symmetric_cooc_values=0 to void (__cdecl artm::core::MasterComponent::*)(class artm::GatherDictionaryArgs const & __ptr64) __ptr64
I0116 18:58:40.875033  2072 dictionary_operations.cc:265] Found 2 batches in 'batches' folder
I0116 18:58:41.086690  2072 dictionary_operations.cc:331] Find 26866 unique tokens in 1728 items
I0116 18:58:41.144657  2072 dictionary_operations.cc:611] Dictionary name='02bba432-9ed6-4158-a5c5-990fda31f14d' contains entries: author:539; text:26327; 
I0116 18:58:41.155652  2072 c_interface.cc:271] Pass MasterModelConfig: topic_name_size=30, score_config_size=1, num_processors=0, pwt_name=pwt, nwt_name=nwt, num_document_passes=10, reuse_theta=no, cache_theta=yes, opt_for_avx=yes, disk_cache_path= to ArtmCreateMasterModel
I0116 18:58:41.155652  2072 instance.cc:401] MasterModelConfig.processors_count is automatically set to 4
I0116 18:58:41.158653  2072 c_interface.cc:274] Creating MasterModel (id=2)...
I0116 18:58:41.160652  9120 processor.cc:58] Processor thread started
I0116 18:58:41.160652 10196 processor.cc:58] Processor thread started
I0116 18:58:41.161648  6600 processor.cc:58] Processor thread started
I0116 18:58:41.164649 12172 processor.cc:58] Processor thread started
I0116 18:58:41.315073  6600 processor.cc:74] No data in processing queue, waiting...
I0116 18:58:41.315073  9120 processor.cc:74] No data in processing queue, waiting...
I0116 18:58:41.315073 10196 processor.cc:74] No data in processing queue, waiting...
I0116 18:58:41.315073 12172 processor.cc:74] No data in processing queue, waiting...
I0116 18:58:41.324684  2072 c_interface.cc:271] Pass MasterModelConfig: topic_name_size=0, score_config_size=1, num_processors=0, pwt_name=pwt, nwt_name=nwt, num_document_passes=0, reuse_theta=no, cache_theta=no, opt_for_avx=yes, disk_cache_path= to ArtmCreateMasterModel
I0116 18:58:41.324684  2072 c_interface.cc:274] Creating MasterModel (id=3)...
I0116 18:58:41.324684  2072 c_interface.cc:375] Pass dictionary to void (__cdecl artm::core::MasterComponent::*)(class std::basic_string<char,struct std::char_traits<char>,class std::allocator<char> > const & __ptr64) __ptr64
I0116 18:58:41.324684  2072 c_interface.cc:389] Pass GatherDictionaryArgs: dictionary_target_name=dictionary, data_path=batches, symmetric_cooc_values=0 to void (__cdecl artm::core::MasterComponent::*)(class artm::GatherDictionaryArgs const & __ptr64) __ptr64
I0116 18:58:41.325664  2072 dictionary_operations.cc:265] Found 2 batches in 'batches' folder
I0116 18:58:41.487591  2072 dictionary_operations.cc:331] Find 26866 unique tokens in 1728 items
I0116 18:58:41.545536  2072 dictionary_operations.cc:611] Dictionary name='dictionary' contains entries: author:539; text:26327; 
I0116 18:58:41.546536  2072 c_interface.cc:375] Pass pwt to void (__cdecl artm::core::MasterComponent::*)(class std::basic_string<char,struct std::char_traits<char>,class std::allocator<char> > const & __ptr64) __ptr64
I0116 18:58:41.546536  2072 c_interface.cc:375] Pass nwt to void (__cdecl artm::core::MasterComponent::*)(class std::basic_string<char,struct std::char_traits<char>,class std::allocator<char> > const & __ptr64) __ptr64
I0116 18:58:41.546536  2072 c_interface.cc:389] Pass InitializeModelArgs: model_name=pwt, dictionary_name=dictionary, topic_name_size=30, seed=1 to void (__cdecl artm::core::MasterComponent::*)(class artm::InitializeModelArgs const & __ptr64) __ptr64
I0116 18:58:41.728452  2072 master_component.cc:667] InitializeModel() created matrix pwt with 30 topics and 26866 tokens; 
I0116 18:58:41.728452  2072 c_interface.cc:389] Pass InitializeModelArgs: model_name=nwt, dictionary_name=dictionary, topic_name_size=30, seed=1 to void (__cdecl artm::core::MasterComponent::*)(class artm::InitializeModelArgs const & __ptr64) __ptr64
I0116 18:58:41.913327  2072 master_component.cc:667] InitializeModel() created matrix nwt with 30 topics and 26866 tokens; 
I0116 18:58:41.913327  2072 c_interface.cc:231] ArtmCopyRequestedMessage is copying 309 bytes...
I0116 18:58:41.924322  2072 c_interface.cc:389] Pass MasterModelConfig: topic_name_size=30, score_config_size=2, num_processors=0, pwt_name=pwt, nwt_name=nwt, num_document_passes=10, reuse_theta=no, cache_theta=yes, opt_for_avx=yes, disk_cache_path= to void (__cdecl artm::core::MasterComponent::*)(class artm::MasterModelConfig const & __ptr64) __ptr64
I0116 18:58:41.924322  2072 instance.cc:401] MasterModelConfig.processors_count is automatically set to 4
I0116 18:58:41.925320  2072 c_interface.cc:389] Pass MasterModelConfig: topic_name_size=30, score_config_size=3, num_processors=0, pwt_name=pwt, nwt_name=nwt, num_document_passes=10, reuse_theta=no, cache_theta=yes, opt_for_avx=yes, disk_cache_path= to void (__cdecl artm::core::MasterComponent::*)(class artm::MasterModelConfig const & __ptr64) __ptr64
I0116 18:58:41.925320  2072 instance.cc:401] MasterModelConfig.processors_count is automatically set to 4
I0116 18:58:42.128805  2072 c_interface.cc:389] Pass MasterModelConfig: topic_name_size=30, score_config_size=3, num_processors=0, pwt_name=pwt, nwt_name=nwt, num_document_passes=10, regularizer=(SparsePhi_bcg:100000), reuse_theta=no, cache_theta=yes, opt_for_avx=yes, disk_cache_path= to void (__cdecl artm::core::MasterComponent::*)(class artm::MasterModelConfig const & __ptr64) __ptr64
I0116 18:58:42.128805  2072 instance.cc:401] MasterModelConfig.processors_count is automatically set to 4
I0116 18:58:42.128805  2072 instance.cc:232] Regularizer 'SparsePhi_bcg' was cold-reconfigured
I0116 18:58:42.361457  2072 c_interface.cc:389] Pass FitOfflineMasterModelArgs, batch_filename_size=2, batch_weight_size=2, num_collection_passes=1, reset_nwt=yes to void (__cdecl artm::core::MasterComponent::*)(class artm::FitOfflineMasterModelArgs const & __ptr64) __ptr64
I0116 18:58:42.361457  2072 master_component.cc:1420] ProcessBatchesArgs: nwt_target_name=nwt, batch_filename_size=2, batch_size=0, batch_weight_size=2, pwt_source_name=pwt, num_document_passes=10, regularizer=(name:SparsePhi_bcg, tau:100000), reuse_theta=no, opt_for_avx=yes, predict_class_id=, reset_nwt=yes
I0116 18:58:42.376452  2072 master_component.cc:831] Batches count (=2) is smaller than num processors (=4), which may cause suboptimal performance.
I0116 18:58:42.377473  6600 processor.cc:81] Processing queue has data, processing started
I0116 18:58:42.380470 12172 processor.cc:81] Processing queue has data, processing started
I0116 18:58:42.408941  6600 processor.cc:158] Processor: start processing batch 0dc09134-4302-4adf-a690-a0e4c158a005 into model nwt
I0116 18:58:42.436905 12172 processor.cc:158] Processor: start processing batch 3ce3cf84-7e82-4f51-b038-34f48fcaac0d into model nwt
I0116 18:58:42.858872  6600 processor.cc:293] Processor: complete processing batch 0dc09134-4302-4adf-a690-a0e4c158a005 into model nwt
I0116 18:58:42.863869  6600 cuckoo_watch.h:45] 486ms in ProcessBatch(batches\aaaaaa.batch) [including 31ms in LoadMessage; 0ms in InitializeTheta; 0ms in CreateRegularizerAgents; 21ms in InitializeSparseNdw; 280ms in InferThetaAndUpdateNwtSparse; 0ms in UpdateCacheEntry; 145ms in CalculateScore(^^^ItemsProcessedScore^^^); ]
I0116 18:58:42.911959  6600 processor.cc:74] No data in processing queue, waiting...
I0116 18:58:43.275919 12172 processor.cc:293] Processor: complete processing batch 3ce3cf84-7e82-4f51-b038-34f48fcaac0d into model nwt
I0116 18:58:43.282896 12172 cuckoo_watch.h:45] 902ms in ProcessBatch(batches\aaaaab.batch) [including 57ms in LoadMessage; 0ms in InitializeTheta; 0ms in CreateRegularizerAgents; 44ms in InitializeSparseNdw; 555ms in InferThetaAndUpdateNwtSparse; 0ms in UpdateCacheEntry; 237ms in CalculateScore(^^^ItemsProcessedScore^^^); ]
I0116 18:58:43.285984  2072 master_component.cc:1458] RegularizeModelArgs: rwt_target_name=rwt, pwt_source_name=pwt, nwt_source_name=nwt
I0116 18:58:43.285984  2072 master_component.cc:981] MasterComponent: start regularizing model pwt
I0116 18:58:43.323892 12172 processor.cc:74] No data in processing queue, waiting...
I0116 18:58:43.362891  2072 master_component.cc:1009] MasterComponent: complete regularizing model pwt
I0116 18:58:43.362891  2072 master_component.cc:1495] DisposeModel pwt
I0116 18:58:43.372864  2072 master_component.cc:1471] NormalizeModelArgs: pwt_target_name=pwt, nwt_source_name=nwt, rwt_source_name=rwt
I0116 18:58:43.372864  2072 master_component.cc:1013] MasterComponent: start normalizing model nwt
I0116 18:58:43.447917  2072 master_component.cc:1043] MasterComponent: complete normalizing model nwt
I0116 18:58:43.590853  2072 master_component.cc:1495] DisposeModel rwt
I0116 18:58:43.601850  2072 master_component.cc:1071] FitOffline: ItemsProcessed, num_items=1728, num_batches=2, token_weight=808522, token_weight_in_effect=808522
I0116 18:58:43.601850  2072 c_interface.cc:389] Pass FitOfflineMasterModelArgs, batch_filename_size=2, batch_weight_size=2, num_collection_passes=1, reset_nwt=yes to void (__cdecl artm::core::MasterComponent::*)(class artm::FitOfflineMasterModelArgs const & __ptr64) __ptr64
I0116 18:58:43.601850  2072 master_component.cc:1420] ProcessBatchesArgs: nwt_target_name=nwt, batch_filename_size=2, batch_size=0, batch_weight_size=2, pwt_source_name=pwt, num_document_passes=10, regularizer=(name:SparsePhi_bcg, tau:100000), reuse_theta=no, opt_for_avx=yes, predict_class_id=, reset_nwt=yes
I0116 18:58:43.619906 10196 processor.cc:81] Processing queue has data, processing started
I0116 18:58:43.619906  6600 processor.cc:81] Processing queue has data, processing started
I0116 18:58:43.648819  6600 processor.cc:158] Processor: start processing batch 0dc09134-4302-4adf-a690-a0e4c158a005 into model nwt
I0116 18:58:43.673805 10196 processor.cc:158] Processor: start processing batch 3ce3cf84-7e82-4f51-b038-34f48fcaac0d into model nwt
I0116 18:58:44.107901  6600 processor.cc:293] Processor: complete processing batch 0dc09134-4302-4adf-a690-a0e4c158a005 into model nwt
I0116 18:58:44.111898  6600 cuckoo_watch.h:45] 492ms in ProcessBatch(batches\aaaaaa.batch) [including 29ms in LoadMessage; 0ms in InitializeTheta; 0ms in CreateRegularizerAgents; 23ms in InitializeSparseNdw; 292ms in InferThetaAndUpdateNwtSparse; 1ms in UpdateCacheEntry; 140ms in CalculateScore(^^^ItemsProcessedScore^^^); ]
I0116 18:58:44.155894  6600 processor.cc:74] No data in processing queue, waiting...
I0116 18:58:44.544917 10196 processor.cc:293] Processor: complete processing batch 3ce3cf84-7e82-4f51-b038-34f48fcaac0d into model nwt
I0116 18:58:44.551931 10196 cuckoo_watch.h:45] 931ms in ProcessBatch(batches\aaaaab.batch) [including 53ms in LoadMessage; 0ms in InitializeTheta; 0ms in CreateRegularizerAgents; 43ms in InitializeSparseNdw; 588ms in InferThetaAndUpdateNwtSparse; 0ms in UpdateCacheEntry; 237ms in CalculateScore(^^^ItemsProcessedScore^^^); ]
I0116 18:58:44.551931  2072 master_component.cc:1458] RegularizeModelArgs: rwt_target_name=rwt, pwt_source_name=pwt, nwt_source_name=nwt
I0116 18:58:44.551931  2072 master_component.cc:981] MasterComponent: start regularizing model pwt
I0116 18:58:44.591912 10196 processor.cc:74] No data in processing queue, waiting...
I0116 18:58:44.626894  2072 master_component.cc:1009] MasterComponent: complete regularizing model pwt
I0116 18:58:44.627892  2072 master_component.cc:1495] DisposeModel pwt
I0116 18:58:44.636884  2072 master_component.cc:1471] NormalizeModelArgs: pwt_target_name=pwt, nwt_source_name=nwt, rwt_source_name=rwt
I0116 18:58:44.636884  2072 master_component.cc:1013] MasterComponent: start normalizing model nwt
I0116 18:58:44.711933  2072 master_component.cc:1043] MasterComponent: complete normalizing model nwt
I0116 18:58:44.849836  2072 master_component.cc:1495] DisposeModel rwt
I0116 18:58:44.860831  2072 master_component.cc:1071] FitOffline: ItemsProcessed, num_items=1728, num_batches=2, token_weight=808522, token_weight_in_effect=808522
I0116 18:58:44.860831  2072 c_interface.cc:389] Pass FitOfflineMasterModelArgs, batch_filename_size=2, batch_weight_size=2, num_collection_passes=1, reset_nwt=yes to void (__cdecl artm::core::MasterComponent::*)(class artm::FitOfflineMasterModelArgs const & __ptr64) __ptr64
I0116 18:58:44.860831  2072 master_component.cc:1420] ProcessBatchesArgs: nwt_target_name=nwt, batch_filename_size=2, batch_size=0, batch_weight_size=2, pwt_source_name=pwt, num_document_passes=10, regularizer=(name:SparsePhi_bcg, tau:100000), reuse_theta=no, opt_for_avx=yes, predict_class_id=, reset_nwt=yes
I0116 18:58:44.876822 12172 processor.cc:81] Processing queue has data, processing started
I0116 18:58:44.878818  6600 processor.cc:81] Processing queue has data, processing started
I0116 18:58:44.912798 12172 processor.cc:158] Processor: start processing batch 0dc09134-4302-4adf-a690-a0e4c158a005 into model nwt
I0116 18:58:44.935786  6600 processor.cc:158] Processor: start processing batch 3ce3cf84-7e82-4f51-b038-34f48fcaac0d into model nwt
I0116 18:58:45.383859 12172 processor.cc:293] Processor: complete processing batch 0dc09134-4302-4adf-a690-a0e4c158a005 into model nwt
I0116 18:58:45.386857 12172 cuckoo_watch.h:45] 510ms in ProcessBatch(batches\aaaaaa.batch) [including 36ms in LoadMessage; 0ms in InitializeTheta; 0ms in CreateRegularizerAgents; 20ms in InitializeSparseNdw; 302ms in InferThetaAndUpdateNwtSparse; 0ms in UpdateCacheEntry; 146ms in CalculateScore(^^^ItemsProcessedScore^^^); ]
I0116 18:58:45.428833 12172 processor.cc:74] No data in processing queue, waiting...
I0116 18:58:45.840003  6600 processor.cc:293] Processor: complete processing batch 3ce3cf84-7e82-4f51-b038-34f48fcaac0d into model nwt
I0116 18:58:45.847997  6600 cuckoo_watch.h:45] 969ms in ProcessBatch(batches\aaaaab.batch) [including 57ms in LoadMessage; 0ms in InitializeTheta; 0ms in CreateRegularizerAgents; 66ms in InitializeSparseNdw; 587ms in InferThetaAndUpdateNwtSparse; 0ms in UpdateCacheEntry; 247ms in CalculateScore(^^^ItemsProcessedScore^^^); ]
I0116 18:58:45.850126  2072 master_component.cc:1458] RegularizeModelArgs: rwt_target_name=rwt, pwt_source_name=pwt, nwt_source_name=nwt
I0116 18:58:45.850126  2072 master_component.cc:981] MasterComponent: start regularizing model pwt
I0116 18:58:45.885108  6600 processor.cc:74] No data in processing queue, waiting...
I0116 18:58:45.922108  2072 master_component.cc:1009] MasterComponent: complete regularizing model pwt
I0116 18:58:45.922108  2072 master_component.cc:1495] DisposeModel pwt
I0116 18:58:45.933084  2072 master_component.cc:1471] NormalizeModelArgs: pwt_target_name=pwt, nwt_source_name=nwt, rwt_source_name=rwt
I0116 18:58:45.933084  2072 master_component.cc:1013] MasterComponent: start normalizing model nwt
I0116 18:58:46.007985  2072 master_component.cc:1043] MasterComponent: complete normalizing model nwt
I0116 18:58:46.143965  2072 master_component.cc:1495] DisposeModel rwt
I0116 18:58:46.152959  2072 master_component.cc:1071] FitOffline: ItemsProcessed, num_items=1728, num_batches=2, token_weight=808522, token_weight_in_effect=808522
I0116 18:58:46.152959  2072 c_interface.cc:389] Pass FitOfflineMasterModelArgs, batch_filename_size=2, batch_weight_size=2, num_collection_passes=1, reset_nwt=yes to void (__cdecl artm::core::MasterComponent::*)(class artm::FitOfflineMasterModelArgs const & __ptr64) __ptr64
I0116 18:58:46.152959  2072 master_component.cc:1420] ProcessBatchesArgs: nwt_target_name=nwt, batch_filename_size=2, batch_size=0, batch_weight_size=2, pwt_source_name=pwt, num_document_passes=10, regularizer=(name:SparsePhi_bcg, tau:100000), reuse_theta=no, opt_for_avx=yes, predict_class_id=, reset_nwt=yes
I0116 18:58:46.169965 12172 processor.cc:81] Processing queue has data, processing started
I0116 18:58:46.169965  9120 processor.cc:81] Processing queue has data, processing started
I0116 18:58:46.193994  9120 processor.cc:158] Processor: start processing batch 0dc09134-4302-4adf-a690-a0e4c158a005 into model nwt
I0116 18:58:46.212985 12172 processor.cc:158] Processor: start processing batch 3ce3cf84-7e82-4f51-b038-34f48fcaac0d into model nwt
I0116 18:58:46.688052  9120 processor.cc:293] Processor: complete processing batch 0dc09134-4302-4adf-a690-a0e4c158a005 into model nwt
I0116 18:58:46.692050  9120 cuckoo_watch.h:45] 522ms in ProcessBatch(batches\aaaaaa.batch) [including 24ms in LoadMessage; 0ms in InitializeTheta; 0ms in CreateRegularizerAgents; 17ms in InitializeSparseNdw; 305ms in InferThetaAndUpdateNwtSparse; 1ms in UpdateCacheEntry; 169ms in CalculateScore(^^^ItemsProcessedScore^^^); ]
I0116 18:58:46.736006  9120 processor.cc:74] No data in processing queue, waiting...
I0116 18:58:47.116134 12172 processor.cc:293] Processor: complete processing batch 3ce3cf84-7e82-4f51-b038-34f48fcaac0d into model nwt
I0116 18:58:47.123152 12172 cuckoo_watch.h:45] 953ms in ProcessBatch(batches\aaaaab.batch) [including 43ms in LoadMessage; 0ms in InitializeTheta; 0ms in CreateRegularizerAgents; 44ms in InitializeSparseNdw; 620ms in InferThetaAndUpdateNwtSparse; 0ms in UpdateCacheEntry; 236ms in CalculateScore(^^^ItemsProcessedScore^^^); ]
I0116 18:58:47.128191  2072 master_component.cc:1458] RegularizeModelArgs: rwt_target_name=rwt, pwt_source_name=pwt, nwt_source_name=nwt
I0116 18:58:47.128191  2072 master_component.cc:981] MasterComponent: start regularizing model pwt
I0116 18:58:47.167192 12172 processor.cc:74] No data in processing queue, waiting...
I0116 18:58:47.201174  2072 master_component.cc:1009] MasterComponent: complete regularizing model pwt
I0116 18:58:47.201174  2072 master_component.cc:1495] DisposeModel pwt
I0116 18:58:47.212149  2072 master_component.cc:1471] NormalizeModelArgs: pwt_target_name=pwt, nwt_source_name=nwt, rwt_source_name=rwt
I0116 18:58:47.212149  2072 master_component.cc:1013] MasterComponent: start normalizing model nwt
I0116 18:58:47.287124  2072 master_component.cc:1043] MasterComponent: complete normalizing model nwt
I0116 18:58:47.425027  2072 master_component.cc:1495] DisposeModel rwt
I0116 18:58:47.435040  2072 master_component.cc:1071] FitOffline: ItemsProcessed, num_items=1728, num_batches=2, token_weight=808522, token_weight_in_effect=808522
I0116 18:58:47.435040  2072 c_interface.cc:389] Pass FitOfflineMasterModelArgs, batch_filename_size=2, batch_weight_size=2, num_collection_passes=1, reset_nwt=yes to void (__cdecl artm::core::MasterComponent::*)(class artm::FitOfflineMasterModelArgs const & __ptr64) __ptr64
I0116 18:58:47.435040  2072 master_component.cc:1420] ProcessBatchesArgs: nwt_target_name=nwt, batch_filename_size=2, batch_size=0, batch_weight_size=2, pwt_source_name=pwt, num_document_passes=10, regularizer=(name:SparsePhi_bcg, tau:100000), reuse_theta=no, opt_for_avx=yes, predict_class_id=, reset_nwt=yes
I0116 18:58:47.452080  6600 processor.cc:81] Processing queue has data, processing started
I0116 18:58:47.452080 12172 processor.cc:81] Processing queue has data, processing started
I0116 18:58:47.474997  6600 processor.cc:158] Processor: start processing batch 0dc09134-4302-4adf-a690-a0e4c158a005 into model nwt
I0116 18:58:47.494984 12172 processor.cc:158] Processor: start processing batch 3ce3cf84-7e82-4f51-b038-34f48fcaac0d into model nwt
I0116 18:58:47.911747  6600 processor.cc:293] Processor: complete processing batch 0dc09134-4302-4adf-a690-a0e4c158a005 into model nwt
I0116 18:58:47.914746  6600 cuckoo_watch.h:45] 463ms in ProcessBatch(batches\aaaaaa.batch) [including 22ms in LoadMessage; 0ms in InitializeTheta; 0ms in CreateRegularizerAgents; 18ms in InitializeSparseNdw; 281ms in InferThetaAndUpdateNwtSparse; 0ms in UpdateCacheEntry; 136ms in CalculateScore(^^^ItemsProcessedScore^^^); ]
I0116 18:58:47.958741  6600 processor.cc:74] No data in processing queue, waiting...
I0116 18:58:48.357494 12172 processor.cc:293] Processor: complete processing batch 3ce3cf84-7e82-4f51-b038-34f48fcaac0d into model nwt
I0116 18:58:48.365489 12172 cuckoo_watch.h:45] 913ms in ProcessBatch(batches\aaaaab.batch) [including 43ms in LoadMessage; 0ms in InitializeTheta; 0ms in CreateRegularizerAgents; 46ms in InitializeSparseNdw; 572ms in InferThetaAndUpdateNwtSparse; 0ms in UpdateCacheEntry; 242ms in CalculateScore(^^^ItemsProcessedScore^^^); ]
I0116 18:58:48.368571  2072 master_component.cc:1458] RegularizeModelArgs: rwt_target_name=rwt, pwt_source_name=pwt, nwt_source_name=nwt
I0116 18:58:48.368571  2072 master_component.cc:981] MasterComponent: start regularizing model pwt
I0116 18:58:48.405555 12172 processor.cc:74] No data in processing queue, waiting...
I0116 18:58:48.442533  2072 master_component.cc:1009] MasterComponent: complete regularizing model pwt
I0116 18:58:48.442533  2072 master_component.cc:1495] DisposeModel pwt
I0116 18:58:48.450527  2072 master_component.cc:1471] NormalizeModelArgs: pwt_target_name=pwt, nwt_source_name=nwt, rwt_source_name=rwt
I0116 18:58:48.451527  2072 master_component.cc:1013] MasterComponent: start normalizing model nwt
I0116 18:58:48.528486  2072 master_component.cc:1043] MasterComponent: complete normalizing model nwt
I0116 18:58:48.667405  2072 master_component.cc:1495] DisposeModel rwt
I0116 18:58:48.676399  2072 master_component.cc:1071] FitOffline: ItemsProcessed, num_items=1728, num_batches=2, token_weight=808522, token_weight_in_effect=808522
I0116 18:58:48.676399  2072 c_interface.cc:389] Pass FitOfflineMasterModelArgs, batch_filename_size=2, batch_weight_size=2, num_collection_passes=1, reset_nwt=yes to void (__cdecl artm::core::MasterComponent::*)(class artm::FitOfflineMasterModelArgs const & __ptr64) __ptr64
I0116 18:58:48.677399  2072 master_component.cc:1420] ProcessBatchesArgs: nwt_target_name=nwt, batch_filename_size=2, batch_size=0, batch_weight_size=2, pwt_source_name=pwt, num_document_passes=10, regularizer=(name:SparsePhi_bcg, tau:100000), reuse_theta=no, opt_for_avx=yes, predict_class_id=, reset_nwt=yes
I0116 18:58:48.693421 10196 processor.cc:81] Processing queue has data, processing started
I0116 18:58:48.693421  6600 processor.cc:81] Processing queue has data, processing started
I0116 18:58:48.716377 10196 processor.cc:158] Processor: start processing batch 0dc09134-4302-4adf-a690-a0e4c158a005 into model nwt
I0116 18:58:48.737367  6600 processor.cc:158] Processor: start processing batch 3ce3cf84-7e82-4f51-b038-34f48fcaac0d into model nwt
I0116 18:58:49.216100 10196 processor.cc:293] Processor: complete processing batch 0dc09134-4302-4adf-a690-a0e4c158a005 into model nwt
I0116 18:58:49.220095 10196 cuckoo_watch.h:45] 527ms in ProcessBatch(batches\aaaaaa.batch) [including 23ms in LoadMessage; 0ms in InitializeTheta; 0ms in CreateRegularizerAgents; 18ms in InitializeSparseNdw; 312ms in InferThetaAndUpdateNwtSparse; 0ms in UpdateCacheEntry; 167ms in CalculateScore(^^^ItemsProcessedScore^^^); ]
I0116 18:58:49.256085 10196 processor.cc:74] No data in processing queue, waiting...
I0116 18:58:49.639165  6600 processor.cc:293] Processor: complete processing batch 3ce3cf84-7e82-4f51-b038-34f48fcaac0d into model nwt
I0116 18:58:49.646162  6600 cuckoo_watch.h:45] 953ms in ProcessBatch(batches\aaaaab.batch) [including 43ms in LoadMessage; 0ms in InitializeTheta; 0ms in CreateRegularizerAgents; 55ms in InitializeSparseNdw; 610ms in InferThetaAndUpdateNwtSparse; 0ms in UpdateCacheEntry; 235ms in CalculateScore(^^^ItemsProcessedScore^^^); ]
I0116 18:58:49.647176  2072 master_component.cc:1458] RegularizeModelArgs: rwt_target_name=rwt, pwt_source_name=pwt, nwt_source_name=nwt
I0116 18:58:49.647176  2072 master_component.cc:981] MasterComponent: start regularizing model pwt
I0116 18:58:49.686137  6600 processor.cc:74] No data in processing queue, waiting...
I0116 18:58:49.719120  2072 master_component.cc:1009] MasterComponent: complete regularizing model pwt
I0116 18:58:49.719120  2072 master_component.cc:1495] DisposeModel pwt
I0116 18:58:49.729111  2072 master_component.cc:1471] NormalizeModelArgs: pwt_target_name=pwt, nwt_source_name=nwt, rwt_source_name=rwt
I0116 18:58:49.729111  2072 master_component.cc:1013] MasterComponent: start normalizing model nwt
I0116 18:58:49.805271  2072 master_component.cc:1043] MasterComponent: complete normalizing model nwt
I0116 18:58:49.943195  2072 master_component.cc:1495] DisposeModel rwt
I0116 18:58:49.952189  2072 master_component.cc:1071] FitOffline: ItemsProcessed, num_items=1728, num_batches=2, token_weight=808522, token_weight_in_effect=808522
I0116 18:58:49.952189  2072 c_interface.cc:389] Pass FitOfflineMasterModelArgs, batch_filename_size=2, batch_weight_size=2, num_collection_passes=1, reset_nwt=yes to void (__cdecl artm::core::MasterComponent::*)(class artm::FitOfflineMasterModelArgs const & __ptr64) __ptr64
I0116 18:58:49.952189  2072 master_component.cc:1420] ProcessBatchesArgs: nwt_target_name=nwt, batch_filename_size=2, batch_size=0, batch_weight_size=2, pwt_source_name=pwt, num_document_passes=10, regularizer=(name:SparsePhi_bcg, tau:100000), reuse_theta=no, opt_for_avx=yes, predict_class_id=, reset_nwt=yes
I0116 18:58:49.970192 10196 processor.cc:81] Processing queue has data, processing started
I0116 18:58:49.970192  6600 processor.cc:81] Processing queue has data, processing started
I0116 18:58:49.994165 10196 processor.cc:158] Processor: start processing batch 0dc09134-4302-4adf-a690-a0e4c158a005 into model nwt
I0116 18:58:50.014154  6600 processor.cc:158] Processor: start processing batch 3ce3cf84-7e82-4f51-b038-34f48fcaac0d into model nwt
I0116 18:58:50.493046 10196 processor.cc:293] Processor: complete processing batch 0dc09134-4302-4adf-a690-a0e4c158a005 into model nwt
I0116 18:58:50.497042 10196 cuckoo_watch.h:45] 527ms in ProcessBatch(batches\aaaaaa.batch) [including 24ms in LoadMessage; 0ms in InitializeTheta; 0ms in CreateRegularizerAgents; 17ms in InitializeSparseNdw; 296ms in InferThetaAndUpdateNwtSparse; 0ms in UpdateCacheEntry; 182ms in CalculateScore(^^^ItemsProcessedScore^^^); ]
I0116 18:58:50.543025 10196 processor.cc:74] No data in processing queue, waiting...
I0116 18:58:50.914723  6600 processor.cc:293] Processor: complete processing batch 3ce3cf84-7e82-4f51-b038-34f48fcaac0d into model nwt
I0116 18:58:50.921718  6600 cuckoo_watch.h:45] 952ms in ProcessBatch(batches\aaaaab.batch) [including 44ms in LoadMessage; 0ms in InitializeTheta; 0ms in CreateRegularizerAgents; 51ms in InitializeSparseNdw; 613ms in InferThetaAndUpdateNwtSparse; 0ms in UpdateCacheEntry; 234ms in CalculateScore(^^^ItemsProcessedScore^^^); ]
I0116 18:58:50.923745  2072 master_component.cc:1458] RegularizeModelArgs: rwt_target_name=rwt, pwt_source_name=pwt, nwt_source_name=nwt
I0116 18:58:50.923745  2072 master_component.cc:981] MasterComponent: start regularizing model pwt
I0116 18:58:50.958729  6600 processor.cc:74] No data in processing queue, waiting...
I0116 18:58:50.998706  2072 master_component.cc:1009] MasterComponent: complete regularizing model pwt
I0116 18:58:50.998706  2072 master_component.cc:1495] DisposeModel pwt
I0116 18:58:51.006703  2072 master_component.cc:1471] NormalizeModelArgs: pwt_target_name=pwt, nwt_source_name=nwt, rwt_source_name=rwt
I0116 18:58:51.006703  2072 master_component.cc:1013] MasterComponent: start normalizing model nwt
I0116 18:58:51.086663  2072 master_component.cc:1043] MasterComponent: complete normalizing model nwt
I0116 18:58:51.223596  2072 master_component.cc:1495] DisposeModel rwt
I0116 18:58:51.232591  2072 master_component.cc:1071] FitOffline: ItemsProcessed, num_items=1728, num_batches=2, token_weight=808522, token_weight_in_effect=808522
I0116 18:58:51.232591  2072 c_interface.cc:389] Pass FitOfflineMasterModelArgs, batch_filename_size=2, batch_weight_size=2, num_collection_passes=1, reset_nwt=yes to void (__cdecl artm::core::MasterComponent::*)(class artm::FitOfflineMasterModelArgs const & __ptr64) __ptr64
I0116 18:58:51.232591  2072 master_component.cc:1420] ProcessBatchesArgs: nwt_target_name=nwt, batch_filename_size=2, batch_size=0, batch_weight_size=2, pwt_source_name=pwt, num_document_passes=10, regularizer=(name:SparsePhi_bcg, tau:100000), reuse_theta=no, opt_for_avx=yes, predict_class_id=, reset_nwt=yes
I0116 18:58:51.250607  9120 processor.cc:81] Processing queue has data, processing started
I0116 18:58:51.250607  6600 processor.cc:81] Processing queue has data, processing started
I0116 18:58:51.273598  9120 processor.cc:158] Processor: start processing batch 0dc09134-4302-4adf-a690-a0e4c158a005 into model nwt
I0116 18:58:51.296588  6600 processor.cc:158] Processor: start processing batch 3ce3cf84-7e82-4f51-b038-34f48fcaac0d into model nwt
I0116 18:58:51.765833  9120 processor.cc:293] Processor: complete processing batch 0dc09134-4302-4adf-a690-a0e4c158a005 into model nwt
I0116 18:58:51.770830  9120 cuckoo_watch.h:45] 520ms in ProcessBatch(batches\aaaaaa.batch) [including 23ms in LoadMessage; 0ms in InitializeTheta; 0ms in CreateRegularizerAgents; 20ms in InitializeSparseNdw; 294ms in InferThetaAndUpdateNwtSparse; 1ms in UpdateCacheEntry; 175ms in CalculateScore(^^^ItemsProcessedScore^^^); ]
I0116 18:58:51.811270  9120 processor.cc:74] No data in processing queue, waiting...
I0116 18:58:52.200050  6600 processor.cc:293] Processor: complete processing batch 3ce3cf84-7e82-4f51-b038-34f48fcaac0d into model nwt
I0116 18:58:52.207078  6600 cuckoo_watch.h:45] 957ms in ProcessBatch(batches\aaaaab.batch) [including 46ms in LoadMessage; 0ms in InitializeTheta; 0ms in CreateRegularizerAgents; 50ms in InitializeSparseNdw; 617ms in InferThetaAndUpdateNwtSparse; 0ms in UpdateCacheEntry; 233ms in CalculateScore(^^^ItemsProcessedScore^^^); ]
I0116 18:58:52.209067  2072 master_component.cc:1458] RegularizeModelArgs: rwt_target_name=rwt, pwt_source_name=pwt, nwt_source_name=nwt
I0116 18:58:52.209067  2072 master_component.cc:981] MasterComponent: start regularizing model pwt
I0116 18:58:52.251046  6600 processor.cc:74] No data in processing queue, waiting...
I0116 18:58:52.283282  2072 master_component.cc:1009] MasterComponent: complete regularizing model pwt
I0116 18:58:52.283282  2072 master_component.cc:1495] DisposeModel pwt
I0116 18:58:52.291277  2072 master_component.cc:1471] NormalizeModelArgs: pwt_target_name=pwt, nwt_source_name=nwt, rwt_source_name=rwt
I0116 18:58:52.291277  2072 master_component.cc:1013] MasterComponent: start normalizing model nwt
I0116 18:58:52.376230  2072 master_component.cc:1043] MasterComponent: complete normalizing model nwt
I0116 18:58:52.511152  2072 master_component.cc:1495] DisposeModel rwt
I0116 18:58:52.521149  2072 master_component.cc:1071] FitOffline: ItemsProcessed, num_items=1728, num_batches=2, token_weight=808522, token_weight_in_effect=808522
I0116 18:58:52.521149  2072 c_interface.cc:389] Pass FitOfflineMasterModelArgs, batch_filename_size=2, batch_weight_size=2, num_collection_passes=1, reset_nwt=yes to void (__cdecl artm::core::MasterComponent::*)(class artm::FitOfflineMasterModelArgs const & __ptr64) __ptr64
I0116 18:58:52.521149  2072 master_component.cc:1420] ProcessBatchesArgs: nwt_target_name=nwt, batch_filename_size=2, batch_size=0, batch_weight_size=2, pwt_source_name=pwt, num_document_passes=10, regularizer=(name:SparsePhi_bcg, tau:100000), reuse_theta=no, opt_for_avx=yes, predict_class_id=, reset_nwt=yes
I0116 18:58:52.539152  9120 processor.cc:81] Processing queue has data, processing started
I0116 18:58:52.539152 12172 processor.cc:81] Processing queue has data, processing started
I0116 18:58:52.565119 12172 processor.cc:158] Processor: start processing batch 0dc09134-4302-4adf-a690-a0e4c158a005 into model nwt
I0116 18:58:52.590093  9120 processor.cc:158] Processor: start processing batch 3ce3cf84-7e82-4f51-b038-34f48fcaac0d into model nwt
I0116 18:58:53.065064 12172 processor.cc:293] Processor: complete processing batch 0dc09134-4302-4adf-a690-a0e4c158a005 into model nwt
I0116 18:58:53.070060 12172 cuckoo_watch.h:45] 530ms in ProcessBatch(batches\aaaaaa.batch) [including 26ms in LoadMessage; 0ms in InitializeTheta; 0ms in CreateRegularizerAgents; 21ms in InitializeSparseNdw; 324ms in InferThetaAndUpdateNwtSparse; 0ms in UpdateCacheEntry; 151ms in CalculateScore(^^^ItemsProcessedScore^^^); ]
I0116 18:58:53.105264 12172 processor.cc:74] No data in processing queue, waiting...
I0116 18:58:53.499212  9120 processor.cc:293] Processor: complete processing batch 3ce3cf84-7e82-4f51-b038-34f48fcaac0d into model nwt
I0116 18:58:53.505208  9120 cuckoo_watch.h:45] 966ms in ProcessBatch(batches\aaaaab.batch) [including 50ms in LoadMessage; 0ms in InitializeTheta; 0ms in CreateRegularizerAgents; 50ms in InitializeSparseNdw; 620ms in InferThetaAndUpdateNwtSparse; 0ms in UpdateCacheEntry; 237ms in CalculateScore(^^^ItemsProcessedScore^^^); ]
I0116 18:58:53.507243  2072 master_component.cc:1458] RegularizeModelArgs: rwt_target_name=rwt, pwt_source_name=pwt, nwt_source_name=nwt
I0116 18:58:53.507243  2072 master_component.cc:981] MasterComponent: start regularizing model pwt
I0116 18:58:53.552181  9120 processor.cc:74] No data in processing queue, waiting...
I0116 18:58:53.582165  2072 master_component.cc:1009] MasterComponent: complete regularizing model pwt
I0116 18:58:53.582165  2072 master_component.cc:1495] DisposeModel pwt
I0116 18:58:53.593159  2072 master_component.cc:1471] NormalizeModelArgs: pwt_target_name=pwt, nwt_source_name=nwt, rwt_source_name=rwt
I0116 18:58:53.593159  2072 master_component.cc:1013] MasterComponent: start normalizing model nwt
I0116 18:58:53.688104  2072 master_component.cc:1043] MasterComponent: complete normalizing model nwt
I0116 18:58:53.820030  2072 master_component.cc:1495] DisposeModel rwt
I0116 18:58:53.828044  2072 master_component.cc:1071] FitOffline: ItemsProcessed, num_items=1728, num_batches=2, token_weight=808522, token_weight_in_effect=808522
I0116 18:58:53.829026  2072 c_interface.cc:389] Pass FitOfflineMasterModelArgs, batch_filename_size=2, batch_weight_size=2, num_collection_passes=1, reset_nwt=yes to void (__cdecl artm::core::MasterComponent::*)(class artm::FitOfflineMasterModelArgs const & __ptr64) __ptr64
I0116 18:58:53.829026  2072 master_component.cc:1420] ProcessBatchesArgs: nwt_target_name=nwt, batch_filename_size=2, batch_size=0, batch_weight_size=2, pwt_source_name=pwt, num_document_passes=10, regularizer=(name:SparsePhi_bcg, tau:100000), reuse_theta=no, opt_for_avx=yes, predict_class_id=, reset_nwt=yes
I0116 18:58:53.849059 12172 processor.cc:81] Processing queue has data, processing started
I0116 18:58:53.849059  6600 processor.cc:81] Processing queue has data, processing started
I0116 18:58:53.875051 12172 processor.cc:158] Processor: start processing batch 0dc09134-4302-4adf-a690-a0e4c158a005 into model nwt
I0116 18:58:53.894042  6600 processor.cc:158] Processor: start processing batch 3ce3cf84-7e82-4f51-b038-34f48fcaac0d into model nwt
I0116 18:58:54.348145 12172 processor.cc:293] Processor: complete processing batch 0dc09134-4302-4adf-a690-a0e4c158a005 into model nwt
I0116 18:58:54.352141 12172 cuckoo_watch.h:45] 503ms in ProcessBatch(batches\aaaaaa.batch) [including 25ms in LoadMessage; 0ms in InitializeTheta; 0ms in CreateRegularizerAgents; 17ms in InitializeSparseNdw; 297ms in InferThetaAndUpdateNwtSparse; 1ms in UpdateCacheEntry; 156ms in CalculateScore(^^^ItemsProcessedScore^^^); ]
I0116 18:58:54.389251 12172 processor.cc:74] No data in processing queue, waiting...
I0116 18:58:54.764042  6600 processor.cc:293] Processor: complete processing batch 3ce3cf84-7e82-4f51-b038-34f48fcaac0d into model nwt
I0116 18:58:54.771924  6600 cuckoo_watch.h:45] 922ms in ProcessBatch(batches\aaaaab.batch) [including 45ms in LoadMessage; 0ms in InitializeTheta; 0ms in CreateRegularizerAgents; 46ms in InitializeSparseNdw; 588ms in InferThetaAndUpdateNwtSparse; 0ms in UpdateCacheEntry; 233ms in CalculateScore(^^^ItemsProcessedScore^^^); ]
I0116 18:58:54.773923  2072 master_component.cc:1458] RegularizeModelArgs: rwt_target_name=rwt, pwt_source_name=pwt, nwt_source_name=nwt
I0116 18:58:54.773923  2072 master_component.cc:981] MasterComponent: start regularizing model pwt
I0116 18:58:54.816901  6600 processor.cc:74] No data in processing queue, waiting...
I0116 18:58:54.848882  2072 master_component.cc:1009] MasterComponent: complete regularizing model pwt
I0116 18:58:54.848882  2072 master_component.cc:1495] DisposeModel pwt
I0116 18:58:54.859877  2072 master_component.cc:1471] NormalizeModelArgs: pwt_target_name=pwt, nwt_source_name=nwt, rwt_source_name=rwt
I0116 18:58:54.859877  2072 master_component.cc:1013] MasterComponent: start normalizing model nwt
I0116 18:58:54.952880  2072 master_component.cc:1043] MasterComponent: complete normalizing model nwt
I0116 18:58:55.079826  2072 master_component.cc:1495] DisposeModel rwt
I0116 18:58:55.088819  2072 master_component.cc:1071] FitOffline: ItemsProcessed, num_items=1728, num_batches=2, token_weight=808522, token_weight_in_effect=808522
I0116 18:58:55.089818  2072 c_interface.cc:389] Pass FitOfflineMasterModelArgs, batch_filename_size=2, batch_weight_size=2, num_collection_passes=1, reset_nwt=yes to void (__cdecl artm::core::MasterComponent::*)(class artm::FitOfflineMasterModelArgs const & __ptr64) __ptr64
I0116 18:58:55.089818  2072 master_component.cc:1420] ProcessBatchesArgs: nwt_target_name=nwt, batch_filename_size=2, batch_size=0, batch_weight_size=2, pwt_source_name=pwt, num_document_passes=10, regularizer=(name:SparsePhi_bcg, tau:100000), reuse_theta=no, opt_for_avx=yes, predict_class_id=, reset_nwt=yes
I0116 18:58:55.109824  6600 processor.cc:81] Processing queue has data, processing started
I0116 18:58:55.109824 10196 processor.cc:81] Processing queue has data, processing started
I0116 18:58:55.138794  6600 processor.cc:158] Processor: start processing batch 0dc09134-4302-4adf-a690-a0e4c158a005 into model nwt
I0116 18:58:55.156782 10196 processor.cc:158] Processor: start processing batch 3ce3cf84-7e82-4f51-b038-34f48fcaac0d into model nwt
I0116 18:58:55.599906  6600 processor.cc:293] Processor: complete processing batch 0dc09134-4302-4adf-a690-a0e4c158a005 into model nwt
I0116 18:58:55.602906  6600 cuckoo_watch.h:45] 493ms in ProcessBatch(batches\aaaaaa.batch) [including 29ms in LoadMessage; 0ms in InitializeTheta; 0ms in CreateRegularizerAgents; 17ms in InitializeSparseNdw; 286ms in InferThetaAndUpdateNwtSparse; 1ms in UpdateCacheEntry; 155ms in CalculateScore(^^^ItemsProcessedScore^^^); ]
I0116 18:58:55.646881  6600 processor.cc:74] No data in processing queue, waiting...
I0116 18:58:56.027694 10196 processor.cc:293] Processor: complete processing batch 3ce3cf84-7e82-4f51-b038-34f48fcaac0d into model nwt
I0116 18:58:56.033674 10196 cuckoo_watch.h:45] 924ms in ProcessBatch(batches\aaaaab.batch) [including 47ms in LoadMessage; 0ms in InitializeTheta; 0ms in CreateRegularizerAgents; 42ms in InitializeSparseNdw; 589ms in InferThetaAndUpdateNwtSparse; 0ms in UpdateCacheEntry; 238ms in CalculateScore(^^^ItemsProcessedScore^^^); ]
I0116 18:58:56.034744  2072 master_component.cc:1458] RegularizeModelArgs: rwt_target_name=rwt, pwt_source_name=pwt, nwt_source_name=nwt
I0116 18:58:56.034744  2072 master_component.cc:981] MasterComponent: start regularizing model pwt
I0116 18:58:56.081645 10196 processor.cc:74] No data in processing queue, waiting...
I0116 18:58:56.110630  2072 master_component.cc:1009] MasterComponent: complete regularizing model pwt
I0116 18:58:56.110630  2072 master_component.cc:1495] DisposeModel pwt
I0116 18:58:56.122623  2072 master_component.cc:1471] NormalizeModelArgs: pwt_target_name=pwt, nwt_source_name=nwt, rwt_source_name=rwt
I0116 18:58:56.122623  2072 master_component.cc:1013] MasterComponent: start normalizing model nwt
I0116 18:58:56.217566  2072 master_component.cc:1043] MasterComponent: complete normalizing model nwt
I0116 18:58:56.340919  2072 master_component.cc:1495] DisposeModel rwt
I0116 18:58:56.349911  2072 master_component.cc:1071] FitOffline: ItemsProcessed, num_items=1728, num_batches=2, token_weight=808522, token_weight_in_effect=808522
I0116 18:58:56.349911  2072 c_interface.cc:389] Pass FitOfflineMasterModelArgs, batch_filename_size=2, batch_weight_size=2, num_collection_passes=1, reset_nwt=yes to void (__cdecl artm::core::MasterComponent::*)(class artm::FitOfflineMasterModelArgs const & __ptr64) __ptr64
I0116 18:58:56.350911  2072 master_component.cc:1420] ProcessBatchesArgs: nwt_target_name=nwt, batch_filename_size=2, batch_size=0, batch_weight_size=2, pwt_source_name=pwt, num_document_passes=10, regularizer=(name:SparsePhi_bcg, tau:100000), reuse_theta=no, opt_for_avx=yes, predict_class_id=, reset_nwt=yes
I0116 18:58:56.370951 12172 processor.cc:81] Processing queue has data, processing started
I0116 18:58:56.370951  6600 processor.cc:81] Processing queue has data, processing started
I0116 18:58:56.393887 12172 processor.cc:158] Processor: start processing batch 0dc09134-4302-4adf-a690-a0e4c158a005 into model nwt
I0116 18:58:56.419872  6600 processor.cc:158] Processor: start processing batch 3ce3cf84-7e82-4f51-b038-34f48fcaac0d into model nwt
I0116 18:58:56.882001 12172 processor.cc:293] Processor: complete processing batch 0dc09134-4302-4adf-a690-a0e4c158a005 into model nwt
I0116 18:58:56.885998 12172 cuckoo_watch.h:45] 515ms in ProcessBatch(batches\aaaaaa.batch) [including 23ms in LoadMessage; 0ms in InitializeTheta; 0ms in CreateRegularizerAgents; 22ms in InitializeSparseNdw; 306ms in InferThetaAndUpdateNwtSparse; 1ms in UpdateCacheEntry; 156ms in CalculateScore(^^^ItemsProcessedScore^^^); ]
I0116 18:58:56.919421 12172 processor.cc:74] No data in processing queue, waiting...
I0116 18:58:57.301203  6600 processor.cc:293] Processor: complete processing batch 3ce3cf84-7e82-4f51-b038-34f48fcaac0d into model nwt
I0116 18:58:57.307199  6600 cuckoo_watch.h:45] 936ms in ProcessBatch(batches\aaaaab.batch) [including 49ms in LoadMessage; 0ms in InitializeTheta; 0ms in CreateRegularizerAgents; 45ms in InitializeSparseNdw; 601ms in InferThetaAndUpdateNwtSparse; 0ms in UpdateCacheEntry; 233ms in CalculateScore(^^^ItemsProcessedScore^^^); ]
I0116 18:58:57.308230  2072 master_component.cc:1458] RegularizeModelArgs: rwt_target_name=rwt, pwt_source_name=pwt, nwt_source_name=nwt
I0116 18:58:57.308230  2072 master_component.cc:981] MasterComponent: start regularizing model pwt
I0116 18:58:57.346179  6600 processor.cc:74] No data in processing queue, waiting...
I0116 18:58:57.385152  2072 master_component.cc:1009] MasterComponent: complete regularizing model pwt
I0116 18:58:57.385152  2072 master_component.cc:1495] DisposeModel pwt
I0116 18:58:57.396150  2072 master_component.cc:1471] NormalizeModelArgs: pwt_target_name=pwt, nwt_source_name=nwt, rwt_source_name=rwt
I0116 18:58:57.396150  2072 master_component.cc:1013] MasterComponent: start normalizing model nwt
I0116 18:58:57.493093  2072 master_component.cc:1043] MasterComponent: complete normalizing model nwt
I0116 18:58:57.614022  2072 master_component.cc:1495] DisposeModel rwt
I0116 18:58:57.623046  2072 master_component.cc:1071] FitOffline: ItemsProcessed, num_items=1728, num_batches=2, token_weight=808522, token_weight_in_effect=808522
I0116 18:58:57.623046  2072 c_interface.cc:389] Pass FitOfflineMasterModelArgs, batch_filename_size=2, batch_weight_size=2, num_collection_passes=1, reset_nwt=yes to void (__cdecl artm::core::MasterComponent::*)(class artm::FitOfflineMasterModelArgs const & __ptr64) __ptr64
I0116 18:58:57.624044  2072 master_component.cc:1420] ProcessBatchesArgs: nwt_target_name=nwt, batch_filename_size=2, batch_size=0, batch_weight_size=2, pwt_source_name=pwt, num_document_passes=10, regularizer=(name:SparsePhi_bcg, tau:100000), reuse_theta=no, opt_for_avx=yes, predict_class_id=, reset_nwt=yes
I0116 18:58:57.645082 12172 processor.cc:81] Processing queue has data, processing started
I0116 18:58:57.645082  9120 processor.cc:81] Processing queue has data, processing started
I0116 18:58:57.668002 12172 processor.cc:158] Processor: start processing batch 0dc09134-4302-4adf-a690-a0e4c158a005 into model nwt
I0116 18:58:57.687988  9120 processor.cc:158] Processor: start processing batch 3ce3cf84-7e82-4f51-b038-34f48fcaac0d into model nwt
I0116 18:58:58.133739 12172 processor.cc:293] Processor: complete processing batch 0dc09134-4302-4adf-a690-a0e4c158a005 into model nwt
I0116 18:58:58.137738 12172 cuckoo_watch.h:45] 493ms in ProcessBatch(batches\aaaaaa.batch) [including 23ms in LoadMessage; 0ms in InitializeTheta; 0ms in CreateRegularizerAgents; 17ms in InitializeSparseNdw; 280ms in InferThetaAndUpdateNwtSparse; 1ms in UpdateCacheEntry; 166ms in CalculateScore(^^^ItemsProcessedScore^^^); ]
I0116 18:58:58.181711 12172 processor.cc:74] No data in processing queue, waiting...
I0116 18:58:58.557762  9120 processor.cc:293] Processor: complete processing batch 3ce3cf84-7e82-4f51-b038-34f48fcaac0d into model nwt
I0116 18:58:58.563756  9120 cuckoo_watch.h:45] 918ms in ProcessBatch(batches\aaaaab.batch) [including 43ms in LoadMessage; 0ms in InitializeTheta; 0ms in CreateRegularizerAgents; 58ms in InitializeSparseNdw; 569ms in InferThetaAndUpdateNwtSparse; 0ms in UpdateCacheEntry; 239ms in CalculateScore(^^^ItemsProcessedScore^^^); ]
I0116 18:58:58.566452  2072 master_component.cc:1458] RegularizeModelArgs: rwt_target_name=rwt, pwt_source_name=pwt, nwt_source_name=nwt
I0116 18:58:58.566452  2072 master_component.cc:981] MasterComponent: start regularizing model pwt
I0116 18:58:58.610431  9120 processor.cc:74] No data in processing queue, waiting...
I0116 18:58:58.644917  2072 master_component.cc:1009] MasterComponent: complete regularizing model pwt
I0116 18:58:58.644917  2072 master_component.cc:1495] DisposeModel pwt
I0116 18:58:58.655911  2072 master_component.cc:1471] NormalizeModelArgs: pwt_target_name=pwt, nwt_source_name=nwt, rwt_source_name=rwt
I0116 18:58:58.655911  2072 master_component.cc:1013] MasterComponent: start normalizing model nwt
I0116 18:58:58.754875  2072 master_component.cc:1043] MasterComponent: complete normalizing model nwt
I0116 18:58:58.876785  2072 master_component.cc:1495] DisposeModel rwt
I0116 18:58:58.884780  2072 master_component.cc:1071] FitOffline: ItemsProcessed, num_items=1728, num_batches=2, token_weight=808522, token_weight_in_effect=808522
I0116 18:58:58.885782  2072 c_interface.cc:389] Pass FitOfflineMasterModelArgs, batch_filename_size=2, batch_weight_size=2, num_collection_passes=1, reset_nwt=yes to void (__cdecl artm::core::MasterComponent::*)(class artm::FitOfflineMasterModelArgs const & __ptr64) __ptr64
I0116 18:58:58.885782  2072 master_component.cc:1420] ProcessBatchesArgs: nwt_target_name=nwt, batch_filename_size=2, batch_size=0, batch_weight_size=2, pwt_source_name=pwt, num_document_passes=10, regularizer=(name:SparsePhi_bcg, tau:100000), reuse_theta=no, opt_for_avx=yes, predict_class_id=, reset_nwt=yes
I0116 18:58:58.906801  9120 processor.cc:81] Processing queue has data, processing started
I0116 18:58:58.906801 10196 processor.cc:81] Processing queue has data, processing started
I0116 18:58:58.931754 10196 processor.cc:158] Processor: start processing batch 0dc09134-4302-4adf-a690-a0e4c158a005 into model nwt
I0116 18:58:58.953740  9120 processor.cc:158] Processor: start processing batch 3ce3cf84-7e82-4f51-b038-34f48fcaac0d into model nwt
I0116 18:58:59.383421 10196 processor.cc:293] Processor: complete processing batch 0dc09134-4302-4adf-a690-a0e4c158a005 into model nwt
I0116 18:58:59.388417 10196 cuckoo_watch.h:45] 481ms in ProcessBatch(batches\aaaaaa.batch) [including 25ms in LoadMessage; 0ms in InitializeTheta; 0ms in CreateRegularizerAgents; 19ms in InitializeSparseNdw; 283ms in InferThetaAndUpdateNwtSparse; 0ms in UpdateCacheEntry; 147ms in CalculateScore(^^^ItemsProcessedScore^^^); ]
I0116 18:58:59.431545 10196 processor.cc:74] No data in processing queue, waiting...
I0116 18:58:59.821722  9120 processor.cc:293] Processor: complete processing batch 3ce3cf84-7e82-4f51-b038-34f48fcaac0d into model nwt
I0116 18:58:59.827739  9120 cuckoo_watch.h:45] 921ms in ProcessBatch(batches\aaaaab.batch) [including 47ms in LoadMessage; 0ms in InitializeTheta; 0ms in CreateRegularizerAgents; 42ms in InitializeSparseNdw; 585ms in InferThetaAndUpdateNwtSparse; 0ms in UpdateCacheEntry; 238ms in CalculateScore(^^^ItemsProcessedScore^^^); ]
I0116 18:58:59.828752  2072 master_component.cc:1458] RegularizeModelArgs: rwt_target_name=rwt, pwt_source_name=pwt, nwt_source_name=nwt
I0116 18:58:59.828752  2072 master_component.cc:981] MasterComponent: start regularizing model pwt
I0116 18:58:59.877689  9120 processor.cc:74] No data in processing queue, waiting...
I0116 18:58:59.907692  2072 master_component.cc:1009] MasterComponent: complete regularizing model pwt
I0116 18:58:59.907692  2072 master_component.cc:1495] DisposeModel pwt
