I0114 03:16:35.041987  9436 cuckoo_watch.h:45] 1101ms in ProcessBatch(batches\aaaaab.batch) [including 54ms in LoadMessage; 0ms in InitializeTheta; 0ms in CreateRegularizerAgents; 91ms in InitializeSparseNdw; 664ms in InferThetaAndUpdateNwtSparse; 0ms in UpdateCacheEntry; 285ms in CalculateScore(^^^ItemsProcessedScore^^^); ]
I0114 03:16:35.042991 13780 master_component.cc:1458] RegularizeModelArgs: rwt_target_name=rwt, pwt_source_name=pwt, nwt_source_name=nwt
I0114 03:16:35.042991 13780 master_component.cc:981] MasterComponent: start regularizing model pwt
I0114 03:16:35.093956  9436 processor.cc:74] No data in processing queue, waiting...
I0114 03:16:35.143930 13780 master_component.cc:1009] MasterComponent: complete regularizing model pwt
I0114 03:16:35.143930 13780 master_component.cc:1495] DisposeModel pwt
I0114 03:16:35.160919 13780 master_component.cc:1471] NormalizeModelArgs: pwt_target_name=pwt, nwt_source_name=nwt, rwt_source_name=rwt
I0114 03:16:35.160919 13780 master_component.cc:1013] MasterComponent: start normalizing model nwt
I0114 03:16:35.294842 13780 master_component.cc:1043] MasterComponent: complete normalizing model nwt
I0114 03:16:35.422770 13780 master_component.cc:1495] DisposeModel rwt
I0114 03:16:35.436761 13780 master_component.cc:1071] FitOffline: ItemsProcessed, num_items=1728, num_batches=2, token_weight=808522, token_weight_in_effect=808522
I0114 03:16:35.437762 13780 c_interface.cc:389] Pass FitOfflineMasterModelArgs, batch_filename_size=2, batch_weight_size=2, num_collection_passes=1, reset_nwt=yes to void (__cdecl artm::core::MasterComponent::*)(class artm::FitOfflineMasterModelArgs const & __ptr64) __ptr64
I0114 03:16:35.437762 13780 master_component.cc:1420] ProcessBatchesArgs: nwt_target_name=nwt, batch_filename_size=2, batch_size=0, batch_weight_size=2, pwt_source_name=pwt, num_document_passes=10, regularizer=(name:SparsePhi_bcg, tau:100000), reuse_theta=no, opt_for_avx=yes, predict_class_id=, reset_nwt=yes
I0114 03:16:35.463747 15112 processor.cc:81] Processing queue has data, processing started
I0114 03:16:35.465744  9436 processor.cc:81] Processing queue has data, processing started
I0114 03:16:35.498725 15112 processor.cc:158] Processor: start processing batch e26e03e0-bcba-4689-9967-567abf48d49c into model nwt
I0114 03:16:35.521714  9436 processor.cc:158] Processor: start processing batch 97c25dd7-ba13-4952-a3f2-7a9938760194 into model nwt
I0114 03:16:36.040352 15112 processor.cc:293] Processor: complete processing batch e26e03e0-bcba-4689-9967-567abf48d49c into model nwt
I0114 03:16:36.043350 15112 cuckoo_watch.h:45] 580ms in ProcessBatch(batches\aaaaaa.batch) [including 35ms in LoadMessage; 0ms in InitializeTheta; 0ms in CreateRegularizerAgents; 15ms in InitializeSparseNdw; 344ms in InferThetaAndUpdateNwtSparse; 0ms in UpdateCacheEntry; 179ms in CalculateScore(^^^ItemsProcessedScore^^^); ]
I0114 03:16:36.083328 15112 processor.cc:74] No data in processing queue, waiting...
I0114 03:16:36.629096  9436 processor.cc:293] Processor: complete processing batch 97c25dd7-ba13-4952-a3f2-7a9938760194 into model nwt
I0114 03:16:36.633092  9436 cuckoo_watch.h:45] 1168ms in ProcessBatch(batches\aaaaab.batch) [including 56ms in LoadMessage; 0ms in InitializeTheta; 0ms in CreateRegularizerAgents; 63ms in InitializeSparseNdw; 680ms in InferThetaAndUpdateNwtSparse; 0ms in UpdateCacheEntry; 362ms in CalculateScore(^^^ItemsProcessedScore^^^); ]
I0114 03:16:36.634114 13780 master_component.cc:1458] RegularizeModelArgs: rwt_target_name=rwt, pwt_source_name=pwt, nwt_source_name=nwt
I0114 03:16:36.634114 13780 master_component.cc:981] MasterComponent: start regularizing model pwt
I0114 03:16:36.683064  9436 processor.cc:74] No data in processing queue, waiting...
I0114 03:16:36.713068 13780 master_component.cc:1009] MasterComponent: complete regularizing model pwt
I0114 03:16:36.713068 13780 master_component.cc:1495] DisposeModel pwt
I0114 03:16:36.722062 13780 master_component.cc:1471] NormalizeModelArgs: pwt_target_name=pwt, nwt_source_name=nwt, rwt_source_name=rwt
I0114 03:16:36.722062 13780 master_component.cc:1013] MasterComponent: start normalizing model nwt
I0114 03:16:36.821007 13780 master_component.cc:1043] MasterComponent: complete normalizing model nwt
I0114 03:16:36.929925 13780 master_component.cc:1495] DisposeModel rwt
I0114 03:16:36.939937 13780 master_component.cc:1071] FitOffline: ItemsProcessed, num_items=1728, num_batches=2, token_weight=808522, token_weight_in_effect=808522
I0114 03:16:36.950915 13780 c_interface.cc:389] Pass MasterModelConfig: topic_name_size=30, score_config_size=3, num_processors=0, pwt_name=pwt, nwt_name=nwt, num_document_passes=10, regularizer=(SparsePhi_bcg:100000), regularizer=(SparsePhi_sbj:-100000), reuse_theta=no, cache_theta=yes, opt_for_avx=yes, disk_cache_path= to void (__cdecl artm::core::MasterComponent::*)(class artm::MasterModelConfig const & __ptr64) __ptr64
I0114 03:16:36.950915 13780 instance.cc:401] MasterModelConfig.processors_count is automatically set to 4
I0114 03:16:36.950915 13780 instance.cc:232] Regularizer 'SparsePhi_bcg' was cold-reconfigured
I0114 03:16:36.950915 13780 instance.cc:232] Regularizer 'SparsePhi_sbj' was cold-reconfigured
I0114 03:16:37.402056 13780 c_interface.cc:389] Pass FitOfflineMasterModelArgs, batch_filename_size=2, batch_weight_size=2, num_collection_passes=1, reset_nwt=yes to void (__cdecl artm::core::MasterComponent::*)(class artm::FitOfflineMasterModelArgs const & __ptr64) __ptr64
I0114 03:16:37.402056 13780 master_component.cc:1420] ProcessBatchesArgs: nwt_target_name=nwt, batch_filename_size=2, batch_size=0, batch_weight_size=2, pwt_source_name=pwt, num_document_passes=10, regularizer=(name:SparsePhi_bcg, tau:100000), regularizer=(name:SparsePhi_sbj, tau:-100000), reuse_theta=no, opt_for_avx=yes, predict_class_id=, reset_nwt=yes
I0114 03:16:37.425074 15112 processor.cc:81] Processing queue has data, processing started
I0114 03:16:37.425074 14712 processor.cc:81] Processing queue has data, processing started
I0114 03:16:37.453519 14712 processor.cc:158] Processor: start processing batch e26e03e0-bcba-4689-9967-567abf48d49c into model nwt
I0114 03:16:37.475507 15112 processor.cc:158] Processor: start processing batch 97c25dd7-ba13-4952-a3f2-7a9938760194 into model nwt
I0114 03:16:37.998209 14712 processor.cc:293] Processor: complete processing batch e26e03e0-bcba-4689-9967-567abf48d49c into model nwt
I0114 03:16:38.001206 14712 cuckoo_watch.h:45] 576ms in ProcessBatch(batches\aaaaaa.batch) [including 29ms in LoadMessage; 0ms in InitializeTheta; 0ms in CreateRegularizerAgents; 20ms in InitializeSparseNdw; 350ms in InferThetaAndUpdateNwtSparse; 1ms in UpdateCacheEntry; 171ms in CalculateScore(^^^ItemsProcessedScore^^^); ]
I0114 03:16:38.037194 14712 processor.cc:74] No data in processing queue, waiting...
I0114 03:16:38.501960 15112 processor.cc:293] Processor: complete processing batch 97c25dd7-ba13-4952-a3f2-7a9938760194 into model nwt
I0114 03:16:38.505957 15112 cuckoo_watch.h:45] 1081ms in ProcessBatch(batches\aaaaab.batch) [including 50ms in LoadMessage; 0ms in InitializeTheta; 0ms in CreateRegularizerAgents; 45ms in InitializeSparseNdw; 703ms in InferThetaAndUpdateNwtSparse; 0ms in UpdateCacheEntry; 275ms in CalculateScore(^^^ItemsProcessedScore^^^); ]
I0114 03:16:38.509984 13780 master_component.cc:1458] RegularizeModelArgs: rwt_target_name=rwt, pwt_source_name=pwt, nwt_source_name=nwt
I0114 03:16:38.509984 13780 master_component.cc:981] MasterComponent: start regularizing model pwt
I0114 03:16:38.547996 15112 processor.cc:74] No data in processing queue, waiting...
I0114 03:16:38.613976 13780 master_component.cc:1009] MasterComponent: complete regularizing model pwt
I0114 03:16:38.613976 13780 master_component.cc:1495] DisposeModel pwt
I0114 03:16:38.623951 13780 master_component.cc:1471] NormalizeModelArgs: pwt_target_name=pwt, nwt_source_name=nwt, rwt_source_name=rwt
I0114 03:16:38.623951 13780 master_component.cc:1013] MasterComponent: start normalizing model nwt
I0114 03:16:38.744043 13780 master_component.cc:1043] MasterComponent: complete normalizing model nwt
I0114 03:16:38.836036 13780 master_component.cc:1495] DisposeModel rwt
I0114 03:16:38.846014 13780 master_component.cc:1071] FitOffline: ItemsProcessed, num_items=1728, num_batches=2, token_weight=808522, token_weight_in_effect=808522
I0114 03:16:38.846014 13780 c_interface.cc:389] Pass FitOfflineMasterModelArgs, batch_filename_size=2, batch_weight_size=2, num_collection_passes=1, reset_nwt=yes to void (__cdecl artm::core::MasterComponent::*)(class artm::FitOfflineMasterModelArgs const & __ptr64) __ptr64
I0114 03:16:38.846014 13780 master_component.cc:1420] ProcessBatchesArgs: nwt_target_name=nwt, batch_filename_size=2, batch_size=0, batch_weight_size=2, pwt_source_name=pwt, num_document_passes=10, regularizer=(name:SparsePhi_bcg, tau:100000), regularizer=(name:SparsePhi_sbj, tau:-100000), reuse_theta=no, opt_for_avx=yes, predict_class_id=, reset_nwt=yes
I0114 03:16:38.873996 14712 processor.cc:81] Processing queue has data, processing started
I0114 03:16:38.873996  9436 processor.cc:81] Processing queue has data, processing started
I0114 03:16:38.921973 14712 processor.cc:158] Processor: start processing batch e26e03e0-bcba-4689-9967-567abf48d49c into model nwt
I0114 03:16:38.963943  9436 processor.cc:158] Processor: start processing batch 97c25dd7-ba13-4952-a3f2-7a9938760194 into model nwt
I0114 03:16:39.373720 14712 processor.cc:293] Processor: complete processing batch e26e03e0-bcba-4689-9967-567abf48d49c into model nwt
I0114 03:16:39.377718 14712 cuckoo_watch.h:45] 503ms in ProcessBatch(batches\aaaaaa.batch) [including 48ms in LoadMessage; 0ms in InitializeTheta; 0ms in CreateRegularizerAgents; 41ms in InitializeSparseNdw; 212ms in InferThetaAndUpdateNwtSparse; 0ms in UpdateCacheEntry; 195ms in CalculateScore(^^^ItemsProcessedScore^^^); ]
I0114 03:16:39.429688 14712 processor.cc:74] No data in processing queue, waiting...
I0114 03:16:39.722542  9436 processor.cc:293] Processor: complete processing batch 97c25dd7-ba13-4952-a3f2-7a9938760194 into model nwt
I0114 03:16:39.726517  9436 cuckoo_watch.h:45] 852ms in ProcessBatch(batches\aaaaab.batch) [including 89ms in LoadMessage; 0ms in InitializeTheta; 0ms in CreateRegularizerAgents; 60ms in InitializeSparseNdw; 420ms in InferThetaAndUpdateNwtSparse; 0ms in UpdateCacheEntry; 276ms in CalculateScore(^^^ItemsProcessedScore^^^); ]
I0114 03:16:39.727520 13780 master_component.cc:1458] RegularizeModelArgs: rwt_target_name=rwt, pwt_source_name=pwt, nwt_source_name=nwt
I0114 03:16:39.727520 13780 master_component.cc:981] MasterComponent: start regularizing model pwt
I0114 03:16:39.776510  9436 processor.cc:74] No data in processing queue, waiting...
I0114 03:16:39.832459 13780 master_component.cc:1009] MasterComponent: complete regularizing model pwt
I0114 03:16:39.832459 13780 master_component.cc:1495] DisposeModel pwt
I0114 03:16:39.842451 13780 master_component.cc:1471] NormalizeModelArgs: pwt_target_name=pwt, nwt_source_name=nwt, rwt_source_name=rwt
I0114 03:16:39.842451 13780 master_component.cc:1013] MasterComponent: start normalizing model nwt
I0114 03:16:39.975375 13780 master_component.cc:1043] MasterComponent: complete normalizing model nwt
I0114 03:16:40.087333 13780 master_component.cc:1495] DisposeModel rwt
I0114 03:16:40.097306 13780 master_component.cc:1071] FitOffline: ItemsProcessed, num_items=1728, num_batches=2, token_weight=808522, token_weight_in_effect=808522
I0114 03:16:40.097306 13780 c_interface.cc:389] Pass FitOfflineMasterModelArgs, batch_filename_size=2, batch_weight_size=2, num_collection_passes=1, reset_nwt=yes to void (__cdecl artm::core::MasterComponent::*)(class artm::FitOfflineMasterModelArgs const & __ptr64) __ptr64
I0114 03:16:40.097306 13780 master_component.cc:1420] ProcessBatchesArgs: nwt_target_name=nwt, batch_filename_size=2, batch_size=0, batch_weight_size=2, pwt_source_name=pwt, num_document_passes=10, regularizer=(name:SparsePhi_bcg, tau:100000), regularizer=(name:SparsePhi_sbj, tau:-100000), reuse_theta=no, opt_for_avx=yes, predict_class_id=, reset_nwt=yes
I0114 03:16:40.133303 14712 processor.cc:81] Processing queue has data, processing started
I0114 03:16:40.133303 15112 processor.cc:81] Processing queue has data, processing started
I0114 03:16:40.169265 14712 processor.cc:158] Processor: start processing batch e26e03e0-bcba-4689-9967-567abf48d49c into model nwt
I0114 03:16:40.196250 15112 processor.cc:158] Processor: start processing batch 97c25dd7-ba13-4952-a3f2-7a9938760194 into model nwt
I0114 03:16:40.624006 14712 processor.cc:293] Processor: complete processing batch e26e03e0-bcba-4689-9967-567abf48d49c into model nwt
I0114 03:16:40.630003 14712 cuckoo_watch.h:45] 496ms in ProcessBatch(batches\aaaaaa.batch) [including 36ms in LoadMessage; 0ms in InitializeTheta; 0ms in CreateRegularizerAgents; 17ms in InitializeSparseNdw; 228ms in InferThetaAndUpdateNwtSparse; 1ms in UpdateCacheEntry; 205ms in CalculateScore(^^^ItemsProcessedScore^^^); ]
I0114 03:16:40.690968 14712 processor.cc:74] No data in processing queue, waiting...
I0114 03:16:41.103690 15112 processor.cc:293] Processor: complete processing batch 97c25dd7-ba13-4952-a3f2-7a9938760194 into model nwt
I0114 03:16:41.108686 15112 cuckoo_watch.h:45] 975ms in ProcessBatch(batches\aaaaab.batch) [including 62ms in LoadMessage; 0ms in InitializeTheta; 0ms in CreateRegularizerAgents; 75ms in InitializeSparseNdw; 453ms in InferThetaAndUpdateNwtSparse; 0ms in UpdateCacheEntry; 377ms in CalculateScore(^^^ItemsProcessedScore^^^); ]
I0114 03:16:41.111685 13780 master_component.cc:1458] RegularizeModelArgs: rwt_target_name=rwt, pwt_source_name=pwt, nwt_source_name=nwt
I0114 03:16:41.111685 13780 master_component.cc:981] MasterComponent: start regularizing model pwt
I0114 03:16:41.153662 15112 processor.cc:74] No data in processing queue, waiting...
I0114 03:16:41.246608 13780 master_component.cc:1009] MasterComponent: complete regularizing model pwt
I0114 03:16:41.246608 13780 master_component.cc:1495] DisposeModel pwt
I0114 03:16:41.255601 13780 master_component.cc:1471] NormalizeModelArgs: pwt_target_name=pwt, nwt_source_name=nwt, rwt_source_name=rwt
I0114 03:16:41.255601 13780 master_component.cc:1013] MasterComponent: start normalizing model nwt
I0114 03:16:41.358587 13780 master_component.cc:1043] MasterComponent: complete normalizing model nwt
I0114 03:16:41.464536 13780 master_component.cc:1495] DisposeModel rwt
I0114 03:16:41.481528 13780 master_component.cc:1071] FitOffline: ItemsProcessed, num_items=1728, num_batches=2, token_weight=808522, token_weight_in_effect=808522
I0114 03:16:41.481528 13780 c_interface.cc:389] Pass FitOfflineMasterModelArgs, batch_filename_size=2, batch_weight_size=2, num_collection_passes=1, reset_nwt=yes to void (__cdecl artm::core::MasterComponent::*)(class artm::FitOfflineMasterModelArgs const & __ptr64) __ptr64
I0114 03:16:41.481528 13780 master_component.cc:1420] ProcessBatchesArgs: nwt_target_name=nwt, batch_filename_size=2, batch_size=0, batch_weight_size=2, pwt_source_name=pwt, num_document_passes=10, regularizer=(name:SparsePhi_bcg, tau:100000), regularizer=(name:SparsePhi_sbj, tau:-100000), reuse_theta=no, opt_for_avx=yes, predict_class_id=, reset_nwt=yes
I0114 03:16:41.513522 15428 processor.cc:81] Processing queue has data, processing started
I0114 03:16:41.513522 14712 processor.cc:81] Processing queue has data, processing started
I0114 03:16:41.549486 15428 processor.cc:158] Processor: start processing batch e26e03e0-bcba-4689-9967-567abf48d49c into model nwt
I0114 03:16:41.576472 14712 processor.cc:158] Processor: start processing batch 97c25dd7-ba13-4952-a3f2-7a9938760194 into model nwt
I0114 03:16:41.948297 15428 processor.cc:293] Processor: complete processing batch e26e03e0-bcba-4689-9967-567abf48d49c into model nwt
I0114 03:16:41.951293 15428 cuckoo_watch.h:45] 438ms in ProcessBatch(batches\aaaaaa.batch) [including 36ms in LoadMessage; 0ms in InitializeTheta; 0ms in CreateRegularizerAgents; 28ms in InitializeSparseNdw; 176ms in InferThetaAndUpdateNwtSparse; 0ms in UpdateCacheEntry; 191ms in CalculateScore(^^^ItemsProcessedScore^^^); ]
I0114 03:16:41.994271 15428 processor.cc:74] No data in processing queue, waiting...
I0114 03:16:42.345321 14712 processor.cc:293] Processor: complete processing batch 97c25dd7-ba13-4952-a3f2-7a9938760194 into model nwt
I0114 03:16:42.351318 14712 cuckoo_watch.h:45] 837ms in ProcessBatch(batches\aaaaab.batch) [including 62ms in LoadMessage; 0ms in InitializeTheta; 0ms in CreateRegularizerAgents; 54ms in InitializeSparseNdw; 358ms in InferThetaAndUpdateNwtSparse; 0ms in UpdateCacheEntry; 354ms in CalculateScore(^^^ItemsProcessedScore^^^); ]
I0114 03:16:42.353332 13780 master_component.cc:1458] RegularizeModelArgs: rwt_target_name=rwt, pwt_source_name=pwt, nwt_source_name=nwt
I0114 03:16:42.353332 13780 master_component.cc:981] MasterComponent: start regularizing model pwt
I0114 03:16:42.396291 14712 processor.cc:74] No data in processing queue, waiting...
I0114 03:16:42.458276 13780 master_component.cc:1009] MasterComponent: complete regularizing model pwt
I0114 03:16:42.458276 13780 master_component.cc:1495] DisposeModel pwt
I0114 03:16:42.468251 13780 master_component.cc:1471] NormalizeModelArgs: pwt_target_name=pwt, nwt_source_name=nwt, rwt_source_name=rwt
I0114 03:16:42.468251 13780 master_component.cc:1013] MasterComponent: start normalizing model nwt
I0114 03:16:42.558218 13780 master_component.cc:1043] MasterComponent: complete normalizing model nwt
I0114 03:16:42.650149 13780 master_component.cc:1495] DisposeModel rwt
I0114 03:16:42.660161 13780 master_component.cc:1071] FitOffline: ItemsProcessed, num_items=1728, num_batches=2, token_weight=808522, token_weight_in_effect=808522
I0114 03:16:42.661160 13780 c_interface.cc:389] Pass FitOfflineMasterModelArgs, batch_filename_size=2, batch_weight_size=2, num_collection_passes=1, reset_nwt=yes to void (__cdecl artm::core::MasterComponent::*)(class artm::FitOfflineMasterModelArgs const & __ptr64) __ptr64
I0114 03:16:42.661160 13780 master_component.cc:1420] ProcessBatchesArgs: nwt_target_name=nwt, batch_filename_size=2, batch_size=0, batch_weight_size=2, pwt_source_name=pwt, num_document_passes=10, regularizer=(name:SparsePhi_bcg, tau:100000), regularizer=(name:SparsePhi_sbj, tau:-100000), reuse_theta=no, opt_for_avx=yes, predict_class_id=, reset_nwt=yes
I0114 03:16:42.687249 15428 processor.cc:81] Processing queue has data, processing started
I0114 03:16:42.687249 14712 processor.cc:81] Processing queue has data, processing started
I0114 03:16:42.717139 14712 processor.cc:158] Processor: start processing batch e26e03e0-bcba-4689-9967-567abf48d49c into model nwt
I0114 03:16:42.736131 15428 processor.cc:158] Processor: start processing batch 97c25dd7-ba13-4952-a3f2-7a9938760194 into model nwt
I0114 03:16:43.048950 14712 processor.cc:293] Processor: complete processing batch e26e03e0-bcba-4689-9967-567abf48d49c into model nwt
I0114 03:16:43.051947 14712 cuckoo_watch.h:45] 365ms in ProcessBatch(batches\aaaaaa.batch) [including 30ms in LoadMessage; 0ms in InitializeTheta; 0ms in CreateRegularizerAgents; 17ms in InitializeSparseNdw; 160ms in InferThetaAndUpdateNwtSparse; 0ms in UpdateCacheEntry; 152ms in CalculateScore(^^^ItemsProcessedScore^^^); ]
I0114 03:16:43.102939 14712 processor.cc:74] No data in processing queue, waiting...
I0114 03:16:43.365777 15428 processor.cc:293] Processor: complete processing batch 97c25dd7-ba13-4952-a3f2-7a9938760194 into model nwt
I0114 03:16:43.370445 15428 cuckoo_watch.h:45] 683ms in ProcessBatch(batches\aaaaab.batch) [including 49ms in LoadMessage; 0ms in InitializeTheta; 0ms in CreateRegularizerAgents; 44ms in InitializeSparseNdw; 324ms in InferThetaAndUpdateNwtSparse; 0ms in UpdateCacheEntry; 259ms in CalculateScore(^^^ItemsProcessedScore^^^); ]
I0114 03:16:43.372822 13780 master_component.cc:1458] RegularizeModelArgs: rwt_target_name=rwt, pwt_source_name=pwt, nwt_source_name=nwt
I0114 03:16:43.372822 13780 master_component.cc:981] MasterComponent: start regularizing model pwt
I0114 03:16:43.408823 15428 processor.cc:74] No data in processing queue, waiting...
I0114 03:16:43.475778 13780 master_component.cc:1009] MasterComponent: complete regularizing model pwt
I0114 03:16:43.475778 13780 master_component.cc:1495] DisposeModel pwt
I0114 03:16:43.485770 13780 master_component.cc:1471] NormalizeModelArgs: pwt_target_name=pwt, nwt_source_name=nwt, rwt_source_name=rwt
I0114 03:16:43.485770 13780 master_component.cc:1013] MasterComponent: start normalizing model nwt
I0114 03:16:43.578738 13780 master_component.cc:1043] MasterComponent: complete normalizing model nwt
I0114 03:16:43.668715 13780 master_component.cc:1495] DisposeModel rwt
I0114 03:16:43.678709 13780 master_component.cc:1071] FitOffline: ItemsProcessed, num_items=1728, num_batches=2, token_weight=808522, token_weight_in_effect=808522
I0114 03:16:43.679688 13780 c_interface.cc:389] Pass FitOfflineMasterModelArgs, batch_filename_size=2, batch_weight_size=2, num_collection_passes=1, reset_nwt=yes to void (__cdecl artm::core::MasterComponent::*)(class artm::FitOfflineMasterModelArgs const & __ptr64) __ptr64
I0114 03:16:43.679688 13780 master_component.cc:1420] ProcessBatchesArgs: nwt_target_name=nwt, batch_filename_size=2, batch_size=0, batch_weight_size=2, pwt_source_name=pwt, num_document_passes=10, regularizer=(name:SparsePhi_bcg, tau:100000), regularizer=(name:SparsePhi_sbj, tau:-100000), reuse_theta=no, opt_for_avx=yes, predict_class_id=, reset_nwt=yes
I0114 03:16:43.704743 15112 processor.cc:81] Processing queue has data, processing started
I0114 03:16:43.704743 15428 processor.cc:81] Processing queue has data, processing started
I0114 03:16:43.729660 15112 processor.cc:158] Processor: start processing batch e26e03e0-bcba-4689-9967-567abf48d49c into model nwt
I0114 03:16:43.748648 15428 processor.cc:158] Processor: start processing batch 97c25dd7-ba13-4952-a3f2-7a9938760194 into model nwt
I0114 03:16:44.107825 15112 processor.cc:293] Processor: complete processing batch e26e03e0-bcba-4689-9967-567abf48d49c into model nwt
I0114 03:16:44.112821 15112 cuckoo_watch.h:45] 408ms in ProcessBatch(batches\aaaaaa.batch) [including 25ms in LoadMessage; 0ms in InitializeTheta; 0ms in CreateRegularizerAgents; 17ms in InitializeSparseNdw; 172ms in InferThetaAndUpdateNwtSparse; 1ms in UpdateCacheEntry; 187ms in CalculateScore(^^^ItemsProcessedScore^^^); ]
I0114 03:16:44.159795 15112 processor.cc:74] No data in processing queue, waiting...
I0114 03:16:44.466789 15428 processor.cc:293] Processor: complete processing batch 97c25dd7-ba13-4952-a3f2-7a9938760194 into model nwt
I0114 03:16:44.474756 15428 cuckoo_watch.h:45] 770ms in ProcessBatch(batches\aaaaab.batch) [including 44ms in LoadMessage; 0ms in InitializeTheta; 0ms in CreateRegularizerAgents; 45ms in InitializeSparseNdw; 366ms in InferThetaAndUpdateNwtSparse; 0ms in UpdateCacheEntry; 304ms in CalculateScore(^^^ItemsProcessedScore^^^); ]
I0114 03:16:44.476754 13780 master_component.cc:1458] RegularizeModelArgs: rwt_target_name=rwt, pwt_source_name=pwt, nwt_source_name=nwt
I0114 03:16:44.476754 13780 master_component.cc:981] MasterComponent: start regularizing model pwt
I0114 03:16:44.515731 15428 processor.cc:74] No data in processing queue, waiting...
I0114 03:16:44.614599 13780 master_component.cc:1009] MasterComponent: complete regularizing model pwt
I0114 03:16:44.614599 13780 master_component.cc:1495] DisposeModel pwt
I0114 03:16:44.624594 13780 master_component.cc:1471] NormalizeModelArgs: pwt_target_name=pwt, nwt_source_name=nwt, rwt_source_name=rwt
I0114 03:16:44.624594 13780 master_component.cc:1013] MasterComponent: start normalizing model nwt
I0114 03:16:44.732203 13780 master_component.cc:1043] MasterComponent: complete normalizing model nwt
I0114 03:16:44.828169 13780 master_component.cc:1495] DisposeModel rwt
I0114 03:16:44.838145 13780 master_component.cc:1071] FitOffline: ItemsProcessed, num_items=1728, num_batches=2, token_weight=808522, token_weight_in_effect=808522
I0114 03:16:44.838145 13780 c_interface.cc:389] Pass FitOfflineMasterModelArgs, batch_filename_size=2, batch_weight_size=2, num_collection_passes=1, reset_nwt=yes to void (__cdecl artm::core::MasterComponent::*)(class artm::FitOfflineMasterModelArgs const & __ptr64) __ptr64
I0114 03:16:44.838145 13780 master_component.cc:1420] ProcessBatchesArgs: nwt_target_name=nwt, batch_filename_size=2, batch_size=0, batch_weight_size=2, pwt_source_name=pwt, num_document_passes=10, regularizer=(name:SparsePhi_bcg, tau:100000), regularizer=(name:SparsePhi_sbj, tau:-100000), reuse_theta=no, opt_for_avx=yes, predict_class_id=, reset_nwt=yes
I0114 03:16:44.863188  9436 processor.cc:81] Processing queue has data, processing started
I0114 03:16:44.863188 15428 processor.cc:81] Processing queue has data, processing started
I0114 03:16:44.900107  9436 processor.cc:158] Processor: start processing batch e26e03e0-bcba-4689-9967-567abf48d49c into model nwt
I0114 03:16:44.928092 15428 processor.cc:158] Processor: start processing batch 97c25dd7-ba13-4952-a3f2-7a9938760194 into model nwt
I0114 03:16:45.290884  9436 processor.cc:293] Processor: complete processing batch e26e03e0-bcba-4689-9967-567abf48d49c into model nwt
I0114 03:16:45.292882  9436 cuckoo_watch.h:45] 430ms in ProcessBatch(batches\aaaaaa.batch) [including 36ms in LoadMessage; 0ms in InitializeTheta; 0ms in CreateRegularizerAgents; 31ms in InitializeSparseNdw; 175ms in InferThetaAndUpdateNwtSparse; 0ms in UpdateCacheEntry; 181ms in CalculateScore(^^^ItemsProcessedScore^^^); ]
I0114 03:16:45.335878  9436 processor.cc:74] No data in processing queue, waiting...
I0114 03:16:45.650729 15428 processor.cc:293] Processor: complete processing batch 97c25dd7-ba13-4952-a3f2-7a9938760194 into model nwt
I0114 03:16:45.655725 15428 cuckoo_watch.h:45] 793ms in ProcessBatch(batches\aaaaab.batch) [including 65ms in LoadMessage; 0ms in InitializeTheta; 0ms in CreateRegularizerAgents; 56ms in InitializeSparseNdw; 347ms in InferThetaAndUpdateNwtSparse; 0ms in UpdateCacheEntry; 317ms in CalculateScore(^^^ItemsProcessedScore^^^); ]
I0114 03:16:45.657724 13780 master_component.cc:1458] RegularizeModelArgs: rwt_target_name=rwt, pwt_source_name=pwt, nwt_source_name=nwt
I0114 03:16:45.657724 13780 master_component.cc:981] MasterComponent: start regularizing model pwt
I0114 03:16:45.691347 15428 processor.cc:74] No data in processing queue, waiting...
I0114 03:16:45.763325 13780 master_component.cc:1009] MasterComponent: complete regularizing model pwt
I0114 03:16:45.763325 13780 master_component.cc:1495] DisposeModel pwt
I0114 03:16:45.772312 13780 master_component.cc:1471] NormalizeModelArgs: pwt_target_name=pwt, nwt_source_name=nwt, rwt_source_name=rwt
I0114 03:16:45.772312 13780 master_component.cc:1013] MasterComponent: start normalizing model nwt
I0114 03:16:45.865247 13780 master_component.cc:1043] MasterComponent: complete normalizing model nwt
I0114 03:16:45.959215 13780 master_component.cc:1495] DisposeModel rwt
I0114 03:16:45.969203 13780 master_component.cc:1071] FitOffline: ItemsProcessed, num_items=1728, num_batches=2, token_weight=808522, token_weight_in_effect=808522
I0114 03:16:45.970189 13780 c_interface.cc:389] Pass FitOfflineMasterModelArgs, batch_filename_size=2, batch_weight_size=2, num_collection_passes=1, reset_nwt=yes to void (__cdecl artm::core::MasterComponent::*)(class artm::FitOfflineMasterModelArgs const & __ptr64) __ptr64
I0114 03:16:45.970189 13780 master_component.cc:1420] ProcessBatchesArgs: nwt_target_name=nwt, batch_filename_size=2, batch_size=0, batch_weight_size=2, pwt_source_name=pwt, num_document_passes=10, regularizer=(name:SparsePhi_bcg, tau:100000), regularizer=(name:SparsePhi_sbj, tau:-100000), reuse_theta=no, opt_for_avx=yes, predict_class_id=, reset_nwt=yes
I0114 03:16:45.995205  9436 processor.cc:81] Processing queue has data, processing started
I0114 03:16:45.995205 15428 processor.cc:81] Processing queue has data, processing started
I0114 03:16:46.024157 15428 processor.cc:158] Processor: start processing batch e26e03e0-bcba-4689-9967-567abf48d49c into model nwt
I0114 03:16:46.043166  9436 processor.cc:158] Processor: start processing batch 97c25dd7-ba13-4952-a3f2-7a9938760194 into model nwt
I0114 03:16:46.428925 15428 processor.cc:293] Processor: complete processing batch e26e03e0-bcba-4689-9967-567abf48d49c into model nwt
I0114 03:16:46.432924 15428 cuckoo_watch.h:45] 438ms in ProcessBatch(batches\aaaaaa.batch) [including 28ms in LoadMessage; 0ms in InitializeTheta; 0ms in CreateRegularizerAgents; 18ms in InitializeSparseNdw; 185ms in InferThetaAndUpdateNwtSparse; 1ms in UpdateCacheEntry; 199ms in CalculateScore(^^^ItemsProcessedScore^^^); ]
I0114 03:16:46.471899 15428 processor.cc:74] No data in processing queue, waiting...
I0114 03:16:46.730762  9436 processor.cc:293] Processor: complete processing batch 97c25dd7-ba13-4952-a3f2-7a9938760194 into model nwt
I0114 03:16:46.734758  9436 cuckoo_watch.h:45] 739ms in ProcessBatch(batches\aaaaab.batch) [including 48ms in LoadMessage; 0ms in InitializeTheta; 0ms in CreateRegularizerAgents; 49ms in InitializeSparseNdw; 376ms in InferThetaAndUpdateNwtSparse; 0ms in UpdateCacheEntry; 260ms in CalculateScore(^^^ItemsProcessedScore^^^); ]
I0114 03:16:46.735826 13780 master_component.cc:1458] RegularizeModelArgs: rwt_target_name=rwt, pwt_source_name=pwt, nwt_source_name=nwt
I0114 03:16:46.735826 13780 master_component.cc:981] MasterComponent: start regularizing model pwt
I0114 03:16:46.768736  9436 processor.cc:74] No data in processing queue, waiting...
I0114 03:16:46.837699 13780 master_component.cc:1009] MasterComponent: complete regularizing model pwt
I0114 03:16:46.837699 13780 master_component.cc:1495] DisposeModel pwt
I0114 03:16:46.846693 13780 master_component.cc:1471] NormalizeModelArgs: pwt_target_name=pwt, nwt_source_name=nwt, rwt_source_name=rwt
I0114 03:16:46.846693 13780 master_component.cc:1013] MasterComponent: start normalizing model nwt
I0114 03:16:46.937640 13780 master_component.cc:1043] MasterComponent: complete normalizing model nwt
I0114 03:16:47.030619 13780 master_component.cc:1495] DisposeModel rwt
I0114 03:16:47.041615 13780 master_component.cc:1071] FitOffline: ItemsProcessed, num_items=1728, num_batches=2, token_weight=808522, token_weight_in_effect=808522
I0114 03:16:47.041615 13780 c_interface.cc:389] Pass FitOfflineMasterModelArgs, batch_filename_size=2, batch_weight_size=2, num_collection_passes=1, reset_nwt=yes to void (__cdecl artm::core::MasterComponent::*)(class artm::FitOfflineMasterModelArgs const & __ptr64) __ptr64
I0114 03:16:47.041615 13780 master_component.cc:1420] ProcessBatchesArgs: nwt_target_name=nwt, batch_filename_size=2, batch_size=0, batch_weight_size=2, pwt_source_name=pwt, num_document_passes=10, regularizer=(name:SparsePhi_bcg, tau:100000), regularizer=(name:SparsePhi_sbj, tau:-100000), reuse_theta=no, opt_for_avx=yes, predict_class_id=, reset_nwt=yes
I0114 03:16:47.065615 15112 processor.cc:81] Processing queue has data, processing started
I0114 03:16:47.065615  9436 processor.cc:81] Processing queue has data, processing started
I0114 03:16:47.089610 15112 processor.cc:158] Processor: start processing batch e26e03e0-bcba-4689-9967-567abf48d49c into model nwt
I0114 03:16:47.113597  9436 processor.cc:158] Processor: start processing batch 97c25dd7-ba13-4952-a3f2-7a9938760194 into model nwt
I0114 03:16:47.457422 15112 processor.cc:293] Processor: complete processing batch e26e03e0-bcba-4689-9967-567abf48d49c into model nwt
I0114 03:16:47.460420 15112 cuckoo_watch.h:45] 395ms in ProcessBatch(batches\aaaaaa.batch) [including 24ms in LoadMessage; 0ms in InitializeTheta; 0ms in CreateRegularizerAgents; 19ms in InitializeSparseNdw; 164ms in InferThetaAndUpdateNwtSparse; 0ms in UpdateCacheEntry; 182ms in CalculateScore(^^^ItemsProcessedScore^^^); ]
I0114 03:16:47.496407 15112 processor.cc:74] No data in processing queue, waiting...
I0114 03:16:47.785300  9436 processor.cc:293] Processor: complete processing batch 97c25dd7-ba13-4952-a3f2-7a9938760194 into model nwt
I0114 03:16:47.789299  9436 cuckoo_watch.h:45] 723ms in ProcessBatch(batches\aaaaab.batch) [including 47ms in LoadMessage; 0ms in InitializeTheta; 0ms in CreateRegularizerAgents; 46ms in InitializeSparseNdw; 344ms in InferThetaAndUpdateNwtSparse; 0ms in UpdateCacheEntry; 279ms in CalculateScore(^^^ItemsProcessedScore^^^); ]
I0114 03:16:47.790329 13780 master_component.cc:1458] RegularizeModelArgs: rwt_target_name=rwt, pwt_source_name=pwt, nwt_source_name=nwt
I0114 03:16:47.790329 13780 master_component.cc:981] MasterComponent: start regularizing model pwt
I0114 03:16:47.826294  9436 processor.cc:74] No data in processing queue, waiting...
I0114 03:16:47.894243 13780 master_component.cc:1009] MasterComponent: complete regularizing model pwt
I0114 03:16:47.894243 13780 master_component.cc:1495] DisposeModel pwt
I0114 03:16:47.903257 13780 master_component.cc:1471] NormalizeModelArgs: pwt_target_name=pwt, nwt_source_name=nwt, rwt_source_name=rwt
I0114 03:16:47.903257 13780 master_component.cc:1013] MasterComponent: start normalizing model nwt
I0114 03:16:48.002207 13780 master_component.cc:1043] MasterComponent: complete normalizing model nwt
I0114 03:16:48.123162 13780 master_component.cc:1495] DisposeModel rwt
I0114 03:16:48.133132 13780 master_component.cc:1071] FitOffline: ItemsProcessed, num_items=1728, num_batches=2, token_weight=808522, token_weight_in_effect=808522
I0114 03:16:48.133132 13780 c_interface.cc:389] Pass FitOfflineMasterModelArgs, batch_filename_size=2, batch_weight_size=2, num_collection_passes=1, reset_nwt=yes to void (__cdecl artm::core::MasterComponent::*)(class artm::FitOfflineMasterModelArgs const & __ptr64) __ptr64
I0114 03:16:48.134131 13780 master_component.cc:1420] ProcessBatchesArgs: nwt_target_name=nwt, batch_filename_size=2, batch_size=0, batch_weight_size=2, pwt_source_name=pwt, num_document_passes=10, regularizer=(name:SparsePhi_bcg, tau:100000), regularizer=(name:SparsePhi_sbj, tau:-100000), reuse_theta=no, opt_for_avx=yes, predict_class_id=, reset_nwt=yes
I0114 03:16:48.158118  9436 processor.cc:81] Processing queue has data, processing started
I0114 03:16:48.160116 14712 processor.cc:81] Processing queue has data, processing started
I0114 03:16:48.189101  9436 processor.cc:158] Processor: start processing batch e26e03e0-bcba-4689-9967-567abf48d49c into model nwt
I0114 03:16:48.219084 14712 processor.cc:158] Processor: start processing batch 97c25dd7-ba13-4952-a3f2-7a9938760194 into model nwt
I0114 03:16:48.726240  9436 processor.cc:293] Processor: complete processing batch e26e03e0-bcba-4689-9967-567abf48d49c into model nwt
I0114 03:16:48.732237  9436 cuckoo_watch.h:45] 574ms in ProcessBatch(batches\aaaaaa.batch) [including 30ms in LoadMessage; 0ms in InitializeTheta; 0ms in CreateRegularizerAgents; 32ms in InitializeSparseNdw; 224ms in InferThetaAndUpdateNwtSparse; 1ms in UpdateCacheEntry; 277ms in CalculateScore(^^^ItemsProcessedScore^^^); ]
I0114 03:16:48.780210  9436 processor.cc:74] No data in processing queue, waiting...
I0114 03:16:49.214103 14712 processor.cc:293] Processor: complete processing batch 97c25dd7-ba13-4952-a3f2-7a9938760194 into model nwt
I0114 03:16:49.218101 14712 cuckoo_watch.h:45] 1058ms in ProcessBatch(batches\aaaaab.batch) [including 59ms in LoadMessage; 0ms in InitializeTheta; 0ms in CreateRegularizerAgents; 52ms in InitializeSparseNdw; 484ms in InferThetaAndUpdateNwtSparse; 1ms in UpdateCacheEntry; 455ms in CalculateScore(^^^ItemsProcessedScore^^^); ]
I0114 03:16:49.220098 13780 master_component.cc:1458] RegularizeModelArgs: rwt_target_name=rwt, pwt_source_name=pwt, nwt_source_name=nwt
I0114 03:16:49.220098 13780 master_component.cc:981] MasterComponent: start regularizing model pwt
I0114 03:16:49.264075 14712 processor.cc:74] No data in processing queue, waiting...
I0114 03:16:49.339051 13780 master_component.cc:1009] MasterComponent: complete regularizing model pwt
I0114 03:16:49.340050 13780 master_component.cc:1495] DisposeModel pwt
I0114 03:16:49.349025 13780 master_component.cc:1471] NormalizeModelArgs: pwt_target_name=pwt, nwt_source_name=nwt, rwt_source_name=rwt
I0114 03:16:49.349025 13780 master_component.cc:1013] MasterComponent: start normalizing model nwt
I0114 03:16:49.437994 13780 master_component.cc:1043] MasterComponent: complete normalizing model nwt
I0114 03:16:49.530922 13780 master_component.cc:1495] DisposeModel rwt
I0114 03:16:49.540915 13780 master_component.cc:1071] FitOffline: ItemsProcessed, num_items=1728, num_batches=2, token_weight=808522, token_weight_in_effect=808522
I0114 03:16:49.540915 13780 c_interface.cc:389] Pass FitOfflineMasterModelArgs, batch_filename_size=2, batch_weight_size=2, num_collection_passes=1, reset_nwt=yes to void (__cdecl artm::core::MasterComponent::*)(class artm::FitOfflineMasterModelArgs const & __ptr64) __ptr64
I0114 03:16:49.540915 13780 master_component.cc:1420] ProcessBatchesArgs: nwt_target_name=nwt, batch_filename_size=2, batch_size=0, batch_weight_size=2, pwt_source_name=pwt, num_document_passes=10, regularizer=(name:SparsePhi_bcg, tau:100000), regularizer=(name:SparsePhi_sbj, tau:-100000), reuse_theta=no, opt_for_avx=yes, predict_class_id=, reset_nwt=yes
I0114 03:16:49.564950 14712 processor.cc:81] Processing queue has data, processing started
I0114 03:16:49.564950 15428 processor.cc:81] Processing queue has data, processing started
I0114 03:16:49.591886 14712 processor.cc:158] Processor: start processing batch e26e03e0-bcba-4689-9967-567abf48d49c into model nwt
I0114 03:16:49.614894 15428 processor.cc:158] Processor: start processing batch 97c25dd7-ba13-4952-a3f2-7a9938760194 into model nwt
I0114 03:16:49.941469 14712 processor.cc:293] Processor: complete processing batch e26e03e0-bcba-4689-9967-567abf48d49c into model nwt
I0114 03:16:49.945467 14712 cuckoo_watch.h:45] 381ms in ProcessBatch(batches\aaaaaa.batch) [including 27ms in LoadMessage; 0ms in InitializeTheta; 0ms in CreateRegularizerAgents; 19ms in InitializeSparseNdw; 157ms in InferThetaAndUpdateNwtSparse; 0ms in UpdateCacheEntry; 170ms in CalculateScore(^^^ItemsProcessedScore^^^); ]
I0114 03:16:49.989449 14712 processor.cc:74] No data in processing queue, waiting...
I0114 03:16:50.420195 15428 processor.cc:293] Processor: complete processing batch 97c25dd7-ba13-4952-a3f2-7a9938760194 into model nwt
I0114 03:16:50.424193 15428 cuckoo_watch.h:45] 859ms in ProcessBatch(batches\aaaaab.batch) [including 50ms in LoadMessage; 0ms in InitializeTheta; 0ms in CreateRegularizerAgents; 52ms in InitializeSparseNdw; 340ms in InferThetaAndUpdateNwtSparse; 0ms in UpdateCacheEntry; 410ms in CalculateScore(^^^ItemsProcessedScore^^^); ]
I0114 03:16:50.427249 13780 master_component.cc:1458] RegularizeModelArgs: rwt_target_name=rwt, pwt_source_name=pwt, nwt_source_name=nwt
I0114 03:16:50.427249 13780 master_component.cc:981] MasterComponent: start regularizing model pwt
I0114 03:16:50.471226 15428 processor.cc:74] No data in processing queue, waiting...
I0114 03:16:50.570171 13780 master_component.cc:1009] MasterComponent: complete regularizing model pwt
I0114 03:16:50.570171 13780 master_component.cc:1495] DisposeModel pwt
I0114 03:16:50.580166 13780 master_component.cc:1471] NormalizeModelArgs: pwt_target_name=pwt, nwt_source_name=nwt, rwt_source_name=rwt
I0114 03:16:50.580166 13780 master_component.cc:1013] MasterComponent: start normalizing model nwt
I0114 03:16:50.682106 13780 master_component.cc:1043] MasterComponent: complete normalizing model nwt
I0114 03:16:50.783051 13780 master_component.cc:1495] DisposeModel rwt
I0114 03:16:50.793042 13780 master_component.cc:1071] FitOffline: ItemsProcessed, num_items=1728, num_batches=2, token_weight=808522, token_weight_in_effect=808522
I0114 03:16:50.793042 13780 c_interface.cc:389] Pass FitOfflineMasterModelArgs, batch_filename_size=2, batch_weight_size=2, num_collection_passes=1, reset_nwt=yes to void (__cdecl artm::core::MasterComponent::*)(class artm::FitOfflineMasterModelArgs const & __ptr64) __ptr64
I0114 03:16:50.794044 13780 master_component.cc:1420] ProcessBatchesArgs: nwt_target_name=nwt, batch_filename_size=2, batch_size=0, batch_weight_size=2, pwt_source_name=pwt, num_document_passes=10, regularizer=(name:SparsePhi_bcg, tau:100000), regularizer=(name:SparsePhi_sbj, tau:-100000), reuse_theta=no, opt_for_avx=yes, predict_class_id=, reset_nwt=yes
I0114 03:16:50.818063 15428 processor.cc:81] Processing queue has data, processing started
I0114 03:16:50.818063 15112 processor.cc:81] Processing queue has data, processing started
I0114 03:16:50.850011 15112 processor.cc:158] Processor: start processing batch e26e03e0-bcba-4689-9967-567abf48d49c into model nwt
I0114 03:16:50.879994 15428 processor.cc:158] Processor: start processing batch 97c25dd7-ba13-4952-a3f2-7a9938760194 into model nwt
I0114 03:16:51.463018 15112 processor.cc:293] Processor: complete processing batch e26e03e0-bcba-4689-9967-567abf48d49c into model nwt
I0114 03:16:51.468524 15112 cuckoo_watch.h:45] 650ms in ProcessBatch(batches\aaaaaa.batch) [including 32ms in LoadMessage; 0ms in InitializeTheta; 0ms in CreateRegularizerAgents; 27ms in InitializeSparseNdw; 225ms in InferThetaAndUpdateNwtSparse; 1ms in UpdateCacheEntry; 357ms in CalculateScore(^^^ItemsProcessedScore^^^); ]
I0114 03:16:51.509552 15112 processor.cc:74] No data in processing queue, waiting...
I0114 03:16:51.856526 15428 processor.cc:293] Processor: complete processing batch 97c25dd7-ba13-4952-a3f2-7a9938760194 into model nwt
I0114 03:16:51.860523 15428 cuckoo_watch.h:45] 1042ms in ProcessBatch(batches\aaaaab.batch) [including 61ms in LoadMessage; 0ms in InitializeTheta; 0ms in CreateRegularizerAgents; 79ms in InitializeSparseNdw; 563ms in InferThetaAndUpdateNwtSparse; 0ms in UpdateCacheEntry; 332ms in CalculateScore(^^^ItemsProcessedScore^^^); ]
I0114 03:16:51.862547 13780 master_component.cc:1458] RegularizeModelArgs: rwt_target_name=rwt, pwt_source_name=pwt, nwt_source_name=nwt
I0114 03:16:51.862547 13780 master_component.cc:981] MasterComponent: start regularizing model pwt
I0114 03:16:51.902547 15428 processor.cc:74] No data in processing queue, waiting...
I0114 03:16:51.967576 13780 master_component.cc:1009] MasterComponent: complete regularizing model pwt
I0114 03:16:51.967576 13780 master_component.cc:1495] DisposeModel pwt
I0114 03:16:51.975570 13780 master_component.cc:1471] NormalizeModelArgs: pwt_target_name=pwt, nwt_source_name=nwt, rwt_source_name=rwt
I0114 03:16:51.976549 13780 master_component.cc:1013] MasterComponent: start normalizing model nwt
I0114 03:16:52.097538 13780 master_component.cc:1043] MasterComponent: complete normalizing model nwt
I0114 03:16:52.206409 13780 master_component.cc:1495] DisposeModel rwt
I0114 03:16:52.216404 13780 master_component.cc:1071] FitOffline: ItemsProcessed, num_items=1728, num_batches=2, token_weight=808522, token_weight_in_effect=808522
I0114 03:16:52.217406 13780 c_interface.cc:389] Pass FitOfflineMasterModelArgs, batch_filename_size=2, batch_weight_size=2, num_collection_passes=1, reset_nwt=yes to void (__cdecl artm::core::MasterComponent::*)(class artm::FitOfflineMasterModelArgs const & __ptr64) __ptr64
I0114 03:16:52.217406 13780 master_component.cc:1420] ProcessBatchesArgs: nwt_target_name=nwt, batch_filename_size=2, batch_size=0, batch_weight_size=2, pwt_source_name=pwt, num_document_passes=10, regularizer=(name:SparsePhi_bcg, tau:100000), regularizer=(name:SparsePhi_sbj, tau:-100000), reuse_theta=no, opt_for_avx=yes, predict_class_id=, reset_nwt=yes
I0114 03:16:52.243388 14712 processor.cc:81] Processing queue has data, processing started
I0114 03:16:52.245385 15428 processor.cc:81] Processing queue has data, processing started
I0114 03:16:52.266373 14712 processor.cc:158] Processor: start processing batch e26e03e0-bcba-4689-9967-567abf48d49c into model nwt
I0114 03:16:52.289362 15428 processor.cc:158] Processor: start processing batch 97c25dd7-ba13-4952-a3f2-7a9938760194 into model nwt
I0114 03:16:52.654150 14712 processor.cc:293] Processor: complete processing batch e26e03e0-bcba-4689-9967-567abf48d49c into model nwt
I0114 03:16:52.660142 14712 cuckoo_watch.h:45] 417ms in ProcessBatch(batches\aaaaaa.batch) [including 23ms in LoadMessage; 0ms in InitializeTheta; 0ms in CreateRegularizerAgents; 17ms in InitializeSparseNdw; 150ms in InferThetaAndUpdateNwtSparse; 0ms in UpdateCacheEntry; 218ms in CalculateScore(^^^ItemsProcessedScore^^^); ]
I0114 03:16:52.709116 14712 processor.cc:74] No data in processing queue, waiting...
I0114 03:16:53.053923 15428 processor.cc:293] Processor: complete processing batch 97c25dd7-ba13-4952-a3f2-7a9938760194 into model nwt
I0114 03:16:53.060920 15428 cuckoo_watch.h:45] 815ms in ProcessBatch(batches\aaaaab.batch) [including 44ms in LoadMessage; 0ms in InitializeTheta; 0ms in CreateRegularizerAgents; 44ms in InitializeSparseNdw; 376ms in InferThetaAndUpdateNwtSparse; 0ms in UpdateCacheEntry; 341ms in CalculateScore(^^^ItemsProcessedScore^^^); ]
I0114 03:16:53.061921 13780 master_component.cc:1458] RegularizeModelArgs: rwt_target_name=rwt, pwt_source_name=pwt, nwt_source_name=nwt
I0114 03:16:53.061921 13780 master_component.cc:981] MasterComponent: start regularizing model pwt
I0114 03:16:53.098901 15428 processor.cc:74] No data in processing queue, waiting...
I0114 03:16:53.188868 13780 master_component.cc:1009] MasterComponent: complete regularizing model pwt
I0114 03:16:53.188868 13780 master_component.cc:1495] DisposeModel pwt
I0114 03:16:53.197865 13780 master_component.cc:1471] NormalizeModelArgs: pwt_target_name=pwt, nwt_source_name=nwt, rwt_source_name=rwt
I0114 03:16:53.197865 13780 master_component.cc:1013] MasterComponent: start normalizing model nwt
I0114 03:16:53.294812 13780 master_component.cc:1043] MasterComponent: complete normalizing model nwt
I0114 03:16:53.405181 13780 master_component.cc:1495] DisposeModel rwt
I0114 03:16:53.433354 13780 master_component.cc:1071] FitOffline: ItemsProcessed, num_items=1728, num_batches=2, token_weight=808522, token_weight_in_effect=808522
I0114 03:16:53.434355 13780 c_interface.cc:389] Pass FitOfflineMasterModelArgs, batch_filename_size=2, batch_weight_size=2, num_collection_passes=1, reset_nwt=yes to void (__cdecl artm::core::MasterComponent::*)(class artm::FitOfflineMasterModelArgs const & __ptr64) __ptr64
I0114 03:16:53.434355 13780 master_component.cc:1420] ProcessBatchesArgs: nwt_target_name=nwt, batch_filename_size=2, batch_size=0, batch_weight_size=2, pwt_source_name=pwt, num_document_passes=10, regularizer=(name:SparsePhi_bcg, tau:100000), regularizer=(name:SparsePhi_sbj, tau:-100000), reuse_theta=no, opt_for_avx=yes, predict_class_id=, reset_nwt=yes
I0114 03:16:53.490320  9436 processor.cc:81] Processing queue has data, processing started
I0114 03:16:53.490320 15112 processor.cc:81] Processing queue has data, processing started
I0114 03:16:53.528300 15112 processor.cc:158] Processor: start processing batch e26e03e0-bcba-4689-9967-567abf48d49c into model nwt
I0114 03:16:53.555284  9436 processor.cc:158] Processor: start processing batch 97c25dd7-ba13-4952-a3f2-7a9938760194 into model nwt
I0114 03:16:54.044149 15112 processor.cc:293] Processor: complete processing batch e26e03e0-bcba-4689-9967-567abf48d49c into model nwt
I0114 03:16:54.049145 15112 cuckoo_watch.h:45] 558ms in ProcessBatch(batches\aaaaaa.batch) [including 38ms in LoadMessage; 0ms in InitializeTheta; 0ms in CreateRegularizerAgents; 22ms in InitializeSparseNdw; 249ms in InferThetaAndUpdateNwtSparse; 0ms in UpdateCacheEntry; 242ms in CalculateScore(^^^ItemsProcessedScore^^^); ]
I0114 03:16:54.089123 15112 processor.cc:74] No data in processing queue, waiting...
I0114 03:16:54.506078  9436 processor.cc:293] Processor: complete processing batch 97c25dd7-ba13-4952-a3f2-7a9938760194 into model nwt
I0114 03:16:54.515071  9436 cuckoo_watch.h:45] 1024ms in ProcessBatch(batches\aaaaab.batch) [including 65ms in LoadMessage; 0ms in InitializeTheta; 0ms in CreateRegularizerAgents; 76ms in InitializeSparseNdw; 451ms in InferThetaAndUpdateNwtSparse; 0ms in UpdateCacheEntry; 420ms in CalculateScore(^^^ItemsProcessedScore^^^); ]
I0114 03:16:54.515071 13780 master_component.cc:1458] RegularizeModelArgs: rwt_target_name=rwt, pwt_source_name=pwt, nwt_source_name=nwt
I0114 03:16:54.516069 13780 master_component.cc:981] MasterComponent: start regularizing model pwt
I0114 03:16:54.561045  9436 processor.cc:74] No data in processing queue, waiting...
I0114 03:16:54.756933 13780 master_component.cc:1009] MasterComponent: complete regularizing model pwt
I0114 03:16:54.756933 13780 master_component.cc:1495] DisposeModel pwt
I0114 03:16:54.768925 13780 master_component.cc:1471] NormalizeModelArgs: pwt_target_name=pwt, nwt_source_name=nwt, rwt_source_name=rwt
I0114 03:16:54.768925 13780 master_component.cc:1013] MasterComponent: start normalizing model nwt
I0114 03:16:54.869875 13780 master_component.cc:1043] MasterComponent: complete normalizing model nwt
I0114 03:16:54.962842 13780 master_component.cc:1495] DisposeModel rwt
I0114 03:16:54.972817 13780 master_component.cc:1071] FitOffline: ItemsProcessed, num_items=1728, num_batches=2, token_weight=808522, token_weight_in_effect=808522
I0114 03:16:54.973819 13780 c_interface.cc:389] Pass FitOfflineMasterModelArgs, batch_filename_size=2, batch_weight_size=2, num_collection_passes=1, reset_nwt=yes to void (__cdecl artm::core::MasterComponent::*)(class artm::FitOfflineMasterModelArgs const & __ptr64) __ptr64
I0114 03:16:54.973819 13780 master_component.cc:1420] ProcessBatchesArgs: nwt_target_name=nwt, batch_filename_size=2, batch_size=0, batch_weight_size=2, pwt_source_name=pwt, num_document_passes=10, regularizer=(name:SparsePhi_bcg, tau:100000), regularizer=(name:SparsePhi_sbj, tau:-100000), reuse_theta=no, opt_for_avx=yes, predict_class_id=, reset_nwt=yes
