I0116 18:59:20.083348  2072 master_component.cc:1043] MasterComponent: complete normalizing model nwt
I0116 18:59:20.186374  2072 master_component.cc:1495] DisposeModel rwt
I0116 18:59:20.195394  2072 master_component.cc:1071] FitOffline: ItemsProcessed, num_items=1728, num_batches=2, token_weight=808522, token_weight_in_effect=808522
I0116 18:59:20.206290  2072 c_interface.cc:389] Pass MasterModelConfig: topic_name_size=30, score_config_size=3, num_processors=0, pwt_name=pwt, nwt_name=nwt, num_document_passes=10, regularizer=(SparsePhi_bcg:100000), regularizer=(SparsePhi_sbj:-100000), reuse_theta=no, cache_theta=yes, opt_for_avx=yes, disk_cache_path= to void (__cdecl artm::core::MasterComponent::*)(class artm::MasterModelConfig const & __ptr64) __ptr64
I0116 18:59:20.206290  2072 instance.cc:401] MasterModelConfig.processors_count is automatically set to 4
I0116 18:59:20.206290  2072 instance.cc:232] Regularizer 'SparsePhi_bcg' was cold-reconfigured
I0116 18:59:20.206290  2072 instance.cc:232] Regularizer 'SparsePhi_sbj' was cold-reconfigured
I0116 18:59:20.308216  2072 c_interface.cc:389] Pass FitOfflineMasterModelArgs, batch_filename_size=2, batch_weight_size=2, num_collection_passes=1, reset_nwt=yes to void (__cdecl artm::core::MasterComponent::*)(class artm::FitOfflineMasterModelArgs const & __ptr64) __ptr64
I0116 18:59:20.308216  2072 master_component.cc:1420] ProcessBatchesArgs: nwt_target_name=nwt, batch_filename_size=2, batch_size=0, batch_weight_size=2, pwt_source_name=pwt, num_document_passes=10, regularizer=(name:SparsePhi_bcg, tau:100000), regularizer=(name:SparsePhi_sbj, tau:-100000), reuse_theta=no, opt_for_avx=yes, predict_class_id=, reset_nwt=yes
I0116 18:59:20.331274 10196 processor.cc:81] Processing queue has data, processing started
I0116 18:59:20.331274  6600 processor.cc:81] Processing queue has data, processing started
I0116 18:59:20.356189 10196 processor.cc:158] Processor: start processing batch 0dc09134-4302-4adf-a690-a0e4c158a005 into model nwt
I0116 18:59:20.377197  6600 processor.cc:158] Processor: start processing batch 3ce3cf84-7e82-4f51-b038-34f48fcaac0d into model nwt
I0116 18:59:20.776480 10196 processor.cc:293] Processor: complete processing batch 0dc09134-4302-4adf-a690-a0e4c158a005 into model nwt
I0116 18:59:20.779482 10196 cuckoo_watch.h:45] 448ms in ProcessBatch(batches\aaaaaa.batch) [including 24ms in LoadMessage; 0ms in InitializeTheta; 0ms in CreateRegularizerAgents; 17ms in InitializeSparseNdw; 265ms in InferThetaAndUpdateNwtSparse; 0ms in UpdateCacheEntry; 137ms in CalculateScore(^^^ItemsProcessedScore^^^); ]
I0116 18:59:20.821463 10196 processor.cc:74] No data in processing queue, waiting...
I0116 18:59:21.213335  6600 processor.cc:293] Processor: complete processing batch 3ce3cf84-7e82-4f51-b038-34f48fcaac0d into model nwt
I0116 18:59:21.220329  6600 cuckoo_watch.h:45] 889ms in ProcessBatch(batches\aaaaab.batch) [including 46ms in LoadMessage; 0ms in InitializeTheta; 0ms in CreateRegularizerAgents; 47ms in InitializeSparseNdw; 546ms in InferThetaAndUpdateNwtSparse; 0ms in UpdateCacheEntry; 240ms in CalculateScore(^^^ItemsProcessedScore^^^); ]
I0116 18:59:21.221328  2072 master_component.cc:1458] RegularizeModelArgs: rwt_target_name=rwt, pwt_source_name=pwt, nwt_source_name=nwt
I0116 18:59:21.221328  2072 master_component.cc:981] MasterComponent: start regularizing model pwt
I0116 18:59:21.271299  6600 processor.cc:74] No data in processing queue, waiting...
I0116 18:59:21.322295  2072 master_component.cc:1009] MasterComponent: complete regularizing model pwt
I0116 18:59:21.322295  2072 master_component.cc:1495] DisposeModel pwt
I0116 18:59:21.331272  2072 master_component.cc:1471] NormalizeModelArgs: pwt_target_name=pwt, nwt_source_name=nwt, rwt_source_name=rwt
I0116 18:59:21.331272  2072 master_component.cc:1013] MasterComponent: start normalizing model nwt
I0116 18:59:21.423262  2072 master_component.cc:1043] MasterComponent: complete normalizing model nwt
I0116 18:59:21.513393  2072 master_component.cc:1495] DisposeModel rwt
I0116 18:59:21.527372  2072 master_component.cc:1071] FitOffline: ItemsProcessed, num_items=1728, num_batches=2, token_weight=808522, token_weight_in_effect=808522
I0116 18:59:21.527372  2072 c_interface.cc:389] Pass FitOfflineMasterModelArgs, batch_filename_size=2, batch_weight_size=2, num_collection_passes=1, reset_nwt=yes to void (__cdecl artm::core::MasterComponent::*)(class artm::FitOfflineMasterModelArgs const & __ptr64) __ptr64
I0116 18:59:21.527372  2072 master_component.cc:1420] ProcessBatchesArgs: nwt_target_name=nwt, batch_filename_size=2, batch_size=0, batch_weight_size=2, pwt_source_name=pwt, num_document_passes=10, regularizer=(name:SparsePhi_bcg, tau:100000), regularizer=(name:SparsePhi_sbj, tau:-100000), reuse_theta=no, opt_for_avx=yes, predict_class_id=, reset_nwt=yes
I0116 18:59:21.551409  6600 processor.cc:81] Processing queue has data, processing started
I0116 18:59:21.551409 10196 processor.cc:81] Processing queue has data, processing started
I0116 18:59:21.576346 10196 processor.cc:158] Processor: start processing batch 0dc09134-4302-4adf-a690-a0e4c158a005 into model nwt
I0116 18:59:21.595337  6600 processor.cc:158] Processor: start processing batch 3ce3cf84-7e82-4f51-b038-34f48fcaac0d into model nwt
I0116 18:59:21.938163 10196 processor.cc:293] Processor: complete processing batch 0dc09134-4302-4adf-a690-a0e4c158a005 into model nwt
I0116 18:59:21.941160 10196 cuckoo_watch.h:45] 390ms in ProcessBatch(batches\aaaaaa.batch) [including 25ms in LoadMessage; 0ms in InitializeTheta; 0ms in CreateRegularizerAgents; 16ms in InitializeSparseNdw; 163ms in InferThetaAndUpdateNwtSparse; 0ms in UpdateCacheEntry; 179ms in CalculateScore(^^^ItemsProcessedScore^^^); ]
I0116 18:59:21.981139 10196 processor.cc:74] No data in processing queue, waiting...
I0116 18:59:22.229528  6600 processor.cc:293] Processor: complete processing batch 3ce3cf84-7e82-4f51-b038-34f48fcaac0d into model nwt
I0116 18:59:22.235563  6600 cuckoo_watch.h:45] 684ms in ProcessBatch(batches\aaaaab.batch) [including 44ms in LoadMessage; 0ms in InitializeTheta; 0ms in CreateRegularizerAgents; 39ms in InitializeSparseNdw; 354ms in InferThetaAndUpdateNwtSparse; 0ms in UpdateCacheEntry; 238ms in CalculateScore(^^^ItemsProcessedScore^^^); ]
I0116 18:59:22.236567  2072 master_component.cc:1458] RegularizeModelArgs: rwt_target_name=rwt, pwt_source_name=pwt, nwt_source_name=nwt
I0116 18:59:22.236567  2072 master_component.cc:981] MasterComponent: start regularizing model pwt
I0116 18:59:22.280568  6600 processor.cc:74] No data in processing queue, waiting...
I0116 18:59:22.335537  2072 master_component.cc:1009] MasterComponent: complete regularizing model pwt
I0116 18:59:22.335537  2072 master_component.cc:1495] DisposeModel pwt
I0116 18:59:22.344511  2072 master_component.cc:1471] NormalizeModelArgs: pwt_target_name=pwt, nwt_source_name=nwt, rwt_source_name=rwt
I0116 18:59:22.344511  2072 master_component.cc:1013] MasterComponent: start normalizing model nwt
I0116 18:59:22.436466  2072 master_component.cc:1043] MasterComponent: complete normalizing model nwt
I0116 18:59:22.523428  2072 master_component.cc:1495] DisposeModel rwt
I0116 18:59:22.533422  2072 master_component.cc:1071] FitOffline: ItemsProcessed, num_items=1728, num_batches=2, token_weight=808522, token_weight_in_effect=808522
I0116 18:59:22.533422  2072 c_interface.cc:389] Pass FitOfflineMasterModelArgs, batch_filename_size=2, batch_weight_size=2, num_collection_passes=1, reset_nwt=yes to void (__cdecl artm::core::MasterComponent::*)(class artm::FitOfflineMasterModelArgs const & __ptr64) __ptr64
I0116 18:59:22.533422  2072 master_component.cc:1420] ProcessBatchesArgs: nwt_target_name=nwt, batch_filename_size=2, batch_size=0, batch_weight_size=2, pwt_source_name=pwt, num_document_passes=10, regularizer=(name:SparsePhi_bcg, tau:100000), regularizer=(name:SparsePhi_sbj, tau:-100000), reuse_theta=no, opt_for_avx=yes, predict_class_id=, reset_nwt=yes
I0116 18:59:22.556407  6600 processor.cc:81] Processing queue has data, processing started
I0116 18:59:22.561404 10196 processor.cc:81] Processing queue has data, processing started
I0116 18:59:22.577407  6600 processor.cc:158] Processor: start processing batch 0dc09134-4302-4adf-a690-a0e4c158a005 into model nwt
I0116 18:59:22.602391 10196 processor.cc:158] Processor: start processing batch 3ce3cf84-7e82-4f51-b038-34f48fcaac0d into model nwt
I0116 18:59:22.904266  6600 processor.cc:293] Processor: complete processing batch 0dc09134-4302-4adf-a690-a0e4c158a005 into model nwt
I0116 18:59:22.908264  6600 cuckoo_watch.h:45] 352ms in ProcessBatch(batches\aaaaaa.batch) [including 21ms in LoadMessage; 0ms in InitializeTheta; 0ms in CreateRegularizerAgents; 16ms in InitializeSparseNdw; 153ms in InferThetaAndUpdateNwtSparse; 1ms in UpdateCacheEntry; 155ms in CalculateScore(^^^ItemsProcessedScore^^^); ]
I0116 18:59:22.959254  6600 processor.cc:74] No data in processing queue, waiting...
I0116 18:59:23.219228 10196 processor.cc:293] Processor: complete processing batch 3ce3cf84-7e82-4f51-b038-34f48fcaac0d into model nwt
I0116 18:59:23.225226 10196 cuckoo_watch.h:45] 664ms in ProcessBatch(batches\aaaaab.batch) [including 41ms in LoadMessage; 0ms in InitializeTheta; 0ms in CreateRegularizerAgents; 46ms in InitializeSparseNdw; 327ms in InferThetaAndUpdateNwtSparse; 0ms in UpdateCacheEntry; 241ms in CalculateScore(^^^ItemsProcessedScore^^^); ]
I0116 18:59:23.226254  2072 master_component.cc:1458] RegularizeModelArgs: rwt_target_name=rwt, pwt_source_name=pwt, nwt_source_name=nwt
I0116 18:59:23.226254  2072 master_component.cc:981] MasterComponent: start regularizing model pwt
I0116 18:59:23.269179 10196 processor.cc:74] No data in processing queue, waiting...
I0116 18:59:23.327148  2072 master_component.cc:1009] MasterComponent: complete regularizing model pwt
I0116 18:59:23.327148  2072 master_component.cc:1495] DisposeModel pwt
I0116 18:59:23.336145  2072 master_component.cc:1471] NormalizeModelArgs: pwt_target_name=pwt, nwt_source_name=nwt, rwt_source_name=rwt
I0116 18:59:23.336145  2072 master_component.cc:1013] MasterComponent: start normalizing model nwt
I0116 18:59:23.425597  2072 master_component.cc:1043] MasterComponent: complete normalizing model nwt
I0116 18:59:23.510547  2072 master_component.cc:1495] DisposeModel rwt
I0116 18:59:23.520541  2072 master_component.cc:1071] FitOffline: ItemsProcessed, num_items=1728, num_batches=2, token_weight=808522, token_weight_in_effect=808522
I0116 18:59:23.520541  2072 c_interface.cc:389] Pass FitOfflineMasterModelArgs, batch_filename_size=2, batch_weight_size=2, num_collection_passes=1, reset_nwt=yes to void (__cdecl artm::core::MasterComponent::*)(class artm::FitOfflineMasterModelArgs const & __ptr64) __ptr64
I0116 18:59:23.520541  2072 master_component.cc:1420] ProcessBatchesArgs: nwt_target_name=nwt, batch_filename_size=2, batch_size=0, batch_weight_size=2, pwt_source_name=pwt, num_document_passes=10, regularizer=(name:SparsePhi_bcg, tau:100000), regularizer=(name:SparsePhi_sbj, tau:-100000), reuse_theta=no, opt_for_avx=yes, predict_class_id=, reset_nwt=yes
I0116 18:59:23.545591 12172 processor.cc:81] Processing queue has data, processing started
I0116 18:59:23.545591  9120 processor.cc:81] Processing queue has data, processing started
I0116 18:59:23.573599 12172 processor.cc:158] Processor: start processing batch 0dc09134-4302-4adf-a690-a0e4c158a005 into model nwt
I0116 18:59:23.596570  9120 processor.cc:158] Processor: start processing batch 3ce3cf84-7e82-4f51-b038-34f48fcaac0d into model nwt
I0116 18:59:23.923420 12172 processor.cc:293] Processor: complete processing batch 0dc09134-4302-4adf-a690-a0e4c158a005 into model nwt
I0116 18:59:23.926427 12172 cuckoo_watch.h:45] 381ms in ProcessBatch(batches\aaaaaa.batch) [including 28ms in LoadMessage; 0ms in InitializeTheta; 0ms in CreateRegularizerAgents; 20ms in InitializeSparseNdw; 158ms in InferThetaAndUpdateNwtSparse; 0ms in UpdateCacheEntry; 169ms in CalculateScore(^^^ItemsProcessedScore^^^); ]
I0116 18:59:23.962481 12172 processor.cc:74] No data in processing queue, waiting...
I0116 18:59:24.211400  9120 processor.cc:293] Processor: complete processing batch 3ce3cf84-7e82-4f51-b038-34f48fcaac0d into model nwt
I0116 18:59:24.218396  9120 cuckoo_watch.h:45] 672ms in ProcessBatch(batches\aaaaab.batch) [including 51ms in LoadMessage; 0ms in InitializeTheta; 0ms in CreateRegularizerAgents; 46ms in InitializeSparseNdw; 328ms in InferThetaAndUpdateNwtSparse; 0ms in UpdateCacheEntry; 238ms in CalculateScore(^^^ItemsProcessedScore^^^); ]
I0116 18:59:24.220440  2072 master_component.cc:1458] RegularizeModelArgs: rwt_target_name=rwt, pwt_source_name=pwt, nwt_source_name=nwt
I0116 18:59:24.220440  2072 master_component.cc:981] MasterComponent: start regularizing model pwt
I0116 18:59:24.259421  9120 processor.cc:74] No data in processing queue, waiting...
I0116 18:59:24.320396  2072 master_component.cc:1009] MasterComponent: complete regularizing model pwt
I0116 18:59:24.320396  2072 master_component.cc:1495] DisposeModel pwt
I0116 18:59:24.329391  2072 master_component.cc:1471] NormalizeModelArgs: pwt_target_name=pwt, nwt_source_name=nwt, rwt_source_name=rwt
I0116 18:59:24.329391  2072 master_component.cc:1013] MasterComponent: start normalizing model nwt
I0116 18:59:24.418340  2072 master_component.cc:1043] MasterComponent: complete normalizing model nwt
I0116 18:59:24.504290  2072 master_component.cc:1495] DisposeModel rwt
I0116 18:59:24.514283  2072 master_component.cc:1071] FitOffline: ItemsProcessed, num_items=1728, num_batches=2, token_weight=808522, token_weight_in_effect=808522
I0116 18:59:24.514283  2072 c_interface.cc:389] Pass FitOfflineMasterModelArgs, batch_filename_size=2, batch_weight_size=2, num_collection_passes=1, reset_nwt=yes to void (__cdecl artm::core::MasterComponent::*)(class artm::FitOfflineMasterModelArgs const & __ptr64) __ptr64
I0116 18:59:24.514283  2072 master_component.cc:1420] ProcessBatchesArgs: nwt_target_name=nwt, batch_filename_size=2, batch_size=0, batch_weight_size=2, pwt_source_name=pwt, num_document_passes=10, regularizer=(name:SparsePhi_bcg, tau:100000), regularizer=(name:SparsePhi_sbj, tau:-100000), reuse_theta=no, opt_for_avx=yes, predict_class_id=, reset_nwt=yes
I0116 18:59:24.538305 10196 processor.cc:81] Processing queue has data, processing started
I0116 18:59:24.538305  6600 processor.cc:81] Processing queue has data, processing started
I0116 18:59:24.562276 10196 processor.cc:158] Processor: start processing batch 0dc09134-4302-4adf-a690-a0e4c158a005 into model nwt
I0116 18:59:24.588261  6600 processor.cc:158] Processor: start processing batch 3ce3cf84-7e82-4f51-b038-34f48fcaac0d into model nwt
I0116 18:59:24.947252 10196 processor.cc:293] Processor: complete processing batch 0dc09134-4302-4adf-a690-a0e4c158a005 into model nwt
I0116 18:59:24.950249 10196 cuckoo_watch.h:45] 412ms in ProcessBatch(batches\aaaaaa.batch) [including 24ms in LoadMessage; 0ms in InitializeTheta; 0ms in CreateRegularizerAgents; 23ms in InitializeSparseNdw; 200ms in InferThetaAndUpdateNwtSparse; 0ms in UpdateCacheEntry; 159ms in CalculateScore(^^^ItemsProcessedScore^^^); ]
I0116 18:59:24.985255 10196 processor.cc:74] No data in processing queue, waiting...
I0116 18:59:25.227707  6600 processor.cc:293] Processor: complete processing batch 3ce3cf84-7e82-4f51-b038-34f48fcaac0d into model nwt
I0116 18:59:25.234702  6600 cuckoo_watch.h:45] 696ms in ProcessBatch(batches\aaaaab.batch) [including 50ms in LoadMessage; 0ms in InitializeTheta; 0ms in CreateRegularizerAgents; 48ms in InitializeSparseNdw; 354ms in InferThetaAndUpdateNwtSparse; 0ms in UpdateCacheEntry; 235ms in CalculateScore(^^^ItemsProcessedScore^^^); ]
I0116 18:59:25.235760  2072 master_component.cc:1458] RegularizeModelArgs: rwt_target_name=rwt, pwt_source_name=pwt, nwt_source_name=nwt
I0116 18:59:25.235760  2072 master_component.cc:981] MasterComponent: start regularizing model pwt
I0116 18:59:25.269721  6600 processor.cc:74] No data in processing queue, waiting...
I0116 18:59:25.334702  2072 master_component.cc:1009] MasterComponent: complete regularizing model pwt
I0116 18:59:25.334702  2072 master_component.cc:1495] DisposeModel pwt
I0116 18:59:25.342697  2072 master_component.cc:1471] NormalizeModelArgs: pwt_target_name=pwt, nwt_source_name=nwt, rwt_source_name=rwt
I0116 18:59:25.342697  2072 master_component.cc:1013] MasterComponent: start normalizing model nwt
I0116 18:59:25.429673  2072 master_component.cc:1043] MasterComponent: complete normalizing model nwt
I0116 18:59:25.518658  2072 master_component.cc:1495] DisposeModel rwt
I0116 18:59:25.528671  2072 master_component.cc:1071] FitOffline: ItemsProcessed, num_items=1728, num_batches=2, token_weight=808522, token_weight_in_effect=808522
I0116 18:59:25.528671  2072 c_interface.cc:389] Pass FitOfflineMasterModelArgs, batch_filename_size=2, batch_weight_size=2, num_collection_passes=1, reset_nwt=yes to void (__cdecl artm::core::MasterComponent::*)(class artm::FitOfflineMasterModelArgs const & __ptr64) __ptr64
I0116 18:59:25.528671  2072 master_component.cc:1420] ProcessBatchesArgs: nwt_target_name=nwt, batch_filename_size=2, batch_size=0, batch_weight_size=2, pwt_source_name=pwt, num_document_passes=10, regularizer=(name:SparsePhi_bcg, tau:100000), regularizer=(name:SparsePhi_sbj, tau:-100000), reuse_theta=no, opt_for_avx=yes, predict_class_id=, reset_nwt=yes
I0116 18:59:25.552711 12172 processor.cc:81] Processing queue has data, processing started
I0116 18:59:25.552711  9120 processor.cc:81] Processing queue has data, processing started
I0116 18:59:25.574625 12172 processor.cc:158] Processor: start processing batch 0dc09134-4302-4adf-a690-a0e4c158a005 into model nwt
I0116 18:59:25.596634  9120 processor.cc:158] Processor: start processing batch 3ce3cf84-7e82-4f51-b038-34f48fcaac0d into model nwt
I0116 18:59:25.904647 12172 processor.cc:293] Processor: complete processing batch 0dc09134-4302-4adf-a690-a0e4c158a005 into model nwt
I0116 18:59:25.907645 12172 cuckoo_watch.h:45] 355ms in ProcessBatch(batches\aaaaaa.batch) [including 22ms in LoadMessage; 0ms in InitializeTheta; 0ms in CreateRegularizerAgents; 19ms in InitializeSparseNdw; 151ms in InferThetaAndUpdateNwtSparse; 0ms in UpdateCacheEntry; 157ms in CalculateScore(^^^ItemsProcessedScore^^^); ]
I0116 18:59:25.948741 12172 processor.cc:74] No data in processing queue, waiting...
I0116 18:59:26.195744  9120 processor.cc:293] Processor: complete processing batch 3ce3cf84-7e82-4f51-b038-34f48fcaac0d into model nwt
I0116 18:59:26.202739  9120 cuckoo_watch.h:45] 650ms in ProcessBatch(batches\aaaaab.batch) [including 44ms in LoadMessage; 0ms in InitializeTheta; 0ms in CreateRegularizerAgents; 43ms in InitializeSparseNdw; 319ms in InferThetaAndUpdateNwtSparse; 0ms in UpdateCacheEntry; 234ms in CalculateScore(^^^ItemsProcessedScore^^^); ]
I0116 18:59:26.205777  2072 master_component.cc:1458] RegularizeModelArgs: rwt_target_name=rwt, pwt_source_name=pwt, nwt_source_name=nwt
I0116 18:59:26.205777  2072 master_component.cc:981] MasterComponent: start regularizing model pwt
I0116 18:59:26.249774  9120 processor.cc:74] No data in processing queue, waiting...
I0116 18:59:26.303745  2072 master_component.cc:1009] MasterComponent: complete regularizing model pwt
I0116 18:59:26.303745  2072 master_component.cc:1495] DisposeModel pwt
I0116 18:59:26.312718  2072 master_component.cc:1471] NormalizeModelArgs: pwt_target_name=pwt, nwt_source_name=nwt, rwt_source_name=rwt
I0116 18:59:26.312718  2072 master_component.cc:1013] MasterComponent: start normalizing model nwt
I0116 18:59:26.399670  2072 master_component.cc:1043] MasterComponent: complete normalizing model nwt
I0116 18:59:26.484642  2072 master_component.cc:1495] DisposeModel rwt
I0116 18:59:26.493618  2072 master_component.cc:1071] FitOffline: ItemsProcessed, num_items=1728, num_batches=2, token_weight=808522, token_weight_in_effect=808522
I0116 18:59:26.494618  2072 c_interface.cc:389] Pass FitOfflineMasterModelArgs, batch_filename_size=2, batch_weight_size=2, num_collection_passes=1, reset_nwt=yes to void (__cdecl artm::core::MasterComponent::*)(class artm::FitOfflineMasterModelArgs const & __ptr64) __ptr64
I0116 18:59:26.494618  2072 master_component.cc:1420] ProcessBatchesArgs: nwt_target_name=nwt, batch_filename_size=2, batch_size=0, batch_weight_size=2, pwt_source_name=pwt, num_document_passes=10, regularizer=(name:SparsePhi_bcg, tau:100000), regularizer=(name:SparsePhi_sbj, tau:-100000), reuse_theta=no, opt_for_avx=yes, predict_class_id=, reset_nwt=yes
I0116 18:59:26.519650  6600 processor.cc:81] Processing queue has data, processing started
I0116 18:59:26.519650 10196 processor.cc:81] Processing queue has data, processing started
I0116 18:59:26.540588  6600 processor.cc:158] Processor: start processing batch 0dc09134-4302-4adf-a690-a0e4c158a005 into model nwt
I0116 18:59:26.562597 10196 processor.cc:158] Processor: start processing batch 3ce3cf84-7e82-4f51-b038-34f48fcaac0d into model nwt
I0116 18:59:26.893407  6600 processor.cc:293] Processor: complete processing batch 0dc09134-4302-4adf-a690-a0e4c158a005 into model nwt
I0116 18:59:26.897384  6600 cuckoo_watch.h:45] 378ms in ProcessBatch(batches\aaaaaa.batch) [including 21ms in LoadMessage; 0ms in InitializeTheta; 0ms in CreateRegularizerAgents; 18ms in InitializeSparseNdw; 162ms in InferThetaAndUpdateNwtSparse; 0ms in UpdateCacheEntry; 169ms in CalculateScore(^^^ItemsProcessedScore^^^); ]
I0116 18:59:26.939363  6600 processor.cc:74] No data in processing queue, waiting...
I0116 18:59:27.179244 10196 processor.cc:293] Processor: complete processing batch 3ce3cf84-7e82-4f51-b038-34f48fcaac0d into model nwt
I0116 18:59:27.185240 10196 cuckoo_watch.h:45] 666ms in ProcessBatch(batches\aaaaab.batch) [including 43ms in LoadMessage; 0ms in InitializeTheta; 0ms in CreateRegularizerAgents; 49ms in InitializeSparseNdw; 324ms in InferThetaAndUpdateNwtSparse; 0ms in UpdateCacheEntry; 240ms in CalculateScore(^^^ItemsProcessedScore^^^); ]
I0116 18:59:27.187407  2072 master_component.cc:1458] RegularizeModelArgs: rwt_target_name=rwt, pwt_source_name=pwt, nwt_source_name=nwt
I0116 18:59:27.187407  2072 master_component.cc:981] MasterComponent: start regularizing model pwt
I0116 18:59:27.241398 10196 processor.cc:74] No data in processing queue, waiting...
I0116 18:59:27.285374  2072 master_component.cc:1009] MasterComponent: complete regularizing model pwt
I0116 18:59:27.285374  2072 master_component.cc:1495] DisposeModel pwt
I0116 18:59:27.294348  2072 master_component.cc:1471] NormalizeModelArgs: pwt_target_name=pwt, nwt_source_name=nwt, rwt_source_name=rwt
I0116 18:59:27.294348  2072 master_component.cc:1013] MasterComponent: start normalizing model nwt
I0116 18:59:27.381319  2072 master_component.cc:1043] MasterComponent: complete normalizing model nwt
I0116 18:59:27.468269  2072 master_component.cc:1495] DisposeModel rwt
I0116 18:59:27.477263  2072 master_component.cc:1071] FitOffline: ItemsProcessed, num_items=1728, num_batches=2, token_weight=808522, token_weight_in_effect=808522
I0116 18:59:27.478243  2072 c_interface.cc:389] Pass FitOfflineMasterModelArgs, batch_filename_size=2, batch_weight_size=2, num_collection_passes=1, reset_nwt=yes to void (__cdecl artm::core::MasterComponent::*)(class artm::FitOfflineMasterModelArgs const & __ptr64) __ptr64
I0116 18:59:27.478243  2072 master_component.cc:1420] ProcessBatchesArgs: nwt_target_name=nwt, batch_filename_size=2, batch_size=0, batch_weight_size=2, pwt_source_name=pwt, num_document_passes=10, regularizer=(name:SparsePhi_bcg, tau:100000), regularizer=(name:SparsePhi_sbj, tau:-100000), reuse_theta=no, opt_for_avx=yes, predict_class_id=, reset_nwt=yes
I0116 18:59:27.501230  9120 processor.cc:81] Processing queue has data, processing started
I0116 18:59:27.501230 12172 processor.cc:81] Processing queue has data, processing started
I0116 18:59:27.524219  9120 processor.cc:158] Processor: start processing batch 0dc09134-4302-4adf-a690-a0e4c158a005 into model nwt
I0116 18:59:27.543210 12172 processor.cc:158] Processor: start processing batch 3ce3cf84-7e82-4f51-b038-34f48fcaac0d into model nwt
I0116 18:59:27.864028  9120 processor.cc:293] Processor: complete processing batch 0dc09134-4302-4adf-a690-a0e4c158a005 into model nwt
I0116 18:59:27.867036  9120 cuckoo_watch.h:45] 366ms in ProcessBatch(batches\aaaaaa.batch) [including 23ms in LoadMessage; 0ms in InitializeTheta; 0ms in CreateRegularizerAgents; 16ms in InitializeSparseNdw; 157ms in InferThetaAndUpdateNwtSparse; 0ms in UpdateCacheEntry; 164ms in CalculateScore(^^^ItemsProcessedScore^^^); ]
I0116 18:59:27.906124  9120 processor.cc:74] No data in processing queue, waiting...
I0116 18:59:28.158251 12172 processor.cc:293] Processor: complete processing batch 3ce3cf84-7e82-4f51-b038-34f48fcaac0d into model nwt
I0116 18:59:28.164244 12172 cuckoo_watch.h:45] 663ms in ProcessBatch(batches\aaaaab.batch) [including 42ms in LoadMessage; 0ms in InitializeTheta; 0ms in CreateRegularizerAgents; 46ms in InitializeSparseNdw; 325ms in InferThetaAndUpdateNwtSparse; 0ms in UpdateCacheEntry; 240ms in CalculateScore(^^^ItemsProcessedScore^^^); ]
I0116 18:59:28.165243  2072 master_component.cc:1458] RegularizeModelArgs: rwt_target_name=rwt, pwt_source_name=pwt, nwt_source_name=nwt
I0116 18:59:28.165243  2072 master_component.cc:981] MasterComponent: start regularizing model pwt
I0116 18:59:28.207201 12172 processor.cc:74] No data in processing queue, waiting...
I0116 18:59:28.267164  2072 master_component.cc:1009] MasterComponent: complete regularizing model pwt
I0116 18:59:28.267164  2072 master_component.cc:1495] DisposeModel pwt
I0116 18:59:28.276165  2072 master_component.cc:1471] NormalizeModelArgs: pwt_target_name=pwt, nwt_source_name=nwt, rwt_source_name=rwt
I0116 18:59:28.276165  2072 master_component.cc:1013] MasterComponent: start normalizing model nwt
I0116 18:59:28.365110  2072 master_component.cc:1043] MasterComponent: complete normalizing model nwt
I0116 18:59:28.450060  2072 master_component.cc:1495] DisposeModel rwt
I0116 18:59:28.460055  2072 master_component.cc:1071] FitOffline: ItemsProcessed, num_items=1728, num_batches=2, token_weight=808522, token_weight_in_effect=808522
I0116 18:59:28.461055  2072 c_interface.cc:389] Pass FitOfflineMasterModelArgs, batch_filename_size=2, batch_weight_size=2, num_collection_passes=1, reset_nwt=yes to void (__cdecl artm::core::MasterComponent::*)(class artm::FitOfflineMasterModelArgs const & __ptr64) __ptr64
I0116 18:59:28.461055  2072 master_component.cc:1420] ProcessBatchesArgs: nwt_target_name=nwt, batch_filename_size=2, batch_size=0, batch_weight_size=2, pwt_source_name=pwt, num_document_passes=10, regularizer=(name:SparsePhi_bcg, tau:100000), regularizer=(name:SparsePhi_sbj, tau:-100000), reuse_theta=no, opt_for_avx=yes, predict_class_id=, reset_nwt=yes
I0116 18:59:28.485055 12172 processor.cc:81] Processing queue has data, processing started
I0116 18:59:28.485055  6600 processor.cc:81] Processing queue has data, processing started
I0116 18:59:28.507030  6600 processor.cc:158] Processor: start processing batch 0dc09134-4302-4adf-a690-a0e4c158a005 into model nwt
I0116 18:59:28.529014 12172 processor.cc:158] Processor: start processing batch 3ce3cf84-7e82-4f51-b038-34f48fcaac0d into model nwt
I0116 18:59:28.864889  6600 processor.cc:293] Processor: complete processing batch 0dc09134-4302-4adf-a690-a0e4c158a005 into model nwt
I0116 18:59:28.867887  6600 cuckoo_watch.h:45] 383ms in ProcessBatch(batches\aaaaaa.batch) [including 22ms in LoadMessage; 0ms in InitializeTheta; 0ms in CreateRegularizerAgents; 18ms in InitializeSparseNdw; 152ms in InferThetaAndUpdateNwtSparse; 0ms in UpdateCacheEntry; 185ms in CalculateScore(^^^ItemsProcessedScore^^^); ]
I0116 18:59:28.907865  6600 processor.cc:74] No data in processing queue, waiting...
I0116 18:59:29.139784 12172 processor.cc:293] Processor: complete processing batch 3ce3cf84-7e82-4f51-b038-34f48fcaac0d into model nwt
I0116 18:59:29.144796 12172 cuckoo_watch.h:45] 660ms in ProcessBatch(batches\aaaaab.batch) [including 43ms in LoadMessage; 0ms in InitializeTheta; 0ms in CreateRegularizerAgents; 45ms in InitializeSparseNdw; 325ms in InferThetaAndUpdateNwtSparse; 0ms in UpdateCacheEntry; 239ms in CalculateScore(^^^ItemsProcessedScore^^^); ]
I0116 18:59:29.149899  2072 master_component.cc:1458] RegularizeModelArgs: rwt_target_name=rwt, pwt_source_name=pwt, nwt_source_name=nwt
I0116 18:59:29.149899  2072 master_component.cc:981] MasterComponent: start regularizing model pwt
I0116 18:59:29.187855 12172 processor.cc:74] No data in processing queue, waiting...
I0116 18:59:29.253794  2072 master_component.cc:1009] MasterComponent: complete regularizing model pwt
I0116 18:59:29.253794  2072 master_component.cc:1495] DisposeModel pwt
I0116 18:59:29.262791  2072 master_component.cc:1471] NormalizeModelArgs: pwt_target_name=pwt, nwt_source_name=nwt, rwt_source_name=rwt
I0116 18:59:29.262791  2072 master_component.cc:1013] MasterComponent: start normalizing model nwt
I0116 18:59:29.351737  2072 master_component.cc:1043] MasterComponent: complete normalizing model nwt
I0116 18:59:29.438711  2072 master_component.cc:1495] DisposeModel rwt
I0116 18:59:29.448686  2072 master_component.cc:1071] FitOffline: ItemsProcessed, num_items=1728, num_batches=2, token_weight=808522, token_weight_in_effect=808522
I0116 18:59:29.448686  2072 c_interface.cc:389] Pass FitOfflineMasterModelArgs, batch_filename_size=2, batch_weight_size=2, num_collection_passes=1, reset_nwt=yes to void (__cdecl artm::core::MasterComponent::*)(class artm::FitOfflineMasterModelArgs const & __ptr64) __ptr64
I0116 18:59:29.448686  2072 master_component.cc:1420] ProcessBatchesArgs: nwt_target_name=nwt, batch_filename_size=2, batch_size=0, batch_weight_size=2, pwt_source_name=pwt, num_document_passes=10, regularizer=(name:SparsePhi_bcg, tau:100000), regularizer=(name:SparsePhi_sbj, tau:-100000), reuse_theta=no, opt_for_avx=yes, predict_class_id=, reset_nwt=yes
I0116 18:59:29.471705 10196 processor.cc:81] Processing queue has data, processing started
I0116 18:59:29.471705 12172 processor.cc:81] Processing queue has data, processing started
I0116 18:59:29.499675 12172 processor.cc:158] Processor: start processing batch 0dc09134-4302-4adf-a690-a0e4c158a005 into model nwt
I0116 18:59:29.520645 10196 processor.cc:158] Processor: start processing batch 3ce3cf84-7e82-4f51-b038-34f48fcaac0d into model nwt
I0116 18:59:29.826488 12172 processor.cc:293] Processor: complete processing batch 0dc09134-4302-4adf-a690-a0e4c158a005 into model nwt
I0116 18:59:29.831485 12172 cuckoo_watch.h:45] 359ms in ProcessBatch(batches\aaaaaa.batch) [including 27ms in LoadMessage; 0ms in InitializeTheta; 0ms in CreateRegularizerAgents; 19ms in InitializeSparseNdw; 148ms in InferThetaAndUpdateNwtSparse; 1ms in UpdateCacheEntry; 157ms in CalculateScore(^^^ItemsProcessedScore^^^); ]
I0116 18:59:29.882455 12172 processor.cc:74] No data in processing queue, waiting...
I0116 18:59:30.116302 10196 processor.cc:293] Processor: complete processing batch 3ce3cf84-7e82-4f51-b038-34f48fcaac0d into model nwt
I0116 18:59:30.120319 10196 cuckoo_watch.h:45] 648ms in ProcessBatch(batches\aaaaab.batch) [including 49ms in LoadMessage; 0ms in InitializeTheta; 0ms in CreateRegularizerAgents; 43ms in InitializeSparseNdw; 312ms in InferThetaAndUpdateNwtSparse; 0ms in UpdateCacheEntry; 238ms in CalculateScore(^^^ItemsProcessedScore^^^); ]
I0116 18:59:30.121347  2072 master_component.cc:1458] RegularizeModelArgs: rwt_target_name=rwt, pwt_source_name=pwt, nwt_source_name=nwt
I0116 18:59:30.121347  2072 master_component.cc:981] MasterComponent: start regularizing model pwt
I0116 18:59:30.160296 10196 processor.cc:74] No data in processing queue, waiting...
I0116 18:59:30.223260  2072 master_component.cc:1009] MasterComponent: complete regularizing model pwt
I0116 18:59:30.223260  2072 master_component.cc:1495] DisposeModel pwt
I0116 18:59:30.232234  2072 master_component.cc:1471] NormalizeModelArgs: pwt_target_name=pwt, nwt_source_name=nwt, rwt_source_name=rwt
I0116 18:59:30.232234  2072 master_component.cc:1013] MasterComponent: start normalizing model nwt
I0116 18:59:30.321203  2072 master_component.cc:1043] MasterComponent: complete normalizing model nwt
I0116 18:59:30.410153  2072 master_component.cc:1495] DisposeModel rwt
I0116 18:59:30.420148  2072 master_component.cc:1071] FitOffline: ItemsProcessed, num_items=1728, num_batches=2, token_weight=808522, token_weight_in_effect=808522
I0116 18:59:30.420148  2072 c_interface.cc:389] Pass FitOfflineMasterModelArgs, batch_filename_size=2, batch_weight_size=2, num_collection_passes=1, reset_nwt=yes to void (__cdecl artm::core::MasterComponent::*)(class artm::FitOfflineMasterModelArgs const & __ptr64) __ptr64
I0116 18:59:30.420148  2072 master_component.cc:1420] ProcessBatchesArgs: nwt_target_name=nwt, batch_filename_size=2, batch_size=0, batch_weight_size=2, pwt_source_name=pwt, num_document_passes=10, regularizer=(name:SparsePhi_bcg, tau:100000), regularizer=(name:SparsePhi_sbj, tau:-100000), reuse_theta=no, opt_for_avx=yes, predict_class_id=, reset_nwt=yes
I0116 18:59:30.444172  6600 processor.cc:81] Processing queue has data, processing started
I0116 18:59:30.444172  9120 processor.cc:81] Processing queue has data, processing started
I0116 18:59:30.466100  6600 processor.cc:158] Processor: start processing batch 0dc09134-4302-4adf-a690-a0e4c158a005 into model nwt
I0116 18:59:30.488109  9120 processor.cc:158] Processor: start processing batch 3ce3cf84-7e82-4f51-b038-34f48fcaac0d into model nwt
I0116 18:59:30.819907  6600 processor.cc:293] Processor: complete processing batch 0dc09134-4302-4adf-a690-a0e4c158a005 into model nwt
I0116 18:59:30.823925  6600 cuckoo_watch.h:45] 380ms in ProcessBatch(batches\aaaaaa.batch) [including 21ms in LoadMessage; 0ms in InitializeTheta; 0ms in CreateRegularizerAgents; 20ms in InitializeSparseNdw; 168ms in InferThetaAndUpdateNwtSparse; 0ms in UpdateCacheEntry; 163ms in CalculateScore(^^^ItemsProcessedScore^^^); ]
I0116 18:59:30.871898  6600 processor.cc:74] No data in processing queue, waiting...
I0116 18:59:31.109144  9120 processor.cc:293] Processor: complete processing batch 3ce3cf84-7e82-4f51-b038-34f48fcaac0d into model nwt
I0116 18:59:31.115140  9120 cuckoo_watch.h:45] 671ms in ProcessBatch(batches\aaaaab.batch) [including 44ms in LoadMessage; 0ms in InitializeTheta; 0ms in CreateRegularizerAgents; 53ms in InitializeSparseNdw; 327ms in InferThetaAndUpdateNwtSparse; 0ms in UpdateCacheEntry; 239ms in CalculateScore(^^^ItemsProcessedScore^^^); ]
I0116 18:59:31.117168  2072 master_component.cc:1458] RegularizeModelArgs: rwt_target_name=rwt, pwt_source_name=pwt, nwt_source_name=nwt
I0116 18:59:31.117168  2072 master_component.cc:981] MasterComponent: start regularizing model pwt
I0116 18:59:31.156116  9120 processor.cc:74] No data in processing queue, waiting...
I0116 18:59:31.216183  2072 master_component.cc:1009] MasterComponent: complete regularizing model pwt
I0116 18:59:31.216183  2072 master_component.cc:1495] DisposeModel pwt
I0116 18:59:31.225178  2072 master_component.cc:1471] NormalizeModelArgs: pwt_target_name=pwt, nwt_source_name=nwt, rwt_source_name=rwt
I0116 18:59:31.225178  2072 master_component.cc:1013] MasterComponent: start normalizing model nwt
I0116 18:59:31.312147  2072 master_component.cc:1043] MasterComponent: complete normalizing model nwt
I0116 18:59:31.397214  2072 master_component.cc:1495] DisposeModel rwt
I0116 18:59:31.407187  2072 master_component.cc:1071] FitOffline: ItemsProcessed, num_items=1728, num_batches=2, token_weight=808522, token_weight_in_effect=808522
I0116 18:59:31.407187  2072 c_interface.cc:389] Pass FitOfflineMasterModelArgs, batch_filename_size=2, batch_weight_size=2, num_collection_passes=1, reset_nwt=yes to void (__cdecl artm::core::MasterComponent::*)(class artm::FitOfflineMasterModelArgs const & __ptr64) __ptr64
I0116 18:59:31.407187  2072 master_component.cc:1420] ProcessBatchesArgs: nwt_target_name=nwt, batch_filename_size=2, batch_size=0, batch_weight_size=2, pwt_source_name=pwt, num_document_passes=10, regularizer=(name:SparsePhi_bcg, tau:100000), regularizer=(name:SparsePhi_sbj, tau:-100000), reuse_theta=no, opt_for_avx=yes, predict_class_id=, reset_nwt=yes
I0116 18:59:31.431223 10196 processor.cc:81] Processing queue has data, processing started
I0116 18:59:31.431223 12172 processor.cc:81] Processing queue has data, processing started
I0116 18:59:31.453161 10196 processor.cc:158] Processor: start processing batch 0dc09134-4302-4adf-a690-a0e4c158a005 into model nwt
I0116 18:59:31.474170 12172 processor.cc:158] Processor: start processing batch 3ce3cf84-7e82-4f51-b038-34f48fcaac0d into model nwt
I0116 18:59:31.802103 10196 processor.cc:293] Processor: complete processing batch 0dc09134-4302-4adf-a690-a0e4c158a005 into model nwt
I0116 18:59:31.807118 10196 cuckoo_watch.h:45] 375ms in ProcessBatch(batches\aaaaaa.batch) [including 22ms in LoadMessage; 0ms in InitializeTheta; 0ms in CreateRegularizerAgents; 18ms in InitializeSparseNdw; 165ms in InferThetaAndUpdateNwtSparse; 0ms in UpdateCacheEntry; 164ms in CalculateScore(^^^ItemsProcessedScore^^^); ]
I0116 18:59:31.850073 10196 processor.cc:74] No data in processing queue, waiting...
I0116 18:59:32.088162 12172 processor.cc:293] Processor: complete processing batch 3ce3cf84-7e82-4f51-b038-34f48fcaac0d into model nwt
I0116 18:59:32.094158 12172 cuckoo_watch.h:45] 663ms in ProcessBatch(batches\aaaaab.batch) [including 43ms in LoadMessage; 0ms in InitializeTheta; 0ms in CreateRegularizerAgents; 48ms in InitializeSparseNdw; 321ms in InferThetaAndUpdateNwtSparse; 0ms in UpdateCacheEntry; 243ms in CalculateScore(^^^ItemsProcessedScore^^^); ]
I0116 18:59:32.095186  2072 master_component.cc:1458] RegularizeModelArgs: rwt_target_name=rwt, pwt_source_name=pwt, nwt_source_name=nwt
I0116 18:59:32.095186  2072 master_component.cc:981] MasterComponent: start regularizing model pwt
I0116 18:59:32.133136 12172 processor.cc:74] No data in processing queue, waiting...
I0116 18:59:32.194214  2072 master_component.cc:1009] MasterComponent: complete regularizing model pwt
I0116 18:59:32.194214  2072 master_component.cc:1495] DisposeModel pwt
I0116 18:59:32.203191  2072 master_component.cc:1471] NormalizeModelArgs: pwt_target_name=pwt, nwt_source_name=nwt, rwt_source_name=rwt
I0116 18:59:32.203191  2072 master_component.cc:1013] MasterComponent: start normalizing model nwt
I0116 18:59:32.292158  2072 master_component.cc:1043] MasterComponent: complete normalizing model nwt
I0116 18:59:32.378109  2072 master_component.cc:1495] DisposeModel rwt
I0116 18:59:32.388094  2072 master_component.cc:1071] FitOffline: ItemsProcessed, num_items=1728, num_batches=2, token_weight=808522, token_weight_in_effect=808522
I0116 18:59:32.388094  2072 c_interface.cc:389] Pass FitOfflineMasterModelArgs, batch_filename_size=2, batch_weight_size=2, num_collection_passes=1, reset_nwt=yes to void (__cdecl artm::core::MasterComponent::*)(class artm::FitOfflineMasterModelArgs const & __ptr64) __ptr64
I0116 18:59:32.388094  2072 master_component.cc:1420] ProcessBatchesArgs: nwt_target_name=nwt, batch_filename_size=2, batch_size=0, batch_weight_size=2, pwt_source_name=pwt, num_document_passes=10, regularizer=(name:SparsePhi_bcg, tau:100000), regularizer=(name:SparsePhi_sbj, tau:-100000), reuse_theta=no, opt_for_avx=yes, predict_class_id=, reset_nwt=yes
I0116 18:59:32.413118  9120 processor.cc:81] Processing queue has data, processing started
I0116 18:59:32.413118 12172 processor.cc:81] Processing queue has data, processing started
I0116 18:59:32.435057  9120 processor.cc:158] Processor: start processing batch 0dc09134-4302-4adf-a690-a0e4c158a005 into model nwt
I0116 18:59:32.455047 12172 processor.cc:158] Processor: start processing batch 3ce3cf84-7e82-4f51-b038-34f48fcaac0d into model nwt
I0116 18:59:32.773042  9120 processor.cc:293] Processor: complete processing batch 0dc09134-4302-4adf-a690-a0e4c158a005 into model nwt
I0116 18:59:32.776041  9120 cuckoo_watch.h:45] 363ms in ProcessBatch(batches\aaaaaa.batch) [including 22ms in LoadMessage; 0ms in InitializeTheta; 0ms in CreateRegularizerAgents; 18ms in InitializeSparseNdw; 151ms in InferThetaAndUpdateNwtSparse; 1ms in UpdateCacheEntry; 165ms in CalculateScore(^^^ItemsProcessedScore^^^); ]
I0116 18:59:32.822013  9120 processor.cc:74] No data in processing queue, waiting...
I0116 18:59:33.067055 12172 processor.cc:293] Processor: complete processing batch 3ce3cf84-7e82-4f51-b038-34f48fcaac0d into model nwt
I0116 18:59:33.073032 12172 cuckoo_watch.h:45] 660ms in ProcessBatch(batches\aaaaab.batch) [including 42ms in LoadMessage; 0ms in InitializeTheta; 0ms in CreateRegularizerAgents; 41ms in InitializeSparseNdw; 329ms in InferThetaAndUpdateNwtSparse; 0ms in UpdateCacheEntry; 239ms in CalculateScore(^^^ItemsProcessedScore^^^); ]
I0116 18:59:33.076619  2072 master_component.cc:1458] RegularizeModelArgs: rwt_target_name=rwt, pwt_source_name=pwt, nwt_source_name=nwt
I0116 18:59:33.076619  2072 master_component.cc:981] MasterComponent: start regularizing model pwt
I0116 18:59:33.113333 12172 processor.cc:74] No data in processing queue, waiting...
I0116 18:59:33.178275  2072 master_component.cc:1009] MasterComponent: complete regularizing model pwt
I0116 18:59:33.178275  2072 master_component.cc:1495] DisposeModel pwt
I0116 18:59:33.187269  2072 master_component.cc:1471] NormalizeModelArgs: pwt_target_name=pwt, nwt_source_name=nwt, rwt_source_name=rwt
I0116 18:59:33.187269  2072 master_component.cc:1013] MasterComponent: start normalizing model nwt
I0116 18:59:33.275240  2072 master_component.cc:1043] MasterComponent: complete normalizing model nwt
I0116 18:59:33.359174  2072 master_component.cc:1495] DisposeModel rwt
I0116 18:59:33.369166  2072 master_component.cc:1071] FitOffline: ItemsProcessed, num_items=1728, num_batches=2, token_weight=808522, token_weight_in_effect=808522
I0116 18:59:33.369166  2072 c_interface.cc:389] Pass FitOfflineMasterModelArgs, batch_filename_size=2, batch_weight_size=2, num_collection_passes=1, reset_nwt=yes to void (__cdecl artm::core::MasterComponent::*)(class artm::FitOfflineMasterModelArgs const & __ptr64) __ptr64
I0116 18:59:33.369166  2072 master_component.cc:1420] ProcessBatchesArgs: nwt_target_name=nwt, batch_filename_size=2, batch_size=0, batch_weight_size=2, pwt_source_name=pwt, num_document_passes=10, regularizer=(name:SparsePhi_bcg, tau:100000), regularizer=(name:SparsePhi_sbj, tau:-100000), reuse_theta=no, opt_for_avx=yes, predict_class_id=, reset_nwt=yes
I0116 18:59:33.394232  6600 processor.cc:81] Processing queue has data, processing started
I0116 18:59:33.394232 10196 processor.cc:81] Processing queue has data, processing started
I0116 18:59:33.416224 10196 processor.cc:158] Processor: start processing batch 0dc09134-4302-4adf-a690-a0e4c158a005 into model nwt
I0116 18:59:33.445209  6600 processor.cc:158] Processor: start processing batch 3ce3cf84-7e82-4f51-b038-34f48fcaac0d into model nwt
I0116 18:59:33.769024 10196 processor.cc:293] Processor: complete processing batch 0dc09134-4302-4adf-a690-a0e4c158a005 into model nwt
I0116 18:59:33.773041 10196 cuckoo_watch.h:45] 378ms in ProcessBatch(batches\aaaaaa.batch) [including 22ms in LoadMessage; 0ms in InitializeTheta; 0ms in CreateRegularizerAgents; 24ms in InitializeSparseNdw; 169ms in InferThetaAndUpdateNwtSparse; 1ms in UpdateCacheEntry; 158ms in CalculateScore(^^^ItemsProcessedScore^^^); ]
I0116 18:59:33.826010 10196 processor.cc:74] No data in processing queue, waiting...
I0116 18:59:34.067958  6600 processor.cc:293] Processor: complete processing batch 3ce3cf84-7e82-4f51-b038-34f48fcaac0d into model nwt
I0116 18:59:34.074955  6600 cuckoo_watch.h:45] 680ms in ProcessBatch(batches\aaaaab.batch) [including 51ms in LoadMessage; 0ms in InitializeTheta; 0ms in CreateRegularizerAgents; 50ms in InitializeSparseNdw; 326ms in InferThetaAndUpdateNwtSparse; 0ms in UpdateCacheEntry; 244ms in CalculateScore(^^^ItemsProcessedScore^^^); ]
I0116 18:59:34.076010  2072 master_component.cc:1458] RegularizeModelArgs: rwt_target_name=rwt, pwt_source_name=pwt, nwt_source_name=nwt
I0116 18:59:34.076010  2072 master_component.cc:981] MasterComponent: start regularizing model pwt
I0116 18:59:34.121942  6600 processor.cc:74] No data in processing queue, waiting...
I0116 18:59:34.174913  2072 master_component.cc:1009] MasterComponent: complete regularizing model pwt
I0116 18:59:34.174913  2072 master_component.cc:1495] DisposeModel pwt
I0116 18:59:34.183908  2072 master_component.cc:1471] NormalizeModelArgs: pwt_target_name=pwt, nwt_source_name=nwt, rwt_source_name=rwt
I0116 18:59:34.183908  2072 master_component.cc:1013] MasterComponent: start normalizing model nwt
I0116 18:59:34.271857  2072 master_component.cc:1043] MasterComponent: complete normalizing model nwt
I0116 18:59:34.355929  2072 master_component.cc:1495] DisposeModel rwt
I0116 18:59:34.364904  2072 master_component.cc:1071] FitOffline: ItemsProcessed, num_items=1728, num_batches=2, token_weight=808522, token_weight_in_effect=808522
I0116 18:59:34.364904  2072 c_interface.cc:389] Pass FitOfflineMasterModelArgs, batch_filename_size=2, batch_weight_size=2, num_collection_passes=1, reset_nwt=yes to void (__cdecl artm::core::MasterComponent::*)(class artm::FitOfflineMasterModelArgs const & __ptr64) __ptr64
I0116 18:59:34.365905  2072 master_component.cc:1420] ProcessBatchesArgs: nwt_target_name=nwt, batch_filename_size=2, batch_size=0, batch_weight_size=2, pwt_source_name=pwt, num_document_passes=10, regularizer=(name:SparsePhi_bcg, tau:100000), regularizer=(name:SparsePhi_sbj, tau:-100000), reuse_theta=no, opt_for_avx=yes, predict_class_id=, reset_nwt=yes
I0116 18:59:34.388923  9120 processor.cc:81] Processing queue has data, processing started
I0116 18:59:34.388923 10196 processor.cc:81] Processing queue has data, processing started
I0116 18:59:34.410878  9120 processor.cc:158] Processor: start processing batch 0dc09134-4302-4adf-a690-a0e4c158a005 into model nwt
I0116 18:59:34.436882 10196 processor.cc:158] Processor: start processing batch 3ce3cf84-7e82-4f51-b038-34f48fcaac0d into model nwt
I0116 18:59:34.733903  9120 processor.cc:293] Processor: complete processing batch 0dc09134-4302-4adf-a690-a0e4c158a005 into model nwt
I0116 18:59:34.737920  9120 cuckoo_watch.h:45] 349ms in ProcessBatch(batches\aaaaaa.batch) [including 22ms in LoadMessage; 0ms in InitializeTheta; 0ms in CreateRegularizerAgents; 21ms in InitializeSparseNdw; 150ms in InferThetaAndUpdateNwtSparse; 0ms in UpdateCacheEntry; 150ms in CalculateScore(^^^ItemsProcessedScore^^^); ]
I0116 18:59:34.788924  9120 processor.cc:74] No data in processing queue, waiting...
I0116 18:59:35.032922 10196 processor.cc:293] Processor: complete processing batch 3ce3cf84-7e82-4f51-b038-34f48fcaac0d into model nwt
I0116 18:59:35.038918 10196 cuckoo_watch.h:45] 650ms in ProcessBatch(batches\aaaaab.batch) [including 48ms in LoadMessage; 0ms in InitializeTheta; 0ms in CreateRegularizerAgents; 44ms in InitializeSparseNdw; 306ms in InferThetaAndUpdateNwtSparse; 0ms in UpdateCacheEntry; 243ms in CalculateScore(^^^ItemsProcessedScore^^^); ]
I0116 18:59:35.039917  2072 master_component.cc:1458] RegularizeModelArgs: rwt_target_name=rwt, pwt_source_name=pwt, nwt_source_name=nwt
I0116 18:59:35.039917  2072 master_component.cc:981] MasterComponent: start regularizing model pwt
I0116 18:59:35.086951 10196 processor.cc:74] No data in processing queue, waiting...
I0116 18:59:35.138921  2072 master_component.cc:1009] MasterComponent: complete regularizing model pwt
I0116 18:59:35.138921  2072 master_component.cc:1495] DisposeModel pwt
I0116 18:59:35.147951  2072 master_component.cc:1471] NormalizeModelArgs: pwt_target_name=pwt, nwt_source_name=nwt, rwt_source_name=rwt
I0116 18:59:35.147951  2072 master_component.cc:1013] MasterComponent: start normalizing model nwt
I0116 18:59:35.235920  2072 master_component.cc:1043] MasterComponent: complete normalizing model nwt
I0116 18:59:35.319929  2072 master_component.cc:1495] DisposeModel rwt
I0116 18:59:35.329903  2072 master_component.cc:1071] FitOffline: ItemsProcessed, num_items=1728, num_batches=2, token_weight=808522, token_weight_in_effect=808522
I0116 18:59:35.347894  2072 c_interface.cc:231] ArtmCopyRequestedMessage is copying 546927 bytes...
I0116 18:59:35.611842  2072 c_interface.cc:231] ArtmCopyRequestedMessage is copying 546927 bytes...
I0116 18:59:35.898677  2072 c_interface.cc:231] ArtmCopyRequestedMessage is copying 546927 bytes...
I0116 18:59:36.187526  2072 c_interface.cc:231] ArtmCopyRequestedMessage is copying 546927 bytes...
I0116 18:59:36.466383  2072 c_interface.cc:231] ArtmCopyRequestedMessage is copying 546927 bytes...
I0116 18:59:36.784191  2072 c_interface.cc:231] ArtmCopyRequestedMessage is copying 546927 bytes...
I0116 18:59:37.084543  2072 c_interface.cc:231] ArtmCopyRequestedMessage is copying 546927 bytes...
I0116 18:59:37.353363  2072 c_interface.cc:231] ArtmCopyRequestedMessage is copying 546927 bytes...
I0116 18:59:37.662343  2072 c_interface.cc:231] ArtmCopyRequestedMessage is copying 546927 bytes...
I0116 18:59:37.956166  2072 c_interface.cc:231] ArtmCopyRequestedMessage is copying 546927 bytes...
I0116 18:59:38.242506  2072 c_interface.cc:231] ArtmCopyRequestedMessage is copying 546927 bytes...
I0116 18:59:38.537348  2072 c_interface.cc:231] ArtmCopyRequestedMessage is copying 546927 bytes...
I0116 18:59:38.841411  2072 c_interface.cc:231] ArtmCopyRequestedMessage is copying 546927 bytes...
I0116 18:59:39.114428  2072 c_interface.cc:231] ArtmCopyRequestedMessage is copying 546927 bytes...
I0116 18:59:39.385382  2072 c_interface.cc:231] ArtmCopyRequestedMessage is copying 546927 bytes...
I0116 18:59:39.701205  2072 c_interface.cc:231] ArtmCopyRequestedMessage is copying 546927 bytes...
